Archive member included because of file (symbol)

C:\Users\dalex\AppData\Local\arduino\cores\65f3c8272c88b8acb16a1f86b70060c0\core.a(HardwareSerial.cpp.o)
                              C:\Users\dalex\AppData\Local\arduino\sketches\059C72163B544ABDC6D6787E70D3EFDB\core\board.cpp.o (HardwareSerial::HardwareSerial(usart_dev*, unsigned char, unsigned char))
C:\Users\dalex\AppData\Local\arduino\cores\65f3c8272c88b8acb16a1f86b70060c0\core.a(Print.cpp.o)
                              C:\Users\dalex\AppData\Local\arduino\sketches\059C72163B544ABDC6D6787E70D3EFDB\libraries\LiquidCrystal\LiquidCrystal.cpp.o (Print::write(void const*, unsigned long))
C:\Users\dalex\AppData\Local\arduino\cores\65f3c8272c88b8acb16a1f86b70060c0\core.a(cxxabi-compat.cpp.o)
                              C:\Users\dalex\AppData\Local\arduino\cores\65f3c8272c88b8acb16a1f86b70060c0\core.a(HardwareSerial.cpp.o) (__cxa_pure_virtual)
C:\Users\dalex\AppData\Local\arduino\cores\65f3c8272c88b8acb16a1f86b70060c0\core.a(adc.c.o)
                              C:\Users\dalex\AppData\Local\arduino\sketches\059C72163B544ABDC6D6787E70D3EFDB\core\wirish\boards.cpp.o (adc_set_sample_rate)
C:\Users\dalex\AppData\Local\arduino\cores\65f3c8272c88b8acb16a1f86b70060c0\core.a(adc_f1.c.o)
                              (__irq_adc)
C:\Users\dalex\AppData\Local\arduino\cores\65f3c8272c88b8acb16a1f86b70060c0\core.a(dma.c.o)
                              C:\Users\dalex\AppData\Local\arduino\sketches\059C72163B544ABDC6D6787E70D3EFDB\libraries\SPI\SPI.cpp.o (dma_init)
C:\Users\dalex\AppData\Local\arduino\cores\65f3c8272c88b8acb16a1f86b70060c0\core.a(dma_f1.c.o)
                              C:\Users\dalex\AppData\Local\arduino\sketches\059C72163B544ABDC6D6787E70D3EFDB\libraries\SPI\SPI.cpp.o (dma_set_priority)
C:\Users\dalex\AppData\Local\arduino\cores\65f3c8272c88b8acb16a1f86b70060c0\core.a(exc.S.o)
                              (__exc_nmi)
C:\Users\dalex\AppData\Local\arduino\cores\65f3c8272c88b8acb16a1f86b70060c0\core.a(exti.c.o)
                              (__irq_exti0)
C:\Users\dalex\AppData\Local\arduino\cores\65f3c8272c88b8acb16a1f86b70060c0\core.a(exti_f1.c.o)
                              C:\Users\dalex\AppData\Local\arduino\cores\65f3c8272c88b8acb16a1f86b70060c0\core.a(exti.c.o) (exti_select)
C:\Users\dalex\AppData\Local\arduino\cores\65f3c8272c88b8acb16a1f86b70060c0\core.a(flash.c.o)
                              C:\Users\dalex\AppData\Local\arduino\sketches\059C72163B544ABDC6D6787E70D3EFDB\core\wirish\boards.cpp.o (flash_set_latency)
C:\Users\dalex\AppData\Local\arduino\cores\65f3c8272c88b8acb16a1f86b70060c0\core.a(gpio_f1.c.o)
                              C:\Users\dalex\AppData\Local\arduino\sketches\059C72163B544ABDC6D6787E70D3EFDB\core\wirish\boards_setup.cpp.o (gpio_init_all)
C:\Users\dalex\AppData\Local\arduino\cores\65f3c8272c88b8acb16a1f86b70060c0\core.a(i2c_f1.c.o)
                              (__irq_i2c1_ev)
C:\Users\dalex\AppData\Local\arduino\cores\65f3c8272c88b8acb16a1f86b70060c0\core.a(nvic.c.o)
                              C:\Users\dalex\AppData\Local\arduino\cores\65f3c8272c88b8acb16a1f86b70060c0\core.a(i2c_f1.c.o) (nvic_irq_set_priority)
C:\Users\dalex\AppData\Local\arduino\cores\65f3c8272c88b8acb16a1f86b70060c0\core.a(rcc.c.o)
                              C:\Users\dalex\AppData\Local\arduino\sketches\059C72163B544ABDC6D6787E70D3EFDB\libraries\SPI\SPI.cpp.o (rcc_dev_clk)
C:\Users\dalex\AppData\Local\arduino\cores\65f3c8272c88b8acb16a1f86b70060c0\core.a(rcc_f1.c.o)
                              C:\Users\dalex\AppData\Local\arduino\sketches\059C72163B544ABDC6D6787E70D3EFDB\core\wirish\boards.cpp.o (rcc_configure_pll)
C:\Users\dalex\AppData\Local\arduino\cores\65f3c8272c88b8acb16a1f86b70060c0\core.a(spi.c.o)
                              C:\Users\dalex\AppData\Local\arduino\sketches\059C72163B544ABDC6D6787E70D3EFDB\libraries\SPI\SPI.cpp.o (spi_init)
C:\Users\dalex\AppData\Local\arduino\cores\65f3c8272c88b8acb16a1f86b70060c0\core.a(spi_f1.c.o)
                              C:\Users\dalex\AppData\Local\arduino\sketches\059C72163B544ABDC6D6787E70D3EFDB\libraries\SPI\SPI.cpp.o (spi_config_gpios)
C:\Users\dalex\AppData\Local\arduino\cores\65f3c8272c88b8acb16a1f86b70060c0\core.a(isrs.S.o)
                              (__stm32reservedexception7)
C:\Users\dalex\AppData\Local\arduino\cores\65f3c8272c88b8acb16a1f86b70060c0\core.a(vector_table.S.o)
                              (__stm32_vector_table)
C:\Users\dalex\AppData\Local\arduino\cores\65f3c8272c88b8acb16a1f86b70060c0\core.a(systick.c.o)
                              C:\Users\dalex\AppData\Local\arduino\sketches\059C72163B544ABDC6D6787E70D3EFDB\core\wirish\boards.cpp.o (systick_init)
C:\Users\dalex\AppData\Local\arduino\cores\65f3c8272c88b8acb16a1f86b70060c0\core.a(timer.c.o)
                              C:\Users\dalex\AppData\Local\arduino\sketches\059C72163B544ABDC6D6787E70D3EFDB\core\wirish\boards.cpp.o (timer_foreach)
[...]
Memory Configuration

Name             Origin             Length             Attributes
ram              0x20000000         0x00005000         xrw
rom              0x08000000         0x00020000         xr
*default*        0x00000000         0xffffffff

Linker script and memory map

LOAD c:/users/dalex/appdata/local/arduino15/packages/arduino/tools/arm-none-eabi-gcc/4.8.3-2014q1/bin/../lib/gcc/arm-none-eabi/4.8.3/armv7-m/crti.o
LOAD c:/users/dalex/appdata/local/arduino15/packages/arduino/tools/arm-none-eabi-gcc/4.8.3-2014q1/bin/../lib/gcc/arm-none-eabi/4.8.3/armv7-m/crtbegin.o
LOAD c:/users/dalex/appdata/local/arduino15/packages/arduino/tools/arm-none-eabi-gcc/4.8.3-2014q1/bin/../lib/gcc/arm-none-eabi/4.8.3/../../../../arm-none-eabi/lib/armv7-m/crt0.o
LOAD c:/users/dalex/appdata/local/arduino15/packages/arduino/tools/arm-none-eabi-gcc/4.8.3-2014q1/bin/../lib/gcc/arm-none-eabi/4.8.3/armv7-m\libgcc.a
START GROUP
LOAD C:\Users\dalex\AppData\Local\arduino\sketches\059C72163B544ABDC6D6787E70D3EFDB\sketch\Cafetera.ino.cpp.o
LOAD C:\Users\dalex\AppData\Local\arduino\sketches\059C72163B544ABDC6D6787E70D3EFDB\libraries\LiquidCrystal\LiquidCrystal.cpp.o
LOAD C:\Users\dalex\AppData\Local\arduino\sketches\059C72163B544ABDC6D6787E70D3EFDB\libraries\MD_Parola\MD_PZone.cpp.o
LOAD C:\Users\dalex\AppData\Local\arduino\sketches\059C72163B544ABDC6D6787E70D3EFDB\libraries\MD_Parola\MD_Parola.cpp.o
LOAD C:\Users\dalex\AppData\Local\arduino\sketches\059C72163B544ABDC6D6787E70D3EFDB\libraries\MD_Parola\MD_Parola_Blinds.cpp.o
LOAD C:\Users\dalex\AppData\Local\arduino\sketches\059C72163B544ABDC6D6787E70D3EFDB\libraries\MD_Parola\MD_Parola_Close.cpp.o
LOAD C:\Users\dalex\AppData\Local\arduino\sketches\059C72163B544ABDC6D6787E70D3EFDB\libraries\MD_Parola\MD_Parola_Diag.cpp.o
LOAD C:\Users\dalex\AppData\Local\arduino\sketches\059C72163B544ABDC6D6787E70D3EFDB\libraries\MD_Parola\MD_Parola_Dissolve.cpp.o
LOAD C:\Users\dalex\AppData\Local\arduino\sketches\059C72163B544ABDC6D6787E70D3EFDB\libraries\MD_Parola\MD_Parola_Fade.cpp.o
LOAD C:\Users\dalex\AppData\Local\arduino\sketches\059C72163B544ABDC6D6787E70D3EFDB\libraries\MD_Parola\MD_Parola_Grow.cpp.o
LOAD C:\Users\dalex\AppData\Local\arduino\sketches\059C72163B544ABDC6D6787E70D3EFDB\libraries\MD_Parola\MD_Parola_HScroll.cpp.o
LOAD C:\Users\dalex\AppData\Local\arduino\sketches\059C72163B544ABDC6D6787E70D3EFDB\libraries\MD_Parola\MD_Parola_Mesh.cpp.o
LOAD C:\Users\dalex\AppData\Local\arduino\sketches\059C72163B544ABDC6D6787E70D3EFDB\libraries\MD_Parola\MD_Parola_Open.cpp.o
LOAD C:\Users\dalex\AppData\Local\arduino\sketches\059C72163B544ABDC6D6787E70D3EFDB\libraries\MD_Parola\MD_Parola_Print.cpp.o
LOAD C:\Users\dalex\AppData\Local\arduino\sketches\059C72163B544ABDC6D6787E70D3EFDB\libraries\MD_Parola\MD_Parola_Random.cpp.o
LOAD C:\Users\dalex\AppData\Local\arduino\sketches\059C72163B544ABDC6D6787E70D3EFDB\libraries\MD_Parola\MD_Parola_Scan.cpp.o
LOAD C:\Users\dalex\AppData\Local\arduino\sketches\059C72163B544ABDC6D6787E70D3EFDB\libraries\MD_Parola\MD_Parola_Slice.cpp.o
LOAD C:\Users\dalex\AppData\Local\arduino\sketches\059C72163B544ABDC6D6787E70D3EFDB\libraries\MD_Parola\MD_Parola_Sprite.cpp.o
LOAD C:\Users\dalex\AppData\Local\arduino\sketches\059C72163B544ABDC6D6787E70D3EFDB\libraries\MD_Parola\MD_Parola_VScroll.cpp.o
LOAD C:\Users\dalex\AppData\Local\arduino\sketches\059C72163B544ABDC6D6787E70D3EFDB\libraries\MD_Parola\MD_Parola_Wipe.cpp.o
LOAD C:\Users\dalex\AppData\Local\arduino\sketches\059C72163B544ABDC6D6787E70D3EFDB\libraries\MD_MAX72XX\MD_MAX72xx.cpp.o
LOAD C:\Users\dalex\AppData\Local\arduino\sketches\059C72163B544ABDC6D6787E70D3EFDB\libraries\MD_MAX72XX\MD_MAX72xx_buf.cpp.o
LOAD C:\Users\dalex\AppData\Local\arduino\sketches\059C72163B544ABDC6D6787E70D3EFDB\libraries\MD_MAX72XX\MD_MAX72xx_font.cpp.o
LOAD C:\Users\dalex\AppData\Local\arduino\sketches\059C72163B544ABDC6D6787E70D3EFDB\libraries\MD_MAX72XX\MD_MAX72xx_pix.cpp.o
LOAD C:\Users\dalex\AppData\Local\arduino\sketches\059C72163B544ABDC6D6787E70D3EFDB\libraries\SPI\SPI.cpp.o
LOAD C:\Users\dalex\AppData\Local\arduino\sketches\059C72163B544ABDC6D6787E70D3EFDB\core\board.cpp.o
LOAD C:\Users\dalex\AppData\Local\arduino\sketches\059C72163B544ABDC6D6787E70D3EFDB\core\wirish\boards.cpp.o
LOAD C:\Users\dalex\AppData\Local\arduino\sketches\059C72163B544ABDC6D6787E70D3EFDB\core\wirish\boards_setup.cpp.o
LOAD C:\Users\dalex\AppData\Local\arduino\sketches\059C72163B544ABDC6D6787E70D3EFDB\core\wirish\start.S.o
LOAD C:\Users\dalex\AppData\Local\arduino\sketches\059C72163B544ABDC6D6787E70D3EFDB\core\wirish\start_c.c.o
LOAD C:\Users\dalex\AppData\Local\arduino\sketches\059C72163B544ABDC6D6787E70D3EFDB\core\wirish\syscalls.c.o
LOAD C:\Users\dalex\AppData\Local\arduino\cores\65f3c8272c88b8acb16a1f86b70060c0\core.a
END GROUP
LOAD c:/users/dalex/appdata/local/arduino15/packages/arduino/tools/arm-none-eabi-gcc/4.8.3-2014q1/bin/../lib/gcc/arm-none-eabi/4.8.3/../../../../arm-none-eabi/lib/armv7-m\libstdc++_s.a
LOAD c:/users/dalex/appdata/local/arduino15/packages/arduino/tools/arm-none-eabi-gcc/4.8.3-2014q1/bin/../lib/gcc/arm-none-eabi/4.8.3/../../../../arm-none-eabi/lib/armv7-m\libm.a
START GROUP
LOAD c:/users/dalex/appdata/local/arduino15/packages/arduino/tools/arm-none-eabi-gcc/4.8.3-2014q1/bin/../lib/gcc/arm-none-eabi/4.8.3/armv7-m\libgcc.a
LOAD c:/users/dalex/appdata/local/arduino15/packages/arduino/tools/arm-none-eabi-gcc/4.8.3-2014q1/bin/../lib/gcc/arm-none-eabi/4.8.3/../../../../arm-none-eabi/lib/armv7-m\libc_s.a
END GROUP
START GROUP
LOAD c:/users/dalex/appdata/local/arduino15/packages/arduino/tools/arm-none-eabi-gcc/4.8.3-2014q1/bin/../lib/gcc/arm-none-eabi/4.8.3/armv7-m\libgcc.a
LOAD c:/users/dalex/appdata/local/arduino15/packages/arduino/tools/arm-none-eabi-gcc/4.8.3-2014q1/bin/../lib/gcc/arm-none-eabi/4.8.3/../../../../arm-none-eabi/lib/armv7-m\libc_s.a
END GROUP
LOAD c:/users/dalex/appdata/local/arduino15/packages/arduino/tools/arm-none-eabi-gcc/4.8.3-2014q1/bin/../lib/gcc/arm-none-eabi/4.8.3/armv7-m/crtend.o
LOAD c:/users/dalex/appdata/local/arduino15/packages/arduino/tools/arm-none-eabi-gcc/4.8.3-2014q1/bin/../lib/gcc/arm-none-eabi/4.8.3/armv7-m/crtn.o
START GROUP
LOAD c:/users/dalex/appdata/local/arduino15/packages/arduino/tools/arm-none-eabi-gcc/4.8.3-2014q1/bin/../lib/gcc/arm-none-eabi/4.8.3/armv7-m\libgcc.a
LOAD c:/users/dalex/appdata/local/arduino15/packages/arduino/tools/arm-none-eabi-gcc/4.8.3-2014q1/bin/../lib/gcc/arm-none-eabi/4.8.3/../../../../arm-none-eabi/lib/armv7-m\libc.a
LOAD c:/users/dalex/appdata/local/arduino15/packages/arduino/tools/arm-none-eabi-gcc/4.8.3-2014q1/bin/../lib/gcc/arm-none-eabi/4.8.3/../../../../arm-none-eabi/lib/armv7-m\libm.a
END GROUP
START GROUP
LOAD c:/users/dalex/appdata/local/arduino15/packages/arduino/tools/arm-none-eabi-gcc/4.8.3-2014q1/bin/../lib/gcc/arm-none-eabi/4.8.3/../../../../arm-none-eabi/lib/armv7-m\libnosys.a
END GROUP
                0x20005000                PROVIDE (__msp_init, (ORIGIN (ram) + 0x5000))
                0x08001580                PROVIDE (__exc_reset, __start__)

.text           0x08000000     0x4090
                0x08000000                __text_start__ = .
 *(.stm32.interrupt_vector)
 .stm32.interrupt_vector
                0x08000000       0xec C:\Users\dalex\AppData\Local\arduino\cores\65f3c8272c88b8acb16a1f86b70060c0\core.a(vector_table.S.o)
                0x08000000                __stm32_vector_table
 *(.text .text.* .gnu.linkonce.t.*)
 .text          0x080000ec       0x54 c:/users/dalex/appdata/local/arduino15/packages/arduino/tools/arm-none-eabi-gcc/4.8.3-2014q1/bin/../lib/gcc/arm-none-eabi/4.8.3/armv7-m/crtbegin.o
 .text._ZN10MD_MAX72XX5clearEv
                0x08000140        0xc C:\Users\dalex\AppData\Local\arduino\sketches\059C72163B544ABDC6D6787E70D3EFDB\sketch\Cafetera.ino.cpp.o
                0x08000140                MD_MAX72XX::clear()
 .text._Z15actualizarNivelv
                0x0800014c       0x74 C:\Users\dalex\AppData\Local\arduino\sketches\059C72163B544ABDC6D6787E70D3EFDB\sketch\Cafetera.ino.cpp.o
                0x0800014c                actualizarNivel()
 .text._Z5setupv
                0x080001c0       0x9c C:\Users\dalex\AppData\Local\arduino\sketches\059C72163B544ABDC6D6787E70D3EFDB\sketch\Cafetera.ino.cpp.o
                0x080001c0                setup()
 .text._Z16prepararCafeRealv
                0x0800025c      0x12c C:\Users\dalex\AppData\Local\arduino\sketches\059C72163B544ABDC6D6787E70D3EFDB\sketch\Cafetera.ino.cpp.o
                0x0800025c                prepararCafeReal()
 .text._Z17seleccionarAzucarv
                0x08000388       0xd4 C:\Users\dalex\AppData\Local\arduino\sketches\059C72163B544ABDC6D6787E70D3EFDB\sketch\Cafetera.ino.cpp.o
                0x08000388                seleccionarAzucar()
 .text._Z12prepararCafev
                0x0800045c      0x12c C:\Users\dalex\AppData\Local\arduino\sketches\059C72163B544ABDC6D6787E70D3EFDB\sketch\Cafetera.ino.cpp.o
                0x0800045c                prepararCafe()
 .text._Z17modoConfiguracionv
                0x08000588      0x160 C:\Users\dalex\AppData\Local\arduino\sketches\059C72163B544ABDC6D6787E70D3EFDB\sketch\Cafetera.ino.cpp.o
                0x08000588                modoConfiguracion()
 .text._Z4loopv
                0x080006e8       0x24 C:\Users\dalex\AppData\Local\arduino\sketches\059C72163B544ABDC6D6787E70D3EFDB\sketch\Cafetera.ino.cpp.o
                0x080006e8                loop()
 .text.startup._GLOBAL__sub_I_matrixAzucar
                0x0800070c       0x44 C:\Users\dalex\AppData\Local\arduino\sketches\059C72163B544ABDC6D6787E70D3EFDB\sketch\Cafetera.ino.cpp.o
 .text.exit._GLOBAL__sub_D_matrixAzucar
                0x08000750       0x1c C:\Users\dalex\AppData\Local\arduino\sketches\059C72163B544ABDC6D6787E70D3EFDB\sketch\Cafetera.ino.cpp.o
 .text._ZN13LiquidCrystalC2Ehhhhhh
                0x0800076c       0x3c C:\Users\dalex\AppData\Local\arduino\sketches\059C72163B544ABDC6D6787E70D3EFDB\libraries\LiquidCrystal\LiquidCrystal.cpp.o
                0x0800076c                LiquidCrystal::LiquidCrystal(unsigned char, unsigned char, unsigned char, unsigned char, unsigned char, unsigned char)
                0x0800076c                LiquidCrystal::LiquidCrystal(unsigned char, unsigned char, unsigned char, unsigned char, unsigned char, unsigned char)
 .text._ZN13LiquidCrystal11pulseEnableEv
                0x080007a8       0x54 C:\Users\dalex\AppData\Local\arduino\sketches\059C72163B544ABDC6D6787E70D3EFDB\libraries\LiquidCrystal\LiquidCrystal.cpp.o
                0x080007a8                LiquidCrystal::pulseEnable()
 .text._ZN13LiquidCrystal10write4bitsEh
                0x080007fc       0x28 C:\Users\dalex\AppData\Local\arduino\sketches\059C72163B544ABDC6D6787E70D3EFDB\libraries\LiquidCrystal\LiquidCrystal.cpp.o
                0x080007fc                LiquidCrystal::write4bits(unsigned char)
 .text._ZN13LiquidCrystal10write8bitsEh
                0x08000824       0x28 C:\Users\dalex\AppData\Local\arduino\sketches\059C72163B544ABDC6D6787E70D3EFDB\libraries\LiquidCrystal\LiquidCrystal.cpp.o
                0x08000824                LiquidCrystal::write8bits(unsigned char)
 .text._ZN13LiquidCrystal4sendEhh
                0x0800084c       0x3e C:\Users\dalex\AppData\Local\arduino\sketches\059C72163B544ABDC6D6787E70D3EFDB\libraries\LiquidCrystal\LiquidCrystal.cpp.o
                0x0800084c                LiquidCrystal::send(unsigned char, unsigned char)
 .text._ZN13LiquidCrystal7commandEh
                0x0800088a        0x6 C:\Users\dalex\AppData\Local\arduino\sketches\059C72163B544ABDC6D6787E70D3EFDB\libraries\LiquidCrystal\LiquidCrystal.cpp.o
                0x0800088a                LiquidCrystal::command(unsigned char)
 .text._ZN13LiquidCrystal5clearEv
                0x08000890       0x12 C:\Users\dalex\AppData\Local\arduino\sketches\059C72163B544ABDC6D6787E70D3EFDB\libraries\LiquidCrystal\LiquidCrystal.cpp.o
                0x08000890                LiquidCrystal::clear()
 *fill*         0x080008a2        0x2 
 .text._ZN13LiquidCrystal9setCursorEhh
                0x080008a4       0x40 C:\Users\dalex\AppData\Local\arduino\sketches\059C72163B544ABDC6D6787E70D3EFDB\libraries\LiquidCrystal\LiquidCrystal.cpp.o
                0x080008a4                LiquidCrystal::setCursor(unsigned char, unsigned char)
 .text._ZN13LiquidCrystal7displayEv
                0x080008e4       0x14 C:\Users\dalex\AppData\Local\arduino\sketches\059C72163B544ABDC6D6787E70D3EFDB\libraries\LiquidCrystal\LiquidCrystal.cpp.o
                0x080008e4                LiquidCrystal::display()
 .text._ZN13LiquidCrystal5beginEhhh
                0x080008f8      0x112 C:\Users\dalex\AppData\Local\arduino\sketches\059C72163B544ABDC6D6787E70D3EFDB\libraries\LiquidCrystal\LiquidCrystal.cpp.o
                0x080008f8                LiquidCrystal::begin(unsigned char, unsigned char, unsigned char)
 .text._ZN13LiquidCrystal5writeEh
                0x08000a0a        0xc C:\Users\dalex\AppData\Local\arduino\sketches\059C72163B544ABDC6D6787E70D3EFDB\libraries\LiquidCrystal\LiquidCrystal.cpp.o
                0x08000a0a                LiquidCrystal::write(unsigned char)
 .text._ZN10MD_MAX72XX19setModuleParametersENS_12moduleType_tE
                0x08000a16       0x5a C:\Users\dalex\AppData\Local\arduino\sketches\059C72163B544ABDC6D6787E70D3EFDB\libraries\MD_MAX72XX\MD_MAX72xx.cpp.o
                0x08000a16                MD_MAX72XX::setModuleParameters(MD_MAX72XX::moduleType_t)
 .text._ZN10MD_MAX72XXC2ENS_12moduleType_tEah
                0x08000a70       0x28 C:\Users\dalex\AppData\Local\arduino\sketches\059C72163B544ABDC6D6787E70D3EFDB\libraries\MD_MAX72XX\MD_MAX72xx.cpp.o
                0x08000a70                MD_MAX72XX::MD_MAX72XX(MD_MAX72XX::moduleType_t, signed char, unsigned char)
                0x08000a70                MD_MAX72XX::MD_MAX72XX(MD_MAX72XX::moduleType_t, signed char, unsigned char)
 .text._ZN10MD_MAX72XXD2Ev
                0x08000a98       0x1e C:\Users\dalex\AppData\Local\arduino\sketches\059C72163B544ABDC6D6787E70D3EFDB\libraries\MD_MAX72XX\MD_MAX72xx.cpp.o
                0x08000a98                MD_MAX72XX::~MD_MAX72XX()
                0x08000a98                MD_MAX72XX::~MD_MAX72XX()
 .text._ZN10MD_MAX72XX15controlHardwareEhNS_16controlRequest_tEi
                0x08000ab6       0x64 C:\Users\dalex\AppData\Local\arduino\sketches\059C72163B544ABDC6D6787E70D3EFDB\libraries\MD_MAX72XX\MD_MAX72xx.cpp.o
                0x08000ab6                MD_MAX72XX::controlHardware(unsigned char, MD_MAX72XX::controlRequest_t, int)
 .text._ZN10MD_MAX72XX14spiClearBufferEv
                0x08000b1a        0xc C:\Users\dalex\AppData\Local\arduino\sketches\059C72163B544ABDC6D6787E70D3EFDB\libraries\MD_MAX72XX\MD_MAX72xx.cpp.o
                0x08000b1a                MD_MAX72XX::spiClearBuffer()
 *fill*         0x08000b26        0x2 
 .text._ZN10MD_MAX72XX7spiSendEv
                0x08000b28       0xb4 C:\Users\dalex\AppData\Local\arduino\sketches\059C72163B544ABDC6D6787E70D3EFDB\libraries\MD_MAX72XX\MD_MAX72xx.cpp.o
                0x08000b28                MD_MAX72XX::spiSend()
 .text._ZN10MD_MAX72XX14flushBufferAllEv
                0x08000bdc       0x82 C:\Users\dalex\AppData\Local\arduino\sketches\059C72163B544ABDC6D6787E70D3EFDB\libraries\MD_MAX72XX\MD_MAX72xx.cpp.o
                0x08000bdc                MD_MAX72XX::flushBufferAll()
 .text._ZN10MD_MAX72XX14controlLibraryENS_16controlRequest_tEi
                0x08000c5e       0x2c C:\Users\dalex\AppData\Local\arduino\sketches\059C72163B544ABDC6D6787E70D3EFDB\libraries\MD_MAX72XX\MD_MAX72xx.cpp.o
                0x08000c5e                MD_MAX72XX::controlLibrary(MD_MAX72XX::controlRequest_t, int)
 .text._ZN10MD_MAX72XX7controlEhhNS_16controlRequest_tEi
                0x08000c8a       0x4a C:\Users\dalex\AppData\Local\arduino\sketches\059C72163B544ABDC6D6787E70D3EFDB\libraries\MD_MAX72XX\MD_MAX72xx.cpp.o
                0x08000c8a                MD_MAX72XX::control(unsigned char, unsigned char, MD_MAX72XX::controlRequest_t, int)
 .text._ZN10MD_MAX72XX7controlENS_16controlRequest_tEi
                0x08000cd4       0x16 C:\Users\dalex\AppData\Local\arduino\sketches\059C72163B544ABDC6D6787E70D3EFDB\libraries\MD_MAX72XX\MD_MAX72xx.cpp.o
                0x08000cd4                MD_MAX72XX::control(MD_MAX72XX::controlRequest_t, int)
 *fill*         0x08000cea        0x2 
 .text._ZN10MD_MAX72XX5beginEv
                0x08000cec       0xb8 C:\Users\dalex\AppData\Local\arduino\sketches\059C72163B544ABDC6D6787E70D3EFDB\libraries\MD_MAX72XX\MD_MAX72xx.cpp.o
                0x08000cec                MD_MAX72XX::begin()
 .text._ZN10MD_MAX72XX11flushBufferEh
                0x08000da4       0x64 C:\Users\dalex\AppData\Local\arduino\sketches\059C72163B544ABDC6D6787E70D3EFDB\libraries\MD_MAX72XX\MD_MAX72xx.cpp.o
                0x08000da4                MD_MAX72XX::flushBuffer(unsigned char)
 .text._ZN10MD_MAX72XX18setFontInfoDefaultEv
                0x08000e08       0x1a C:\Users\dalex\AppData\Local\arduino\sketches\059C72163B544ABDC6D6787E70D3EFDB\libraries\MD_MAX72XX\MD_MAX72xx_font.cpp.o
                0x08000e08                MD_MAX72XX::setFontInfoDefault()
 .text._ZN10MD_MAX72XX12getFontWidthEv
                0x08000e22       0x2c C:\Users\dalex\AppData\Local\arduino\sketches\059C72163B544ABDC6D6787E70D3EFDB\libraries\MD_MAX72XX\MD_MAX72xx_font.cpp.o
                0x08000e22                MD_MAX72XX::getFontWidth()
 .text._ZN10MD_MAX72XX12loadFontInfoEv
                0x08000e4e       0x60 C:\Users\dalex\AppData\Local\arduino\sketches\059C72163B544ABDC6D6787E70D3EFDB\libraries\MD_MAX72XX\MD_MAX72xx_font.cpp.o
                0x08000e4e                MD_MAX72XX::loadFontInfo()
 *fill*         0x08000eae        0x2 
 .text._ZN10MD_MAX72XX7setFontEPKh
                0x08000eb0       0x20 C:\Users\dalex\AppData\Local\arduino\sketches\059C72163B544ABDC6D6787E70D3EFDB\libraries\MD_MAX72XX\MD_MAX72xx_font.cpp.o
                0x08000eb0                MD_MAX72XX::setFont(unsigned char const*)
 .text._ZN10MD_MAX72XX5clearEhh
                0x08000ed0       0x40 C:\Users\dalex\AppData\Local\arduino\sketches\059C72163B544ABDC6D6787E70D3EFDB\libraries\MD_MAX72XX\MD_MAX72xx_pix.cpp.o
                0x08000ed0                MD_MAX72XX::clear(unsigned char, unsigned char)
 .text._ZN10MD_MAX72XX8setPointEhtb
                0x08000f10      0x152 C:\Users\dalex\AppData\Local\arduino\sketches\059C72163B544ABDC6D6787E70D3EFDB\libraries\MD_MAX72XX\MD_MAX72xx_pix.cpp.o
                0x08000f10                MD_MAX72XX::setPoint(unsigned char, unsigned short, bool)
 .text._ZL12waitSpiTxEndP7spi_dev
                0x08001062       0x10 C:\Users\dalex\AppData\Local\arduino\sketches\059C72163B544ABDC6D6787E70D3EFDB\libraries\SPI\SPI.cpp.o
 .text._ZL11disable_pwmPK14stm32_pin_info
                0x08001072       0x10 C:\Users\dalex\AppData\Local\arduino\sketches\059C72163B544ABDC6D6787E70D3EFDB\libraries\SPI\SPI.cpp.o
 *fill*         0x08001082        0x2 
 .text._ZL15dev_to_spi_pinsP7spi_dev.isra.8
                0x08001084       0x1c C:\Users\dalex\AppData\Local\arduino\sketches\059C72163B544ABDC6D6787E70D3EFDB\libraries\SPI\SPI.cpp.o
 .text._ZL15configure_gpiosP7spi_devb
                0x080010a0       0x84 C:\Users\dalex\AppData\Local\arduino\sketches\059C72163B544ABDC6D6787E70D3EFDB\libraries\SPI\SPI.cpp.o
 .text._ZL19determine_baud_rateP7spi_devm.isra.9
                0x08001124       0x3c C:\Users\dalex\AppData\Local\arduino\sketches\059C72163B544ABDC6D6787E70D3EFDB\libraries\SPI\SPI.cpp.o
 .text._ZN8SPIClassC2Em
                0x08001160       0xa8 C:\Users\dalex\AppData\Local\arduino\sketches\059C72163B544ABDC6D6787E70D3EFDB\libraries\SPI\SPI.cpp.o
                0x08001160                SPIClass::SPIClass(unsigned long)
                0x08001160                SPIClass::SPIClass(unsigned long)
 .text._ZN8SPIClass14updateSettingsEv
                0x08001208       0x24 C:\Users\dalex\AppData\Local\arduino\sketches\059C72163B544ABDC6D6787E70D3EFDB\libraries\SPI\SPI.cpp.o
                0x08001208                SPIClass::updateSettings()
 .text._ZN8SPIClass5beginEv
                0x0800122c       0x24 C:\Users\dalex\AppData\Local\arduino\sketches\059C72163B544ABDC6D6787E70D3EFDB\libraries\SPI\SPI.cpp.o
                0x0800122c                SPIClass::begin()
 .text._ZN8SPIClass3endEv
                0x08001250       0x38 C:\Users\dalex\AppData\Local\arduino\sketches\059C72163B544ABDC6D6787E70D3EFDB\libraries\SPI\SPI.cpp.o
                0x08001250                SPIClass::end()
 .text._ZN8SPIClass15setClockDividerEm
                0x08001288       0x18 C:\Users\dalex\AppData\Local\arduino\sketches\059C72163B544ABDC6D6787E70D3EFDB\libraries\SPI\SPI.cpp.o
                0x08001288                SPIClass::setClockDivider(unsigned long)
 .text._ZN8SPIClass11setBitOrderE8BitOrder
                0x080012a0       0x18 C:\Users\dalex\AppData\Local\arduino\sketches\059C72163B544ABDC6D6787E70D3EFDB\libraries\SPI\SPI.cpp.o
                0x080012a0                SPIClass::setBitOrder(BitOrder)
 .text._ZN8SPIClass11setDataSizeEm
                0x080012b8       0x30 C:\Users\dalex\AppData\Local\arduino\sketches\059C72163B544ABDC6D6787E70D3EFDB\libraries\SPI\SPI.cpp.o
                0x080012b8                SPIClass::setDataSize(unsigned long)
 .text._ZN8SPIClass11setDataModeEh
                0x080012e8       0x1a C:\Users\dalex\AppData\Local\arduino\sketches\059C72163B544ABDC6D6787E70D3EFDB\libraries\SPI\SPI.cpp.o
                0x080012e8                SPIClass::setDataMode(unsigned char)
 .text._ZN8SPIClass16beginTransactionEh11SPISettings
                0x08001302       0x46 C:\Users\dalex\AppData\Local\arduino\sketches\059C72163B544ABDC6D6787E70D3EFDB\libraries\SPI\SPI.cpp.o
                0x08001302                SPIClass::beginTransaction(unsigned char, SPISettings)
 .text._ZN8SPIClass14endTransactionEv
                0x08001348        0x2 C:\Users\dalex\AppData\Local\arduino\sketches\059C72163B544ABDC6D6787E70D3EFDB\libraries\SPI\SPI.cpp.o
                0x08001348                SPIClass::endTransaction()
 .text._ZNK8SPIClass8transferEh
                0x0800134a       0x1a C:\Users\dalex\AppData\Local\arduino\sketches\059C72163B544ABDC6D6787E70D3EFDB\libraries\SPI\SPI.cpp.o
                0x0800134a                SPIClass::transfer(unsigned char) const
 .text.startup._GLOBAL__sub_I__ZN8SPIClassC2Em
                0x08001364        0xc C:\Users\dalex\AppData\Local\arduino\sketches\059C72163B544ABDC6D6787E70D3EFDB\libraries\SPI\SPI.cpp.o
 .text._Z9boardInitv
                0x08001370       0x30 C:\Users\dalex\AppData\Local\arduino\sketches\059C72163B544ABDC6D6787E70D3EFDB\core\board.cpp.o
                0x08001370                boardInit()
 .text.startup._GLOBAL__sub_I__Z9boardInitv
                0x080013a0       0x48 C:\Users\dalex\AppData\Local\arduino\sketches\059C72163B544ABDC6D6787E70D3EFDB\core\board.cpp.o
 .text._ZL18adc_default_configP7adc_dev
                0x080013e8       0x1c C:\Users\dalex\AppData\Local\arduino\sketches\059C72163B544ABDC6D6787E70D3EFDB\core\wirish\boards.cpp.o
 .text._ZL20timer_default_configP9timer_dev
                0x08001404       0x9e C:\Users\dalex\AppData\Local\arduino\sketches\059C72163B544ABDC6D6787E70D3EFDB\core\wirish\boards.cpp.o
 *fill*         0x080014a2        0x2 
 .text._Z4initv
                0x080014a4       0xa8 C:\Users\dalex\AppData\Local\arduino\sketches\059C72163B544ABDC6D6787E70D3EFDB\core\wirish\boards.cpp.o
                0x080014a4                init()
 .text._ZN6wirish4priv15board_reset_pllEv
                0x0800154c        0x2 C:\Users\dalex\AppData\Local\arduino\sketches\059C72163B544ABDC6D6787E70D3EFDB\core\wirish\boards_setup.cpp.o
                0x0800154c                wirish::priv::board_reset_pll()
 .text._ZN6wirish4priv28board_setup_clock_prescalersEv
                0x0800154e       0x26 C:\Users\dalex\AppData\Local\arduino\sketches\059C72163B544ABDC6D6787E70D3EFDB\core\wirish\boards_setup.cpp.o
                0x0800154e                wirish::priv::board_setup_clock_prescalers()
 .text._ZN6wirish4priv16board_setup_gpioEv
                0x08001574        0x4 C:\Users\dalex\AppData\Local\arduino\sketches\059C72163B544ABDC6D6787E70D3EFDB\core\wirish\boards_setup.cpp.o
                0x08001574                wirish::priv::board_setup_gpio()
 .text._ZN6wirish4priv15board_setup_usbEv
                0x08001578        0x2 C:\Users\dalex\AppData\Local\arduino\sketches\059C72163B544ABDC6D6787E70D3EFDB\core\wirish\boards_setup.cpp.o
                0x08001578                wirish::priv::board_setup_usb()
 .text._ZN6wirish4priv11series_initEv
                0x0800157a        0x4 C:\Users\dalex\AppData\Local\arduino\sketches\059C72163B544ABDC6D6787E70D3EFDB\core\wirish\boards_setup.cpp.o
                0x0800157a                wirish::priv::series_init()
 *fill*         0x0800157e        0x2 
 .text          0x08001580       0x10 C:\Users\dalex\AppData\Local\arduino\sketches\059C72163B544ABDC6D6787E70D3EFDB\core\wirish\start.S.o
                0x08001580                __start__
 .text.start_c  0x08001590       0x64 C:\Users\dalex\AppData\Local\arduino\sketches\059C72163B544ABDC6D6787E70D3EFDB\core\wirish\start_c.c.o
                0x08001590                start_c
 .text._sbrk    0x080015f4       0x44 C:\Users\dalex\AppData\Local\arduino\sketches\059C72163B544ABDC6D6787E70D3EFDB\core\wirish\syscalls.c.o
                0x080015f4                _sbrk
 .text._exit    0x08001638        0x2 C:\Users\dalex\AppData\Local\arduino\sketches\059C72163B544ABDC6D6787E70D3EFDB\core\wirish\syscalls.c.o
                0x08001638                _exit
 .text.rb_full_count
                0x0800163a       0x22 C:\Users\dalex\AppData\Local\arduino\cores\65f3c8272c88b8acb16a1f86b70060c0\core.a(HardwareSerial.cpp.o)
 .text._ZN14HardwareSerial4readEv
                0x0800165c       0x3a C:\Users\dalex\AppData\Local\arduino\cores\65f3c8272c88b8acb16a1f86b70060c0\core.a(HardwareSerial.cpp.o)
                0x0800165c                HardwareSerial::read()
 .text._ZN14HardwareSerial9availableEv
                0x08001696        0xc C:\Users\dalex\AppData\Local\arduino\cores\65f3c8272c88b8acb16a1f86b70060c0\core.a(HardwareSerial.cpp.o)
                0x08001696                HardwareSerial::available()
 .text._ZN14HardwareSerial4peekEv
                0x080016a2       0x22 C:\Users\dalex\AppData\Local\arduino\cores\65f3c8272c88b8acb16a1f86b70060c0\core.a(HardwareSerial.cpp.o)
                0x080016a2                HardwareSerial::peek()
 .text._ZN14HardwareSerial5flushEv
                0x080016c4       0x1a C:\Users\dalex\AppData\Local\arduino\cores\65f3c8272c88b8acb16a1f86b70060c0\core.a(HardwareSerial.cpp.o)
                0x080016c4                HardwareSerial::flush()
 .text._ZN14HardwareSerial5writeEh
                0x080016de       0x1e C:\Users\dalex\AppData\Local\arduino\cores\65f3c8272c88b8acb16a1f86b70060c0\core.a(HardwareSerial.cpp.o)
                0x080016de                HardwareSerial::write(unsigned char)
 .text._ZN14HardwareSerialC2EP9usart_devhh
                0x080016fc       0x1c C:\Users\dalex\AppData\Local\arduino\cores\65f3c8272c88b8acb16a1f86b70060c0\core.a(HardwareSerial.cpp.o)
                0x080016fc                HardwareSerial::HardwareSerial(usart_dev*, unsigned char, unsigned char)
                0x080016fc                HardwareSerial::HardwareSerial(usart_dev*, unsigned char, unsigned char)
 .text._ZN5Print5writeEPKvm
                0x08001718       0x20 C:\Users\dalex\AppData\Local\arduino\cores\65f3c8272c88b8acb16a1f86b70060c0\core.a(Print.cpp.o)
                0x08001718                Print::write(void const*, unsigned long)
 .text._ZN5Print5writeEPKc
                0x08001738       0x1e C:\Users\dalex\AppData\Local\arduino\cores\65f3c8272c88b8acb16a1f86b70060c0\core.a(Print.cpp.o)
                0x08001738                Print::write(char const*)
 .text._ZN5Print5printEc
                0x08001756        0xa C:\Users\dalex\AppData\Local\arduino\cores\65f3c8272c88b8acb16a1f86b70060c0\core.a(Print.cpp.o)
                0x08001756                Print::print(char)
 .text._ZN5Print5printEPKc
                0x08001760        0xa C:\Users\dalex\AppData\Local\arduino\cores\65f3c8272c88b8acb16a1f86b70060c0\core.a(Print.cpp.o)
                0x08001760                Print::print(char const*)
 .text._ZN5Print11printNumberEyh
                0x0800176a       0x84 C:\Users\dalex\AppData\Local\arduino\cores\65f3c8272c88b8acb16a1f86b70060c0\core.a(Print.cpp.o)
                0x0800176a                Print::printNumber(unsigned long long, unsigned char)
 .text._ZN5Print5printExi
                0x080017ee       0x32 C:\Users\dalex\AppData\Local\arduino\cores\65f3c8272c88b8acb16a1f86b70060c0\core.a(Print.cpp.o)
                0x080017ee                Print::print(long long, int)
 .text._ZN5Print5printEii
                0x08001820       0x12 C:\Users\dalex\AppData\Local\arduino\cores\65f3c8272c88b8acb16a1f86b70060c0\core.a(Print.cpp.o)
                0x08001820                Print::print(int, int)
 .text.adc_init
                0x08001832       0x14 C:\Users\dalex\AppData\Local\arduino\cores\65f3c8272c88b8acb16a1f86b70060c0\core.a(adc.c.o)
                0x08001832                adc_init
 .text.adc_set_extsel
                0x08001846       0x12 C:\Users\dalex\AppData\Local\arduino\cores\65f3c8272c88b8acb16a1f86b70060c0\core.a(adc.c.o)
                0x08001846                adc_set_extsel
 .text.adc_set_sample_rate
                0x08001858       0x30 C:\Users\dalex\AppData\Local\arduino\cores\65f3c8272c88b8acb16a1f86b70060c0\core.a(adc.c.o)
                0x08001858                adc_set_sample_rate
 .text.__irq_adc
                0x08001888       0x50 C:\Users\dalex\AppData\Local\arduino\cores\65f3c8272c88b8acb16a1f86b70060c0\core.a(adc_f1.c.o)
                0x08001888                __irq_adc
 .text.adc_calibrate
                0x080018d8       0x24 C:\Users\dalex\AppData\Local\arduino\cores\65f3c8272c88b8acb16a1f86b70060c0\core.a(adc_f1.c.o)
                0x080018d8                adc_calibrate
 .text.adc_set_prescaler
                0x080018fc        0x8 C:\Users\dalex\AppData\Local\arduino\cores\65f3c8272c88b8acb16a1f86b70060c0\core.a(adc_f1.c.o)
                0x080018fc                adc_set_prescaler
 .text.adc_foreach
                0x08001904       0x1c C:\Users\dalex\AppData\Local\arduino\cores\65f3c8272c88b8acb16a1f86b70060c0\core.a(adc_f1.c.o)
                0x08001904                adc_foreach
 .text.adc_enable_single_swstart
                0x08001920       0x36 C:\Users\dalex\AppData\Local\arduino\cores\65f3c8272c88b8acb16a1f86b70060c0\core.a(adc_f1.c.o)
                0x08001920                adc_enable_single_swstart
 .text.dma_irq_handler
                0x08001956       0x1c C:\Users\dalex\AppData\Local\arduino\cores\65f3c8272c88b8acb16a1f86b70060c0\core.a(dma_f1.c.o)
 *fill*         0x08001972        0x2 
 .text.__irq_dma1_channel1
                0x08001974       0x10 C:\Users\dalex\AppData\Local\arduino\cores\65f3c8272c88b8acb16a1f86b70060c0\core.a(dma_f1.c.o)
                0x08001974                __irq_dma1_channel1
 .text.__irq_dma1_channel2
                0x08001984       0x10 C:\Users\dalex\AppData\Local\arduino\cores\65f3c8272c88b8acb16a1f86b70060c0\core.a(dma_f1.c.o)
                0x08001984                __irq_dma1_channel2
 .text.__irq_dma1_channel3
                0x08001994       0x10 C:\Users\dalex\AppData\Local\arduino\cores\65f3c8272c88b8acb16a1f86b70060c0\core.a(dma_f1.c.o)
                0x08001994                __irq_dma1_channel3
 .text.__irq_dma1_channel4
                0x080019a4       0x10 C:\Users\dalex\AppData\Local\arduino\cores\65f3c8272c88b8acb16a1f86b70060c0\core.a(dma_f1.c.o)
                0x080019a4                __irq_dma1_channel4
 .text.__irq_dma1_channel5
                0x080019b4       0x10 C:\Users\dalex\AppData\Local\arduino\cores\65f3c8272c88b8acb16a1f86b70060c0\core.a(dma_f1.c.o)
                0x080019b4                __irq_dma1_channel5
 .text.__irq_dma1_channel6
                0x080019c4       0x10 C:\Users\dalex\AppData\Local\arduino\cores\65f3c8272c88b8acb16a1f86b70060c0\core.a(dma_f1.c.o)
                0x080019c4                __irq_dma1_channel6
 .text.__irq_dma1_channel7
                0x080019d4       0x10 C:\Users\dalex\AppData\Local\arduino\cores\65f3c8272c88b8acb16a1f86b70060c0\core.a(dma_f1.c.o)
                0x080019d4                __irq_dma1_channel7
 *fill*         0x080019e4        0xc 
 .text          0x080019f0       0x60 C:\Users\dalex\AppData\Local\arduino\cores\65f3c8272c88b8acb16a1f86b70060c0\core.a(exc.S.o)
                0x080019f0                __exc_nmi
                0x080019f4                __exc_hardfault
                0x080019f8                __exc_memmanage
                0x080019fc                __exc_busfault
                0x08001a00                __exc_usagefault
 .text.dispatch_single_exti
                0x08001a50       0x2c C:\Users\dalex\AppData\Local\arduino\cores\65f3c8272c88b8acb16a1f86b70060c0\core.a(exti.c.o)
                0x08001a50                dispatch_single_exti
 .text.dispatch_extis
                0x08001a7c       0x4c C:\Users\dalex\AppData\Local\arduino\cores\65f3c8272c88b8acb16a1f86b70060c0\core.a(exti.c.o)
                0x08001a7c                dispatch_extis
 .text.__irq_exti0
                0x08001ac8        0x6 C:\Users\dalex\AppData\Local\arduino\cores\65f3c8272c88b8acb16a1f86b70060c0\core.a(exti.c.o)
                0x08001ac8                __irq_exti0
 .text.__irq_exti1
                0x08001ace        0x6 C:\Users\dalex\AppData\Local\arduino\cores\65f3c8272c88b8acb16a1f86b70060c0\core.a(exti.c.o)
                0x08001ace                __irq_exti1
 .text.__irq_exti2
                0x08001ad4        0x6 C:\Users\dalex\AppData\Local\arduino\cores\65f3c8272c88b8acb16a1f86b70060c0\core.a(exti.c.o)
                0x08001ad4                __irq_exti2
 .text.__irq_exti3
                0x08001ada        0x6 C:\Users\dalex\AppData\Local\arduino\cores\65f3c8272c88b8acb16a1f86b70060c0\core.a(exti.c.o)
                0x08001ada                __irq_exti3
 .text.__irq_exti4
                0x08001ae0        0x6 C:\Users\dalex\AppData\Local\arduino\cores\65f3c8272c88b8acb16a1f86b70060c0\core.a(exti.c.o)
                0x08001ae0                __irq_exti4
 .text.__irq_exti9_5
                0x08001ae6        0x8 C:\Users\dalex\AppData\Local\arduino\cores\65f3c8272c88b8acb16a1f86b70060c0\core.a(exti.c.o)
                0x08001ae6                __irq_exti9_5
 .text.__irq_exti15_10
                0x08001aee        0x8 C:\Users\dalex\AppData\Local\arduino\cores\65f3c8272c88b8acb16a1f86b70060c0\core.a(exti.c.o)
                0x08001aee                __irq_exti15_10
 *fill*         0x08001af6        0x2 
 .text.flash_set_latency
                0x08001af8       0x14 C:\Users\dalex\AppData\Local\arduino\cores\65f3c8272c88b8acb16a1f86b70060c0\core.a(flash.c.o)
                0x08001af8                flash_set_latency
 .text.gpio_init_all
                0x08001b0c       0x30 C:\Users\dalex\AppData\Local\arduino\cores\65f3c8272c88b8acb16a1f86b70060c0\core.a(gpio_f1.c.o)
                0x08001b0c                gpio_init_all
 .text.gpio_set_mode
                0x08001b3c       0x50 C:\Users\dalex\AppData\Local\arduino\cores\65f3c8272c88b8acb16a1f86b70060c0\core.a(gpio_f1.c.o)
                0x08001b3c                gpio_set_mode
 .text.afio_init
                0x08001b8c       0x12 C:\Users\dalex\AppData\Local\arduino\cores\65f3c8272c88b8acb16a1f86b70060c0\core.a(gpio_f1.c.o)
                0x08001b8c                afio_init
 *fill*         0x08001b9e        0x2 
 .text.afio_remap
                0x08001ba0       0x20 C:\Users\dalex\AppData\Local\arduino\cores\65f3c8272c88b8acb16a1f86b70060c0\core.a(gpio_f1.c.o)
                0x08001ba0                afio_remap
 .text.__irq_i2c1_ev
                0x08001bc0        0xc C:\Users\dalex\AppData\Local\arduino\cores\65f3c8272c88b8acb16a1f86b70060c0\core.a(i2c_f1.c.o)
                0x08001bc0                __irq_i2c1_ev
 .text.__irq_i2c2_ev
                0x08001bcc        0xc C:\Users\dalex\AppData\Local\arduino\cores\65f3c8272c88b8acb16a1f86b70060c0\core.a(i2c_f1.c.o)
                0x08001bcc                __irq_i2c2_ev
 .text.__irq_i2c1_er
                0x08001bd8        0xc C:\Users\dalex\AppData\Local\arduino\cores\65f3c8272c88b8acb16a1f86b70060c0\core.a(i2c_f1.c.o)
                0x08001bd8                __irq_i2c1_er
 .text.__irq_i2c2_er
                0x08001be4        0xc C:\Users\dalex\AppData\Local\arduino\cores\65f3c8272c88b8acb16a1f86b70060c0\core.a(i2c_f1.c.o)
                0x08001be4                __irq_i2c2_er
 .text.nvic_irq_set_priority
                0x08001bf0       0x28 C:\Users\dalex\AppData\Local\arduino\cores\65f3c8272c88b8acb16a1f86b70060c0\core.a(nvic.c.o)
                0x08001bf0                nvic_irq_set_priority
 .text.nvic_init
                0x08001c18       0x30 C:\Users\dalex\AppData\Local\arduino\cores\65f3c8272c88b8acb16a1f86b70060c0\core.a(nvic.c.o)
                0x08001c18                nvic_init
 .text.rcc_dev_clk
                0x08001c48        0xc C:\Users\dalex\AppData\Local\arduino\cores\65f3c8272c88b8acb16a1f86b70060c0\core.a(rcc.c.o)
                0x08001c48                rcc_dev_clk
 .text.rcc_switch_sysclk
                0x08001c54       0x20 C:\Users\dalex\AppData\Local\arduino\cores\65f3c8272c88b8acb16a1f86b70060c0\core.a(rcc.c.o)
                0x08001c54                rcc_switch_sysclk
 .text.rcc_turn_on_clk
                0x08001c74       0x1a C:\Users\dalex\AppData\Local\arduino\cores\65f3c8272c88b8acb16a1f86b70060c0\core.a(rcc.c.o)
                0x08001c74                rcc_turn_on_clk
 .text.rcc_turn_off_clk
                0x08001c8e       0x1c C:\Users\dalex\AppData\Local\arduino\cores\65f3c8272c88b8acb16a1f86b70060c0\core.a(rcc.c.o)
                0x08001c8e                rcc_turn_off_clk
 .text.rcc_is_clk_ready
                0x08001caa       0x18 C:\Users\dalex\AppData\Local\arduino\cores\65f3c8272c88b8acb16a1f86b70060c0\core.a(rcc.c.o)
                0x08001caa                rcc_is_clk_ready
 *fill*         0x08001cc2        0x2 
 .text.rcc_configure_pll
                0x08001cc4       0x18 C:\Users\dalex\AppData\Local\arduino\cores\65f3c8272c88b8acb16a1f86b70060c0\core.a(rcc_f1.c.o)
                0x08001cc4                rcc_configure_pll
 .text.rcc_clk_enable
                0x08001cdc       0x30 C:\Users\dalex\AppData\Local\arduino\cores\65f3c8272c88b8acb16a1f86b70060c0\core.a(rcc_f1.c.o)
                0x08001cdc                rcc_clk_enable
 .text.rcc_reset_dev
                0x08001d0c       0x34 C:\Users\dalex\AppData\Local\arduino\cores\65f3c8272c88b8acb16a1f86b70060c0\core.a(rcc_f1.c.o)
                0x08001d0c                rcc_reset_dev
 .text.rcc_set_prescaler
                0x08001d40       0x20 C:\Users\dalex\AppData\Local\arduino\cores\65f3c8272c88b8acb16a1f86b70060c0\core.a(rcc_f1.c.o)
                0x08001d40                rcc_set_prescaler
 .text.rcc_clk_disable
                0x08001d60       0x30 C:\Users\dalex\AppData\Local\arduino\cores\65f3c8272c88b8acb16a1f86b70060c0\core.a(rcc_f1.c.o)
                0x08001d60                rcc_clk_disable
 .text.bb_peri_set_bit
                0x08001d90        0xe C:\Users\dalex\AppData\Local\arduino\cores\65f3c8272c88b8acb16a1f86b70060c0\core.a(spi.c.o)
 .text.spi_init
                0x08001d9e       0x14 C:\Users\dalex\AppData\Local\arduino\cores\65f3c8272c88b8acb16a1f86b70060c0\core.a(spi.c.o)
                0x08001d9e                spi_init
 .text.spi_peripheral_enable
                0x08001db2        0xa C:\Users\dalex\AppData\Local\arduino\cores\65f3c8272c88b8acb16a1f86b70060c0\core.a(spi.c.o)
                0x08001db2                spi_peripheral_enable
 .text.spi_peripheral_disable
                0x08001dbc        0xa C:\Users\dalex\AppData\Local\arduino\cores\65f3c8272c88b8acb16a1f86b70060c0\core.a(spi.c.o)
                0x08001dbc                spi_peripheral_disable
 .text.spi_reconfigure
                0x08001dc6       0x2c C:\Users\dalex\AppData\Local\arduino\cores\65f3c8272c88b8acb16a1f86b70060c0\core.a(spi.c.o)
 .text.spi_master_enable
                0x08001df2        0xc C:\Users\dalex\AppData\Local\arduino\cores\65f3c8272c88b8acb16a1f86b70060c0\core.a(spi.c.o)
                0x08001df2                spi_master_enable
 .text.spi_config_gpios
                0x08001dfe       0x5a C:\Users\dalex\AppData\Local\arduino\cores\65f3c8272c88b8acb16a1f86b70060c0\core.a(spi_f1.c.o)
                0x08001dfe                spi_config_gpios
 .text          0x08001e58        0x2 C:\Users\dalex\AppData\Local\arduino\cores\65f3c8272c88b8acb16a1f86b70060c0\core.a(isrs.S.o)
                0x08001e58                __stm32reservedexception9
                0x08001e58                __exc_debug_monitor
                0x08001e58                __exc_svc
                0x08001e58                __irq_can_rx1
                0x08001e58                __irq_spi2
                0x08001e58                __irq_can_sce
                0x08001e58                __irq_pvd
                0x08001e58                __irq_tamper
                0x08001e58                __default_handler
                0x08001e58                __irq_wwdg
                0x08001e58                __stm32reservedexception10
                0x08001e58                __irq_flash
                0x08001e58                __stm32reservedexception13
                0x08001e58                __irq_rtc
                0x08001e58                __irq_spi1
                0x08001e58                __stm32reservedexception7
                0x08001e58                __irq_usb_hp_can_tx
                0x08001e58                __irq_rtcalarm
                0x08001e58                __stm32reservedexception8
                0x08001e58                __exc_pendsv
                0x08001e58                __irq_usbwakeup
                0x08001e58                __irq_rcc
 *fill*         0x08001e5a        0x2 
 .text.systick_init
                0x08001e5c       0x10 C:\Users\dalex\AppData\Local\arduino\cores\65f3c8272c88b8acb16a1f86b70060c0\core.a(systick.c.o)
                0x08001e5c                systick_init
 .text.__exc_systick
                0x08001e6c       0x1c C:\Users\dalex\AppData\Local\arduino\cores\65f3c8272c88b8acb16a1f86b70060c0\core.a(systick.c.o)
                0x08001e6c                __exc_systick
 .text.timer_oc_set_mode
                0x08001e88       0x3a C:\Users\dalex\AppData\Local\arduino\cores\65f3c8272c88b8acb16a1f86b70060c0\core.a(timer.c.o)
 .text.dispatch_general
                0x08001ec2       0x66 C:\Users\dalex\AppData\Local\arduino\cores\65f3c8272c88b8acb16a1f86b70060c0\core.a(timer.c.o)
 .text.timer_cc_enable
                0x08001f28       0x1c C:\Users\dalex\AppData\Local\arduino\cores\65f3c8272c88b8acb16a1f86b70060c0\core.a(timer.c.o)
 .text.timer_foreach
                0x08001f44       0x28 C:\Users\dalex\AppData\Local\arduino\cores\65f3c8272c88b8acb16a1f86b70060c0\core.a(timer.c.o)
                0x08001f44                timer_foreach
 .text.timer_init
                0x08001f6c       0x14 C:\Users\dalex\AppData\Local\arduino\cores\65f3c8272c88b8acb16a1f86b70060c0\core.a(timer.c.o)
                0x08001f6c                timer_init
 .text.timer_has_cc_channel
                0x08001f80       0x30 C:\Users\dalex\AppData\Local\arduino\cores\65f3c8272c88b8acb16a1f86b70060c0\core.a(timer.c.o)
                0x08001f80                timer_has_cc_channel
 .text.timer_detach_interrupt
                0x08001fb0       0x1e C:\Users\dalex\AppData\Local\arduino\cores\65f3c8272c88b8acb16a1f86b70060c0\core.a(timer.c.o)
                0x08001fb0                timer_detach_interrupt
 .text.input_capture_mode
                0x08001fce       0x1a C:\Users\dalex\AppData\Local\arduino\cores\65f3c8272c88b8acb16a1f86b70060c0\core.a(timer.c.o)
                0x08001fce                input_capture_mode
 .text.timer_set_mode
                0x08001fe8       0x8c C:\Users\dalex\AppData\Local\arduino\cores\65f3c8272c88b8acb16a1f86b70060c0\core.a(timer.c.o)
                0x08001fe8                timer_set_mode
 .text.__irq_tim1_brk
                0x08002074       0x24 C:\Users\dalex\AppData\Local\arduino\cores\65f3c8272c88b8acb16a1f86b70060c0\core.a(timer.c.o)
                0x08002074                __irq_tim1_brk
 .text.__irq_tim1_up
                0x08002098       0x24 C:\Users\dalex\AppData\Local\arduino\cores\65f3c8272c88b8acb16a1f86b70060c0\core.a(timer.c.o)
                0x08002098                __irq_tim1_up
 .text.__irq_tim1_trg_com
                0x080020bc       0x34 C:\Users\dalex\AppData\Local\arduino\cores\65f3c8272c88b8acb16a1f86b70060c0\core.a(timer.c.o)
                0x080020bc                __irq_tim1_trg_com
 .text.__irq_tim1_cc
                0x080020f0       0x50 C:\Users\dalex\AppData\Local\arduino\cores\65f3c8272c88b8acb16a1f86b70060c0\core.a(timer.c.o)
                0x080020f0                __irq_tim1_cc
 .text.__irq_tim2
                0x08002140        0xc C:\Users\dalex\AppData\Local\arduino\cores\65f3c8272c88b8acb16a1f86b70060c0\core.a(timer.c.o)
                0x08002140                __irq_tim2
 .text.__irq_tim3
                0x0800214c        0xc C:\Users\dalex\AppData\Local\arduino\cores\65f3c8272c88b8acb16a1f86b70060c0\core.a(timer.c.o)
                0x0800214c                __irq_tim3
 .text.__irq_tim4
                0x08002158        0xc C:\Users\dalex\AppData\Local\arduino\cores\65f3c8272c88b8acb16a1f86b70060c0\core.a(timer.c.o)
                0x08002158                __irq_tim4
 .text.usart_tx
                0x08002164       0x9c C:\Users\dalex\AppData\Local\arduino\cores\65f3c8272c88b8acb16a1f86b70060c0\core.a(usart.c.o)
                0x08002164                usart_tx
 .text.usart_irq
                0x08002200       0xc8 C:\Users\dalex\AppData\Local\arduino\cores\65f3c8272c88b8acb16a1f86b70060c0\core.a(usart_f1.c.o)
 .text.__irq_usart1
                0x080022c8       0x18 C:\Users\dalex\AppData\Local\arduino\cores\65f3c8272c88b8acb16a1f86b70060c0\core.a(usart_f1.c.o)
                0x080022c8                __irq_usart1
 .text.__irq_usart2
                0x080022e0       0x18 C:\Users\dalex\AppData\Local\arduino\cores\65f3c8272c88b8acb16a1f86b70060c0\core.a(usart_f1.c.o)
                0x080022e0                __irq_usart2
 .text.__irq_usart3
                0x080022f8       0x18 C:\Users\dalex\AppData\Local\arduino\cores\65f3c8272c88b8acb16a1f86b70060c0\core.a(usart_f1.c.o)
                0x080022f8                __irq_usart3
 .text.usb_resume
                0x08002310       0xb4 C:\Users\dalex\AppData\Local\arduino\cores\65f3c8272c88b8acb16a1f86b70060c0\core.a(usb.c.o)
 .text.__irq_usb_lp_can_rx0
                0x080023c4      0x1c8 C:\Users\dalex\AppData\Local\arduino\cores\65f3c8272c88b8acb16a1f86b70060c0\core.a(usb.c.o)
                0x080023c4                __irq_usb_lp_can_rx0
 .text.usb_set_ep_rx_stat
                0x0800258c       0x22 C:\Users\dalex\AppData\Local\arduino\cores\65f3c8272c88b8acb16a1f86b70060c0\core.a(usb_cdcacm.c.o)
 *fill*         0x080025ae        0x2 
 .text.vcomGetSetLineCoding
                0x080025b0       0x18 C:\Users\dalex\AppData\Local\arduino\cores\65f3c8272c88b8acb16a1f86b70060c0\core.a(usb_cdcacm.c.o)
 .text.usbDataSetup
                0x080025c8       0x54 C:\Users\dalex\AppData\Local\arduino\cores\65f3c8272c88b8acb16a1f86b70060c0\core.a(usb_cdcacm.c.o)
 .text.usbNoDataSetup
                0x0800261c       0x50 C:\Users\dalex\AppData\Local\arduino\cores\65f3c8272c88b8acb16a1f86b70060c0\core.a(usb_cdcacm.c.o)
 .text.usbGetInterfaceSetting
                0x0800266c       0x10 C:\Users\dalex\AppData\Local\arduino\cores\65f3c8272c88b8acb16a1f86b70060c0\core.a(usb_cdcacm.c.o)
 .text.usbGetStringDescriptor
                0x0800267c       0x20 C:\Users\dalex\AppData\Local\arduino\cores\65f3c8272c88b8acb16a1f86b70060c0\core.a(usb_cdcacm.c.o)
 .text.usbGetConfigDescriptor
                0x0800269c        0xc C:\Users\dalex\AppData\Local\arduino\cores\65f3c8272c88b8acb16a1f86b70060c0\core.a(usb_cdcacm.c.o)
 .text.usbGetDeviceDescriptor
                0x080026a8        0xc C:\Users\dalex\AppData\Local\arduino\cores\65f3c8272c88b8acb16a1f86b70060c0\core.a(usb_cdcacm.c.o)
 .text.usbInit  0x080026b4       0x44 C:\Users\dalex\AppData\Local\arduino\cores\65f3c8272c88b8acb16a1f86b70060c0\core.a(usb_cdcacm.c.o)
 .text.usbReset
                0x080026f8      0x160 C:\Users\dalex\AppData\Local\arduino\cores\65f3c8272c88b8acb16a1f86b70060c0\core.a(usb_cdcacm.c.o)
 .text.usb_set_ep_rx_count
                0x08002858       0x4c C:\Users\dalex\AppData\Local\arduino\cores\65f3c8272c88b8acb16a1f86b70060c0\core.a(usb_reg_map.c.o)
                0x08002858                usb_set_ep_rx_count
 .text.Standard_GetConfiguration
                0x080028a4       0x24 C:\Users\dalex\AppData\Local\arduino\cores\65f3c8272c88b8acb16a1f86b70060c0\core.a(usb_core.c.o)
                0x080028a4                Standard_GetConfiguration
 .text.Standard_GetInterface
                0x080028c8       0x24 C:\Users\dalex\AppData\Local\arduino\cores\65f3c8272c88b8acb16a1f86b70060c0\core.a(usb_core.c.o)
                0x080028c8                Standard_GetInterface
 .text.Standard_GetStatus
                0x080028ec       0x90 C:\Users\dalex\AppData\Local\arduino\cores\65f3c8272c88b8acb16a1f86b70060c0\core.a(usb_core.c.o)
                0x080028ec                Standard_GetStatus
 .text.DataStageIn
                0x0800297c       0xa8 C:\Users\dalex\AppData\Local\arduino\cores\65f3c8272c88b8acb16a1f86b70060c0\core.a(usb_core.c.o)
 .text.Standard_SetConfiguration
                0x08002a24       0x38 C:\Users\dalex\AppData\Local\arduino\cores\65f3c8272c88b8acb16a1f86b70060c0\core.a(usb_core.c.o)
                0x08002a24                Standard_SetConfiguration
 .text.Standard_SetInterface
                0x08002a5c       0x48 C:\Users\dalex\AppData\Local\arduino\cores\65f3c8272c88b8acb16a1f86b70060c0\core.a(usb_core.c.o)
                0x08002a5c                Standard_SetInterface
 .text.Standard_ClearFeature
                0x08002aa4       0xd0 C:\Users\dalex\AppData\Local\arduino\cores\65f3c8272c88b8acb16a1f86b70060c0\core.a(usb_core.c.o)
                0x08002aa4                Standard_ClearFeature
 .text.Standard_SetEndPointFeature
                0x08002b74       0x84 C:\Users\dalex\AppData\Local\arduino\cores\65f3c8272c88b8acb16a1f86b70060c0\core.a(usb_core.c.o)
                0x08002b74                Standard_SetEndPointFeature
 .text.Standard_SetDeviceFeature
                0x08002bf8       0x24 C:\Users\dalex\AppData\Local\arduino\cores\65f3c8272c88b8acb16a1f86b70060c0\core.a(usb_core.c.o)
                0x08002bf8                Standard_SetDeviceFeature
 .text.Standard_GetDescriptorData
                0x08002c1c       0x1c C:\Users\dalex\AppData\Local\arduino\cores\65f3c8272c88b8acb16a1f86b70060c0\core.a(usb_core.c.o)
                0x08002c1c                Standard_GetDescriptorData
 .text.Post0_Process
                0x08002c38       0x40 C:\Users\dalex\AppData\Local\arduino\cores\65f3c8272c88b8acb16a1f86b70060c0\core.a(usb_core.c.o)
                0x08002c38                Post0_Process
 .text.Setup0_Process
                0x08002c78      0x2d0 C:\Users\dalex\AppData\Local\arduino\cores\65f3c8272c88b8acb16a1f86b70060c0\core.a(usb_core.c.o)
                0x08002c78                Setup0_Process
 .text.Out0_Process
                0x08002f48       0xc8 C:\Users\dalex\AppData\Local\arduino\cores\65f3c8272c88b8acb16a1f86b70060c0\core.a(usb_core.c.o)
                0x08002f48                Out0_Process
 .text.SetDeviceAddress
                0x08003010       0x38 C:\Users\dalex\AppData\Local\arduino\cores\65f3c8272c88b8acb16a1f86b70060c0\core.a(usb_core.c.o)
                0x08003010                SetDeviceAddress
 .text.In0_Process
                0x08003048       0x5c C:\Users\dalex\AppData\Local\arduino\cores\65f3c8272c88b8acb16a1f86b70060c0\core.a(usb_core.c.o)
                0x08003048                In0_Process
 .text.NOP_Process
                0x080030a4        0x2 C:\Users\dalex\AppData\Local\arduino\cores\65f3c8272c88b8acb16a1f86b70060c0\core.a(usb_core.c.o)
                0x080030a4                NOP_Process
 .text.UserToPMABufferCopy
                0x080030a6       0x30 C:\Users\dalex\AppData\Local\arduino\cores\65f3c8272c88b8acb16a1f86b70060c0\core.a(usb_mem.c.o)
                0x080030a6                UserToPMABufferCopy
 .text.PMAToUserBufferCopy
                0x080030d6       0x32 C:\Users\dalex\AppData\Local\arduino\cores\65f3c8272c88b8acb16a1f86b70060c0\core.a(usb_mem.c.o)
                0x080030d6                PMAToUserBufferCopy
 .text.SetEPTxStatus
                0x08003108       0x2a C:\Users\dalex\AppData\Local\arduino\cores\65f3c8272c88b8acb16a1f86b70060c0\core.a(usb_regs.c.o)
                0x08003108                SetEPTxStatus
 .text.ClearDTOG_RX
                0x08003132       0x20 C:\Users\dalex\AppData\Local\arduino\cores\65f3c8272c88b8acb16a1f86b70060c0\core.a(usb_regs.c.o)
                0x08003132                ClearDTOG_RX
 .text.ClearDTOG_TX
                0x08003152       0x20 C:\Users\dalex\AppData\Local\arduino\cores\65f3c8272c88b8acb16a1f86b70060c0\core.a(usb_regs.c.o)
                0x08003152                ClearDTOG_TX
 *fill*         0x08003172        0x2 
 .text.GetEPTxAddr
                0x08003174       0x1c C:\Users\dalex\AppData\Local\arduino\cores\65f3c8272c88b8acb16a1f86b70060c0\core.a(usb_regs.c.o)
                0x08003174                GetEPTxAddr
 .text.GetEPRxAddr
                0x08003190       0x1c C:\Users\dalex\AppData\Local\arduino\cores\65f3c8272c88b8acb16a1f86b70060c0\core.a(usb_regs.c.o)
                0x08003190                GetEPRxAddr
 .text.SetEPTxCount
                0x080031ac       0x1c C:\Users\dalex\AppData\Local\arduino\cores\65f3c8272c88b8acb16a1f86b70060c0\core.a(usb_regs.c.o)
                0x080031ac                SetEPTxCount
 .text.SetEPRxCount
                0x080031c8       0x40 C:\Users\dalex\AppData\Local\arduino\cores\65f3c8272c88b8acb16a1f86b70060c0\core.a(usb_regs.c.o)
                0x080031c8                SetEPRxCount
 .text.throb    0x08003208       0x4c C:\Users\dalex\AppData\Local\arduino\cores\65f3c8272c88b8acb16a1f86b70060c0\core.a(util.c.o)
                0x08003208                throb
 .text.__error  0x08003254       0x14 C:\Users\dalex\AppData\Local\arduino\cores\65f3c8272c88b8acb16a1f86b70060c0\core.a(util.c.o)
                0x08003254                __error
 .text.startup._Z7premainv
                0x08003268        0x4 C:\Users\dalex\AppData\Local\arduino\cores\65f3c8272c88b8acb16a1f86b70060c0\core.a(main.cpp.o)
                0x08003268                premain()
 .text.startup.main
                0x0800326c        0xc C:\Users\dalex\AppData\Local\arduino\cores\65f3c8272c88b8acb16a1f86b70060c0\core.a(main.cpp.o)
                0x0800326c                main
 .text._Z7pinModeh13WiringPinMode
                0x08003278       0x84 C:\Users\dalex\AppData\Local\arduino\cores\65f3c8272c88b8acb16a1f86b70060c0\core.a(wirish_digital_f1.cpp.o)
                0x08003278                pinMode(unsigned char, WiringPinMode)
 .text._Z11digitalReadh
                0x080032fc       0x2c C:\Users\dalex\AppData\Local\arduino\cores\65f3c8272c88b8acb16a1f86b70060c0\core.a(wirish_digital.cpp.o)
                0x080032fc                digitalRead(unsigned char)
 .text._Z12digitalWritehh
                0x08003328       0x2c C:\Users\dalex\AppData\Local\arduino\cores\65f3c8272c88b8acb16a1f86b70060c0\core.a(wirish_digital.cpp.o)
                0x08003328                digitalWrite(unsigned char, unsigned char)
 .text._Z8shiftOuthhhh
                0x08003354       0x64 C:\Users\dalex\AppData\Local\arduino\cores\65f3c8272c88b8acb16a1f86b70060c0\core.a(wirish_shift.cpp.o)
                0x08003354                shiftOut(unsigned char, unsigned char, unsigned char, unsigned char)
 .text.micros   0x080033b8       0x2c C:\Users\dalex\AppData\Local\arduino\cores\65f3c8272c88b8acb16a1f86b70060c0\core.a(wirish_time.cpp.o)
 .text.delay    0x080033e4       0x2a C:\Users\dalex\AppData\Local\arduino\cores\65f3c8272c88b8acb16a1f86b70060c0\core.a(wirish_time.cpp.o)
                0x080033e4                delay
 .text.delayMicroseconds
                0x0800340e       0x10 C:\Users\dalex\AppData\Local\arduino\cores\65f3c8272c88b8acb16a1f86b70060c0\core.a(wirish_time.cpp.o)
                0x0800340e                delayMicroseconds
 .text.__empty  0x0800341e        0x2 C:\Users\dalex\AppData\Local\arduino\cores\65f3c8272c88b8acb16a1f86b70060c0\core.a(hooks.c.o)
                0x0800341e                yield
 .text.gpio_init
                0x08003420       0x14 C:\Users\dalex\AppData\Local\arduino\cores\65f3c8272c88b8acb16a1f86b70060c0\core.a(gpio.c.o)
                0x08003420                gpio_init
 .text.i2c_disable_irq
                0x08003434        0xc C:\Users\dalex\AppData\Local\arduino\cores\65f3c8272c88b8acb16a1f86b70060c0\core.a(i2c.c.o)
 .text._i2c_irq_handler
                0x08003440      0x3d8 C:\Users\dalex\AppData\Local\arduino\cores\65f3c8272c88b8acb16a1f86b70060c0\core.a(i2c.c.o)
                0x08003440                _i2c_irq_handler
 .text._i2c_irq_error_handler
                0x08003818       0x74 C:\Users\dalex\AppData\Local\arduino\cores\65f3c8272c88b8acb16a1f86b70060c0\core.a(i2c.c.o)
                0x08003818                _i2c_irq_error_handler
 .text          0x0800388c       0x2c c:/users/dalex/appdata/local/arduino15/packages/arduino/tools/arm-none-eabi-gcc/4.8.3-2014q1/bin/../lib/gcc/arm-none-eabi/4.8.3/armv7-m\libgcc.a(_aeabi_uldivmod.o)
                0x0800388c                __aeabi_uldivmod
 .text          0x080038b8       0x60 c:/users/dalex/appdata/local/arduino15/packages/arduino/tools/arm-none-eabi-gcc/4.8.3-2014q1/bin/../lib/gcc/arm-none-eabi/4.8.3/armv7-m\libgcc.a(bpabi.o)
                0x080038b8                __gnu_ldivmod_helper
                0x080038e8                __gnu_uldivmod_helper
 .text          0x08003918        0x4 c:/users/dalex/appdata/local/arduino15/packages/arduino/tools/arm-none-eabi-gcc/4.8.3-2014q1/bin/../lib/gcc/arm-none-eabi/4.8.3/armv7-m\libgcc.a(_dvmd_tls.o)
                0x08003918                __aeabi_idiv0
                0x08003918                __aeabi_ldiv0
 .text          0x0800391c      0x2a0 c:/users/dalex/appdata/local/arduino15/packages/arduino/tools/arm-none-eabi-gcc/4.8.3-2014q1/bin/../lib/gcc/arm-none-eabi/4.8.3/armv7-m\libgcc.a(_divdi3.o)
                0x0800391c                __divdi3
 .text          0x08003bbc      0x290 c:/users/dalex/appdata/local/arduino15/packages/arduino/tools/arm-none-eabi-gcc/4.8.3-2014q1/bin/../lib/gcc/arm-none-eabi/4.8.3/armv7-m\libgcc.a(_udivdi3.o)
                0x08003bbc                __udivdi3
 .text.__errno  0x08003e4c        0xc c:/users/dalex/appdata/local/arduino15/packages/arduino/tools/arm-none-eabi-gcc/4.8.3-2014q1/bin/../lib/gcc/arm-none-eabi/4.8.3/../../../../arm-none-eabi/lib/armv7-m\libc_s.a(lib_a-errno.o)
                0x08003e4c                __errno
 .text.exit     0x08003e58       0x28 c:/users/dalex/appdata/local/arduino15/packages/arduino/tools/arm-none-eabi-gcc/4.8.3-2014q1/bin/../lib/gcc/arm-none-eabi/4.8.3/../../../../arm-none-eabi/lib/armv7-m\libc_s.a(lib_a-exit.o)
                0x08003e58                exit
 .text.__libc_init_array
                0x08003e80       0x4c c:/users/dalex/appdata/local/arduino15/packages/arduino/tools/arm-none-eabi-gcc/4.8.3-2014q1/bin/../lib/gcc/arm-none-eabi/4.8.3/../../../../arm-none-eabi/lib/armv7-m\libc_s.a(lib_a-init.o)
                0x08003e80                __libc_init_array
 .text.malloc   0x08003ecc       0x10 c:/users/dalex/appdata/local/arduino15/packages/arduino/tools/arm-none-eabi-gcc/4.8.3-2014q1/bin/../lib/gcc/arm-none-eabi/4.8.3/../../../../arm-none-eabi/lib/armv7-m\libc_s.a(lib_a-malloc.o)
                0x08003ecc                malloc
 .text.free     0x08003edc       0x10 c:/users/dalex/appdata/local/arduino15/packages/arduino/tools/arm-none-eabi-gcc/4.8.3-2014q1/bin/../lib/gcc/arm-none-eabi/4.8.3/../../../../arm-none-eabi/lib/armv7-m\libc_s.a(lib_a-malloc.o)
                0x08003edc                free
 .text.memset   0x08003eec       0x10 c:/users/dalex/appdata/local/arduino15/packages/arduino/tools/arm-none-eabi-gcc/4.8.3-2014q1/bin/../lib/gcc/arm-none-eabi/4.8.3/../../../../arm-none-eabi/lib/armv7-m\libc_s.a(lib_a-memset.o)
                0x08003eec                memset
 .text._free_r  0x08003efc       0x88 c:/users/dalex/appdata/local/arduino15/packages/arduino/tools/arm-none-eabi-gcc/4.8.3-2014q1/bin/../lib/gcc/arm-none-eabi/4.8.3/../../../../arm-none-eabi/lib/armv7-m\libc_s.a(lib_a-nano-freer.o)
                0x08003efc                _free_r
 .text._malloc_r
                0x08003f84       0xa8 c:/users/dalex/appdata/local/arduino15/packages/arduino/tools/arm-none-eabi-gcc/4.8.3-2014q1/bin/../lib/gcc/arm-none-eabi/4.8.3/../../../../arm-none-eabi/lib/armv7-m\libc_s.a(lib_a-nano-mallocr.o)
                0x08003f84                _malloc_r
 .text._sbrk_r  0x0800402c       0x20 c:/users/dalex/appdata/local/arduino15/packages/arduino/tools/arm-none-eabi-gcc/4.8.3-2014q1/bin/../lib/gcc/arm-none-eabi/4.8.3/../../../../arm-none-eabi/lib/armv7-m\libc_s.a(lib_a-sbrkr.o)
                0x0800402c                _sbrk_r
 .text.strlen   0x0800404c       0x10 c:/users/dalex/appdata/local/arduino15/packages/arduino/tools/arm-none-eabi-gcc/4.8.3-2014q1/bin/../lib/gcc/arm-none-eabi/4.8.3/../../../../arm-none-eabi/lib/armv7-m\libc_s.a(lib_a-strlen.o)
                0x0800404c                strlen
 *(.plt)
 *(.gnu.warning)
 *(.glue_7t)
 .glue_7t       0x00000000        0x0 linker stubs
 *(.glue_7)
 .glue_7        0x00000000        0x0 linker stubs
 *(.vfp11_veneer)
 .vfp11_veneer  0x00000000        0x0 linker stubs
 *(.ARM.extab* .gnu.linkonce.armextab.*)
 *(.gcc_except_table)
 *(.eh_frame_hdr)
 *(.eh_frame)
 .eh_frame      0x0800405c        0x0 c:/users/dalex/appdata/local/arduino15/packages/arduino/tools/arm-none-eabi-gcc/4.8.3-2014q1/bin/../lib/gcc/arm-none-eabi/4.8.3/armv7-m/crtbegin.o
                0x0800405c                . = ALIGN (0x4)
 *(.init)
 .init          0x0800405c        0x4 c:/users/dalex/appdata/local/arduino15/packages/arduino/tools/arm-none-eabi-gcc/4.8.3-2014q1/bin/../lib/gcc/arm-none-eabi/4.8.3/armv7-m/crti.o
                0x0800405c                _init
 .init          0x08004060        0x8 c:/users/dalex/appdata/local/arduino15/packages/arduino/tools/arm-none-eabi-gcc/4.8.3-2014q1/bin/../lib/gcc/arm-none-eabi/4.8.3/armv7-m/crtn.o
                0x08004068                . = ALIGN (0x4)
                0x08004068                __preinit_array_start = .
 *(.preinit_array)
                0x08004068                __preinit_array_end = .
                0x08004068                . = ALIGN (0x4)
                0x08004068                __init_array_start = .
 *(SORT(.init_array.*))
 .init_array.00101
                0x08004068        0x4 C:\Users\dalex\AppData\Local\arduino\cores\65f3c8272c88b8acb16a1f86b70060c0\core.a(main.cpp.o)
 *(.init_array)
 .init_array    0x0800406c        0x4 c:/users/dalex/appdata/local/arduino15/packages/arduino/tools/arm-none-eabi-gcc/4.8.3-2014q1/bin/../lib/gcc/arm-none-eabi/4.8.3/armv7-m/crtbegin.o
 .init_array    0x08004070        0x4 C:\Users\dalex\AppData\Local\arduino\sketches\059C72163B544ABDC6D6787E70D3EFDB\sketch\Cafetera.ino.cpp.o
 .init_array    0x08004074        0x4 C:\Users\dalex\AppData\Local\arduino\sketches\059C72163B544ABDC6D6787E70D3EFDB\libraries\SPI\SPI.cpp.o
 .init_array    0x08004078        0x4 C:\Users\dalex\AppData\Local\arduino\sketches\059C72163B544ABDC6D6787E70D3EFDB\core\board.cpp.o
                0x0800407c                __init_array_end = .
                0x0800407c                . = ALIGN (0x4)
 *crtbegin.o(.ctors)
 *(EXCLUDE_FILE(*crtend.o) .ctors)
 *(SORT(.ctors.*))
 *crtend.o(.ctors)
                0x0800407c                . = ALIGN (0x4)
 *(.fini)
 .fini          0x0800407c        0x4 c:/users/dalex/appdata/local/arduino15/packages/arduino/tools/arm-none-eabi-gcc/4.8.3-2014q1/bin/../lib/gcc/arm-none-eabi/4.8.3/armv7-m/crti.o
                0x0800407c                _fini
 .fini          0x08004080        0x8 c:/users/dalex/appdata/local/arduino15/packages/arduino/tools/arm-none-eabi-gcc/4.8.3-2014q1/bin/../lib/gcc/arm-none-eabi/4.8.3/armv7-m/crtn.o
                0x08004088                . = ALIGN (0x4)
                0x08004088                __fini_array_start = .
 *(.fini_array)
 .fini_array    0x08004088        0x4 c:/users/dalex/appdata/local/arduino15/packages/arduino/tools/arm-none-eabi-gcc/4.8.3-2014q1/bin/../lib/gcc/arm-none-eabi/4.8.3/armv7-m/crtbegin.o
 .fini_array    0x0800408c        0x4 C:\Users\dalex\AppData\Local\arduino\sketches\059C72163B544ABDC6D6787E70D3EFDB\sketch\Cafetera.ino.cpp.o
 *(SORT(.fini_array.*))
                0x08004090                __fini_array_end = .
 *crtbegin.o(.dtors)
 *(EXCLUDE_FILE(*crtend.o) .dtors)
 *(SORT(.dtors.*))
 *crtend.o(.dtors)

.v4_bx          0x08004090        0x0
 .v4_bx         0x00000000        0x0 linker stubs

.iplt           0x08004090        0x0
 .iplt          0x00000000        0x0 c:/users/dalex/appdata/local/arduino15/packages/arduino/tools/arm-none-eabi-gcc/4.8.3-2014q1/bin/../lib/gcc/arm-none-eabi/4.8.3/armv7-m/crtbegin.o

.text.align     0x08004090        0x0
                0x08004090                . = ALIGN (0x8)
                0x08004090                __text_end__ = .
                0x08004090                __exidx_start = .

.ARM.exidx      0x08004090        0x8
 *(.ARM.exidx* .gnu.linkonce.armexidx.*)
 .ARM.exidx     0x08004090        0x8 C:\Users\dalex\AppData\Local\arduino\sketches\059C72163B544ABDC6D6787E70D3EFDB\core\wirish\start.S.o
 .ARM.exidx     0x08004098        0x0 c:/users/dalex/appdata/local/arduino15/packages/arduino/tools/arm-none-eabi-gcc/4.8.3-2014q1/bin/../lib/gcc/arm-none-eabi/4.8.3/armv7-m\libgcc.a(_divdi3.o)
                                  0x8 (size before relaxing)
 .ARM.exidx     0x08004098        0x0 c:/users/dalex/appdata/local/arduino15/packages/arduino/tools/arm-none-eabi-gcc/4.8.3-2014q1/bin/../lib/gcc/arm-none-eabi/4.8.3/armv7-m\libgcc.a(_udivdi3.o)
                                  0x8 (size before relaxing)
                0x08004098                __exidx_end = .

.data           0x20000000      0x498 load address 0x08004098
                0x20000000                __data_start__ = .
                0x20000000        0x4 LONG 0x0
                0x20000008                . = ALIGN (0x8)
 *fill*         0x20000004        0x4 
 *(.got.plt)
 *(.got)
 *(.data .data.* .gnu.linkonce.d.*)
 .data.nivelAzucar
                0x20000008        0x4 C:\Users\dalex\AppData\Local\arduino\sketches\059C72163B544ABDC6D6787E70D3EFDB\sketch\Cafetera.ino.cpp.o
                0x20000008                nivelAzucar
 .data.cantidadAzucarElegida
                0x2000000c        0x4 C:\Users\dalex\AppData\Local\arduino\sketches\059C72163B544ABDC6D6787E70D3EFDB\sketch\Cafetera.ino.cpp.o
                0x2000000c                cantidadAzucarElegida
 .data.opcion   0x20000010        0x4 C:\Users\dalex\AppData\Local\arduino\sketches\059C72163B544ABDC6D6787E70D3EFDB\sketch\Cafetera.ino.cpp.o
                0x20000010                opcion
 .data.nivelAgua
                0x20000014        0x4 C:\Users\dalex\AppData\Local\arduino\sketches\059C72163B544ABDC6D6787E70D3EFDB\sketch\Cafetera.ino.cpp.o
                0x20000014                nivelAgua
 .data._ZN6wirish4privL8pll_dataE
                0x20000018        0x4 C:\Users\dalex\AppData\Local\arduino\sketches\059C72163B544ABDC6D6787E70D3EFDB\core\wirish\boards_setup.cpp.o
 .data._ZN6wirish4priv9w_adc_smpE
                0x2000001c        0x1 C:\Users\dalex\AppData\Local\arduino\sketches\059C72163B544ABDC6D6787E70D3EFDB\core\wirish\boards_setup.cpp.o
                0x2000001c                wirish::priv::w_adc_smp
 *fill*         0x2000001d        0x1 
 .data._ZN6wirish4priv9w_adc_preE
                0x2000001e        0x2 C:\Users\dalex\AppData\Local\arduino\sketches\059C72163B544ABDC6D6787E70D3EFDB\core\wirish\boards_setup.cpp.o
                0x2000001e                wirish::priv::w_adc_pre
 .data._ZN6wirish4priv15w_board_pll_cfgE
                0x20000020        0x8 C:\Users\dalex\AppData\Local\arduino\sketches\059C72163B544ABDC6D6787E70D3EFDB\core\wirish\boards_setup.cpp.o
                0x20000020                wirish::priv::w_board_pll_cfg
 .data.adc2     0x20000028        0x8 C:\Users\dalex\AppData\Local\arduino\cores\65f3c8272c88b8acb16a1f86b70060c0\core.a(adc_f1.c.o)
                0x20000028                adc2
 .data.adc1     0x20000030       0x18 C:\Users\dalex\AppData\Local\arduino\cores\65f3c8272c88b8acb16a1f86b70060c0\core.a(adc_f1.c.o)
                0x20000030                adc1
 .data.ADC2     0x20000048        0x4 C:\Users\dalex\AppData\Local\arduino\cores\65f3c8272c88b8acb16a1f86b70060c0\core.a(adc_f1.c.o)
                0x20000048                ADC2
 .data.ADC1     0x2000004c        0x4 C:\Users\dalex\AppData\Local\arduino\cores\65f3c8272c88b8acb16a1f86b70060c0\core.a(adc_f1.c.o)
                0x2000004c                ADC1
 .data.dma1     0x20000050       0x40 C:\Users\dalex\AppData\Local\arduino\cores\65f3c8272c88b8acb16a1f86b70060c0\core.a(dma_f1.c.o)
 .data.DMA1     0x20000090        0x4 C:\Users\dalex\AppData\Local\arduino\cores\65f3c8272c88b8acb16a1f86b70060c0\core.a(dma_f1.c.o)
                0x20000090                DMA1
 .data.gpioa    0x20000094        0x8 C:\Users\dalex\AppData\Local\arduino\cores\65f3c8272c88b8acb16a1f86b70060c0\core.a(gpio_f1.c.o)
                0x20000094                gpioa
 .data.gpiob    0x2000009c        0x8 C:\Users\dalex\AppData\Local\arduino\cores\65f3c8272c88b8acb16a1f86b70060c0\core.a(gpio_f1.c.o)
                0x2000009c                gpiob
 .data.gpioc    0x200000a4        0x8 C:\Users\dalex\AppData\Local\arduino\cores\65f3c8272c88b8acb16a1f86b70060c0\core.a(gpio_f1.c.o)
                0x200000a4                gpioc
 .data.gpiod    0x200000ac        0x8 C:\Users\dalex\AppData\Local\arduino\cores\65f3c8272c88b8acb16a1f86b70060c0\core.a(gpio_f1.c.o)
                0x200000ac                gpiod
 .data.i2c1     0x200000b4       0x38 C:\Users\dalex\AppData\Local\arduino\cores\65f3c8272c88b8acb16a1f86b70060c0\core.a(i2c_f1.c.o)
 .data.i2c2     0x200000ec       0x38 C:\Users\dalex\AppData\Local\arduino\cores\65f3c8272c88b8acb16a1f86b70060c0\core.a(i2c_f1.c.o)
 .data.enable_regs.4411
                0x20000124        0xc C:\Users\dalex\AppData\Local\arduino\cores\65f3c8272c88b8acb16a1f86b70060c0\core.a(rcc_f1.c.o)
 .data.reset_regs.4415
                0x20000130        0x8 C:\Users\dalex\AppData\Local\arduino\cores\65f3c8272c88b8acb16a1f86b70060c0\core.a(rcc_f1.c.o)
 .data.enable_regs.4424
                0x20000138        0xc C:\Users\dalex\AppData\Local\arduino\cores\65f3c8272c88b8acb16a1f86b70060c0\core.a(rcc_f1.c.o)
 .data.spi1     0x20000144        0x8 C:\Users\dalex\AppData\Local\arduino\cores\65f3c8272c88b8acb16a1f86b70060c0\core.a(spi_f1.c.o)
 .data.spi2     0x2000014c        0x8 C:\Users\dalex\AppData\Local\arduino\cores\65f3c8272c88b8acb16a1f86b70060c0\core.a(spi_f1.c.o)
 .data.SPI1     0x20000154        0x4 C:\Users\dalex\AppData\Local\arduino\cores\65f3c8272c88b8acb16a1f86b70060c0\core.a(spi_f1.c.o)
                0x20000154                SPI1
 .data.SPI2     0x20000158        0x4 C:\Users\dalex\AppData\Local\arduino\cores\65f3c8272c88b8acb16a1f86b70060c0\core.a(spi_f1.c.o)
                0x20000158                SPI2
 .data.timer3   0x2000015c       0x24 C:\Users\dalex\AppData\Local\arduino\cores\65f3c8272c88b8acb16a1f86b70060c0\core.a(timer.c.o)
                0x2000015c                timer3
 .data.timer4   0x20000180       0x24 C:\Users\dalex\AppData\Local\arduino\cores\65f3c8272c88b8acb16a1f86b70060c0\core.a(timer.c.o)
                0x20000180                timer4
 .data.timer1   0x200001a4       0x28 C:\Users\dalex\AppData\Local\arduino\cores\65f3c8272c88b8acb16a1f86b70060c0\core.a(timer.c.o)
                0x200001a4                timer1
 .data.timer2   0x200001cc       0x24 C:\Users\dalex\AppData\Local\arduino\cores\65f3c8272c88b8acb16a1f86b70060c0\core.a(timer.c.o)
                0x200001cc                timer2
 .data.USART1   0x200001f0        0x4 C:\Users\dalex\AppData\Local\arduino\cores\65f3c8272c88b8acb16a1f86b70060c0\core.a(usart_f1.c.o)
                0x200001f0                USART1
 .data.USART2   0x200001f4        0x4 C:\Users\dalex\AppData\Local\arduino\cores\65f3c8272c88b8acb16a1f86b70060c0\core.a(usart_f1.c.o)
                0x200001f4                USART2
 .data.USART3   0x200001f8        0x4 C:\Users\dalex\AppData\Local\arduino\cores\65f3c8272c88b8acb16a1f86b70060c0\core.a(usart_f1.c.o)
                0x200001f8                USART3
 .data.usart1   0x200001fc       0x94 C:\Users\dalex\AppData\Local\arduino\cores\65f3c8272c88b8acb16a1f86b70060c0\core.a(usart_f1.c.o)
 .data.usart2   0x20000290       0x94 C:\Users\dalex\AppData\Local\arduino\cores\65f3c8272c88b8acb16a1f86b70060c0\core.a(usart_f1.c.o)
 .data.usart3   0x20000324       0x94 C:\Users\dalex\AppData\Local\arduino\cores\65f3c8272c88b8acb16a1f86b70060c0\core.a(usart_f1.c.o)
 .data.USBLIB   0x200003b8        0x4 C:\Users\dalex\AppData\Local\arduino\cores\65f3c8272c88b8acb16a1f86b70060c0\core.a(usb.c.o)
                0x200003b8                USBLIB
 .data.usblib   0x200003bc       0x10 C:\Users\dalex\AppData\Local\arduino\cores\65f3c8272c88b8acb16a1f86b70060c0\core.a(usb.c.o)
 .data.Config_Descriptor
                0x200003cc        0x8 C:\Users\dalex\AppData\Local\arduino\cores\65f3c8272c88b8acb16a1f86b70060c0\core.a(usb_cdcacm.c.o)
 .data.Device_Property
                0x200003d4       0x30 C:\Users\dalex\AppData\Local\arduino\cores\65f3c8272c88b8acb16a1f86b70060c0\core.a(usb_cdcacm.c.o)
                0x200003d4                Device_Property
 .data.String_Descriptor
                0x20000404       0x18 C:\Users\dalex\AppData\Local\arduino\cores\65f3c8272c88b8acb16a1f86b70060c0\core.a(usb_cdcacm.c.o)
 .data.line_coding
                0x2000041c        0x7 C:\Users\dalex\AppData\Local\arduino\cores\65f3c8272c88b8acb16a1f86b70060c0\core.a(usb_cdcacm.c.o)
 *fill*         0x20000423        0x1 
 .data.Device_Descriptor
                0x20000424        0x8 C:\Users\dalex\AppData\Local\arduino\cores\65f3c8272c88b8acb16a1f86b70060c0\core.a(usb_cdcacm.c.o)
 .data.Device_Table
                0x2000042c        0x2 C:\Users\dalex\AppData\Local\arduino\cores\65f3c8272c88b8acb16a1f86b70060c0\core.a(usb_cdcacm.c.o)
                0x2000042c                Device_Table
 *fill*         0x2000042e        0x2 
 .data.impure_data
                0x20000430       0x60 c:/users/dalex/appdata/local/arduino15/packages/arduino/tools/arm-none-eabi-gcc/4.8.3-2014q1/bin/../lib/gcc/arm-none-eabi/4.8.3/../../../../arm-none-eabi/lib/armv7-m\libc_s.a(lib_a-impure.o)
 .data._impure_ptr
                0x20000490        0x4 c:/users/dalex/appdata/local/arduino15/packages/arduino/tools/arm-none-eabi-gcc/4.8.3-2014q1/bin/../lib/gcc/arm-none-eabi/4.8.3/../../../../arm-none-eabi/lib/armv7-m\libc_s.a(lib_a-impure.o)
                0x20000490                _impure_ptr
                0x20000498                . = ALIGN (0x8)
 *fill*         0x20000494        0x4 
                0x20000498                __data_end__ = .

.jcr            0x20000498        0x0 load address 0x08004530
 .jcr           0x20000498        0x0 c:/users/dalex/appdata/local/arduino15/packages/arduino/tools/arm-none-eabi-gcc/4.8.3-2014q1/bin/../lib/gcc/arm-none-eabi/4.8.3/armv7-m/crtbegin.o

.igot.plt       0x20000498        0x0 load address 0x08004530
 .igot.plt      0x00000000        0x0 c:/users/dalex/appdata/local/arduino15/packages/arduino/tools/arm-none-eabi-gcc/4.8.3-2014q1/bin/../lib/gcc/arm-none-eabi/4.8.3/armv7-m/crtbegin.o

.rodata         0x08004530      0xa78
 *(.rodata .rodata.* .gnu.linkonce.r.*)
 .rodata.str1.1
                0x08004530      0x108 C:\Users\dalex\AppData\Local\arduino\sketches\059C72163B544ABDC6D6787E70D3EFDB\sketch\Cafetera.ino.cpp.o
 .rodata.CSWTCH.40
                0x08004638        0x4 C:\Users\dalex\AppData\Local\arduino\sketches\059C72163B544ABDC6D6787E70D3EFDB\sketch\Cafetera.ino.cpp.o
 *fill*         0x0800463c        0x4 
 .rodata._ZTV13LiquidCrystal
                0x08004640       0x18 C:\Users\dalex\AppData\Local\arduino\sketches\059C72163B544ABDC6D6787E70D3EFDB\libraries\LiquidCrystal\LiquidCrystal.cpp.o
                0x08004640                vtable for LiquidCrystal
 .rodata        0x08004658       0x10 C:\Users\dalex\AppData\Local\arduino\sketches\059C72163B544ABDC6D6787E70D3EFDB\libraries\LiquidCrystal\LiquidCrystal.cpp.o
 .rodata._sysfont
                0x08004668      0x52a C:\Users\dalex\AppData\Local\arduino\sketches\059C72163B544ABDC6D6787E70D3EFDB\libraries\MD_MAX72XX\MD_MAX72xx_font.cpp.o
                0x08004668                _sysfont
 *fill*         0x08004b92        0x2 
 .rodata.PIN_MAP
                0x08004b94      0x2e0 C:\Users\dalex\AppData\Local\arduino\sketches\059C72163B544ABDC6D6787E70D3EFDB\core\board.cpp.o
                0x08004b94                PIN_MAP
 *fill*         0x08004e74        0x4 
 .rodata._ZTV14HardwareSerial
                0x08004e78       0x28 C:\Users\dalex\AppData\Local\arduino\cores\65f3c8272c88b8acb16a1f86b70060c0\core.a(HardwareSerial.cpp.o)
                0x08004e78                vtable for HardwareSerial
 .rodata.GPIOB  0x08004ea0        0x4 C:\Users\dalex\AppData\Local\arduino\cores\65f3c8272c88b8acb16a1f86b70060c0\core.a(gpio_f1.c.o)
                0x08004ea0                GPIOB
 .rodata.rcc_dev_table
                0x08004ea4       0x5c C:\Users\dalex\AppData\Local\arduino\cores\65f3c8272c88b8acb16a1f86b70060c0\core.a(rcc_f1.c.o)
                0x08004ea4                rcc_dev_table
 .rodata.masks.4420
                0x08004f00       0x14 C:\Users\dalex\AppData\Local\arduino\cores\65f3c8272c88b8acb16a1f86b70060c0\core.a(rcc_f1.c.o)
 .rodata.usbVcomDescriptor_iProduct
                0x08004f14        0xc C:\Users\dalex\AppData\Local\arduino\cores\65f3c8272c88b8acb16a1f86b70060c0\core.a(usb_cdcacm.c.o)
 .rodata.usbVcomDescriptor_iManufacturer
                0x08004f20       0x12 C:\Users\dalex\AppData\Local\arduino\cores\65f3c8272c88b8acb16a1f86b70060c0\core.a(usb_cdcacm.c.o)
 .rodata.usbVcomDescriptor_Device
                0x08004f32       0x12 C:\Users\dalex\AppData\Local\arduino\cores\65f3c8272c88b8acb16a1f86b70060c0\core.a(usb_cdcacm.c.o)
 .rodata.usbVcomDescriptor_Config
                0x08004f44       0x43 C:\Users\dalex\AppData\Local\arduino\cores\65f3c8272c88b8acb16a1f86b70060c0\core.a(usb_cdcacm.c.o)
 .rodata.usbVcomDescriptor_LangID
                0x08004f87        0x4 C:\Users\dalex\AppData\Local\arduino\cores\65f3c8272c88b8acb16a1f86b70060c0\core.a(usb_cdcacm.c.o)
 .rodata.str1.1
                0x08004f8b        0x2 c:/users/dalex/appdata/local/arduino15/packages/arduino/tools/arm-none-eabi-gcc/4.8.3-2014q1/bin/../lib/gcc/arm-none-eabi/4.8.3/../../../../arm-none-eabi/lib/armv7-m\libc_s.a(lib_a-impure.o)
 *fill*         0x08004f8d        0x3 
 .rodata._global_impure_ptr
                0x08004f90        0x4 c:/users/dalex/appdata/local/arduino15/packages/arduino/tools/arm-none-eabi-gcc/4.8.3-2014q1/bin/../lib/gcc/arm-none-eabi/4.8.3/../../../../arm-none-eabi/lib/armv7-m\libc_s.a(lib_a-impure.o)
                0x08004f90                _global_impure_ptr
 *(.USER_FLASH)
 .USER_FLASH    0x08004f94       0x10 C:\Users\dalex\AppData\Local\arduino\sketches\059C72163B544ABDC6D6787E70D3EFDB\libraries\SPI\SPI.cpp.o
                0x08004fa4                . = ALIGN (0x4)
                0x08004fa4                _lm_rom_img_cfgp = .
                0x08004fa4        0x4 LONG 0x8004098 LOADADDR (.data)
                0x20000710                _lm_heap_start = DEFINED (_lm_heap_start)?_lm_heap_start:_end
                0x20005000                _lm_heap_end = DEFINED (_lm_heap_end)?_lm_heap_end:__msp_init

.rel.dyn        0x08004fa8        0x0
 .rel.iplt      0x00000000        0x0 c:/users/dalex/appdata/local/arduino15/packages/arduino/tools/arm-none-eabi-gcc/4.8.3-2014q1/bin/../lib/gcc/arm-none-eabi/4.8.3/armv7-m/crtbegin.o

.bss            0x20000498      0x278
                0x20000498                . = ALIGN (0x8)
                0x20000498                __bss_start__ = .
 *(.bss .bss.* .gnu.linkonce.b.*)
 .bss           0x20000498       0x1c c:/users/dalex/appdata/local/arduino15/packages/arduino/tools/arm-none-eabi-gcc/4.8.3-2014q1/bin/../lib/gcc/arm-none-eabi/4.8.3/armv7-m/crtbegin.o
 .bss.lcd       0x200004b4       0x1c C:\Users\dalex\AppData\Local\arduino\sketches\059C72163B544ABDC6D6787E70D3EFDB\sketch\Cafetera.ino.cpp.o
                0x200004b4                lcd
 .bss.matrixAzucar
                0x200004d0       0x34 C:\Users\dalex\AppData\Local\arduino\sketches\059C72163B544ABDC6D6787E70D3EFDB\sketch\Cafetera.ino.cpp.o
                0x200004d0                matrixAzucar
 .bss.matrixAgua
                0x20000504       0x34 C:\Users\dalex\AppData\Local\arduino\sketches\059C72163B544ABDC6D6787E70D3EFDB\sketch\Cafetera.ino.cpp.o
                0x20000504                matrixAgua
 .bss._ZL10_spi2_this
                0x20000538        0x4 C:\Users\dalex\AppData\Local\arduino\sketches\059C72163B544ABDC6D6787E70D3EFDB\libraries\SPI\SPI.cpp.o
 .bss._ZL10_spi1_this
                0x2000053c        0x4 C:\Users\dalex\AppData\Local\arduino\sketches\059C72163B544ABDC6D6787E70D3EFDB\libraries\SPI\SPI.cpp.o
 .bss.SPI       0x20000540       0x4c C:\Users\dalex\AppData\Local\arduino\sketches\059C72163B544ABDC6D6787E70D3EFDB\libraries\SPI\SPI.cpp.o
                0x20000540                SPI
 .bss.Serial1   0x2000058c       0x18 C:\Users\dalex\AppData\Local\arduino\sketches\059C72163B544ABDC6D6787E70D3EFDB\core\board.cpp.o
                0x2000058c                Serial1
 .bss.Serial2   0x200005a4       0x18 C:\Users\dalex\AppData\Local\arduino\sketches\059C72163B544ABDC6D6787E70D3EFDB\core\board.cpp.o
                0x200005a4                Serial2
 .bss.Serial3   0x200005bc       0x18 C:\Users\dalex\AppData\Local\arduino\sketches\059C72163B544ABDC6D6787E70D3EFDB\core\board.cpp.o
                0x200005bc                Serial3
 .bss.pbreak.4444
                0x200005d4        0x4 C:\Users\dalex\AppData\Local\arduino\sketches\059C72163B544ABDC6D6787E70D3EFDB\core\wirish\syscalls.c.o
 .bss.exti_channels
                0x200005d8       0x80 C:\Users\dalex\AppData\Local\arduino\cores\65f3c8272c88b8acb16a1f86b70060c0\core.a(exti.c.o)
                0x200005d8                exti_channels
 .bss.systick_user_callback
                0x20000658        0x4 C:\Users\dalex\AppData\Local\arduino\cores\65f3c8272c88b8acb16a1f86b70060c0\core.a(systick.c.o)
 .bss.usart1_wb
                0x2000065c        0xc C:\Users\dalex\AppData\Local\arduino\cores\65f3c8272c88b8acb16a1f86b70060c0\core.a(usart_f1.c.o)
 .bss.usart1_rb
                0x20000668        0xc C:\Users\dalex\AppData\Local\arduino\cores\65f3c8272c88b8acb16a1f86b70060c0\core.a(usart_f1.c.o)
 .bss.usart2_rb
                0x20000674        0xc C:\Users\dalex\AppData\Local\arduino\cores\65f3c8272c88b8acb16a1f86b70060c0\core.a(usart_f1.c.o)
 .bss.usart3_rb
                0x20000680        0xc C:\Users\dalex\AppData\Local\arduino\cores\65f3c8272c88b8acb16a1f86b70060c0\core.a(usart_f1.c.o)
 .bss.usart2_wb
                0x2000068c        0xc C:\Users\dalex\AppData\Local\arduino\cores\65f3c8272c88b8acb16a1f86b70060c0\core.a(usart_f1.c.o)
 .bss.usart3_wb
                0x20000698        0xc C:\Users\dalex\AppData\Local\arduino\cores\65f3c8272c88b8acb16a1f86b70060c0\core.a(usart_f1.c.o)
 .bss.line_dtr_rts
                0x200006a4        0x1 C:\Users\dalex\AppData\Local\arduino\cores\65f3c8272c88b8acb16a1f86b70060c0\core.a(usb_cdcacm.c.o)
 *fill*         0x200006a5        0x3 
 .bss.tx_head   0x200006a8        0x4 C:\Users\dalex\AppData\Local\arduino\cores\65f3c8272c88b8acb16a1f86b70060c0\core.a(usb_cdcacm.c.o)
 .bss.transmitting
                0x200006ac        0x1 C:\Users\dalex\AppData\Local\arduino\cores\65f3c8272c88b8acb16a1f86b70060c0\core.a(usb_cdcacm.c.o)
 *fill*         0x200006ad        0x3 
 .bss.rx_tail   0x200006b0        0x4 C:\Users\dalex\AppData\Local\arduino\cores\65f3c8272c88b8acb16a1f86b70060c0\core.a(usb_cdcacm.c.o)
 .bss.iface_setup_hook
                0x200006b4        0x4 C:\Users\dalex\AppData\Local\arduino\cores\65f3c8272c88b8acb16a1f86b70060c0\core.a(usb_cdcacm.c.o)
 .bss.rx_head   0x200006b8        0x4 C:\Users\dalex\AppData\Local\arduino\cores\65f3c8272c88b8acb16a1f86b70060c0\core.a(usb_cdcacm.c.o)
 .bss.tx_tail   0x200006bc        0x4 C:\Users\dalex\AppData\Local\arduino\cores\65f3c8272c88b8acb16a1f86b70060c0\core.a(usb_cdcacm.c.o)
 .bss.Data_Mul_MaxPacketSize
                0x200006c0        0x1 C:\Users\dalex\AppData\Local\arduino\cores\65f3c8272c88b8acb16a1f86b70060c0\core.a(usb_core.c.o)
                0x200006c0                Data_Mul_MaxPacketSize
 *fill*         0x200006c1        0x3 
 .bss.__malloc_sbrk_start
                0x200006c4        0x4 c:/users/dalex/appdata/local/arduino15/packages/arduino/tools/arm-none-eabi-gcc/4.8.3-2014q1/bin/../lib/gcc/arm-none-eabi/4.8.3/../../../../arm-none-eabi/lib/armv7-m\libc_s.a(lib_a-nano-mallocr.o)
                0x200006c4                __malloc_sbrk_start
 .bss.__malloc_free_list
                0x200006c8        0x4 c:/users/dalex/appdata/local/arduino15/packages/arduino/tools/arm-none-eabi-gcc/4.8.3-2014q1/bin/../lib/gcc/arm-none-eabi/4.8.3/../../../../arm-none-eabi/lib/armv7-m\libc_s.a(lib_a-nano-mallocr.o)
                0x200006c8                __malloc_free_list
 *(COMMON)
 COMMON         0x200006cc        0x4 C:\Users\dalex\AppData\Local\arduino\cores\65f3c8272c88b8acb16a1f86b70060c0\core.a(systick.c.o)
                0x200006cc                systick_uptime_millis
 COMMON         0x200006d0        0x6 C:\Users\dalex\AppData\Local\arduino\cores\65f3c8272c88b8acb16a1f86b70060c0\core.a(usb.c.o)
                0x200006d0                SaveRState
                0x200006d2                SaveTState
                0x200006d4                ResumeS
 COMMON         0x200006d6        0x2 C:\Users\dalex\AppData\Local\arduino\cores\65f3c8272c88b8acb16a1f86b70060c0\core.a(usb_core.c.o)
                0x200006d6                StatusInfo
 COMMON         0x200006d8       0x32 C:\Users\dalex\AppData\Local\arduino\cores\65f3c8272c88b8acb16a1f86b70060c0\core.a(usb_init.c.o)
                0x200006d8                SaveState
                0x200006dc                pProperty
                0x200006e0                EPindex
                0x200006e4                Device_Info
                0x20000700                pUser_Standard_Requests
                0x20000704                pInformation
                0x20000708                wInterrupt_Mask
 *fill*         0x2000070a        0x2 
 COMMON         0x2000070c        0x4 c:/users/dalex/appdata/local/arduino15/packages/arduino/tools/arm-none-eabi-gcc/4.8.3-2014q1/bin/../lib/gcc/arm-none-eabi/4.8.3/../../../../arm-none-eabi/lib/armv7-m\libc_s.a(lib_a-reent.o)
                0x2000070c                errno
                0x20000710                . = ALIGN (0x8)
                0x20000710                __bss_end__ = .
                0x20000710                _end = __bss_end__

.stab
 *(.stab)

.stabstr
 *(.stabstr)

.debug
 *(.debug)

.line
 *(.line)

.debug_srcinfo
 *(.debug_srcinfo)

.debug_sfnames
 *(.debug_sfnames)

.debug_aranges  0x00000000     0x1860
 *(.debug_aranges)
 .debug_aranges
                0x00000000       0x68 C:\Users\dalex\AppData\Local\arduino\sketches\059C72163B544ABDC6D6787E70D3EFDB\sketch\Cafetera.ino.cpp.o
 .debug_aranges
                0x00000068       0xf8 C:\Users\dalex\AppData\Local\arduino\sketches\059C72163B544ABDC6D6787E70D3EFDB\libraries\LiquidCrystal\LiquidCrystal.cpp.o
 .debug_aranges
                0x00000160       0xc0 C:\Users\dalex\AppData\Local\arduino\sketches\059C72163B544ABDC6D6787E70D3EFDB\libraries\MD_Parola\MD_PZone.cpp.o
 .debug_aranges
                0x00000220       0x58 C:\Users\dalex\AppData\Local\arduino\sketches\059C72163B544ABDC6D6787E70D3EFDB\libraries\MD_Parola\MD_Parola.cpp.o
 .debug_aranges
                0x00000278       0x28 C:\Users\dalex\AppData\Local\arduino\sketches\059C72163B544ABDC6D6787E70D3EFDB\libraries\MD_Parola\MD_Parola_Blinds.cpp.o
 .debug_aranges
                0x000002a0       0x30 C:\Users\dalex\AppData\Local\arduino\sketches\059C72163B544ABDC6D6787E70D3EFDB\libraries\MD_Parola\MD_Parola_Close.cpp.o
 .debug_aranges
                0x000002d0       0x30 C:\Users\dalex\AppData\Local\arduino\sketches\059C72163B544ABDC6D6787E70D3EFDB\libraries\MD_Parola\MD_Parola_Diag.cpp.o
 .debug_aranges
                0x00000300       0x30 C:\Users\dalex\AppData\Local\arduino\sketches\059C72163B544ABDC6D6787E70D3EFDB\libraries\MD_Parola\MD_Parola_Dissolve.cpp.o
 .debug_aranges
                0x00000330       0x30 C:\Users\dalex\AppData\Local\arduino\sketches\059C72163B544ABDC6D6787E70D3EFDB\libraries\MD_Parola\MD_Parola_Fade.cpp.o
 .debug_aranges
                0x00000360       0x28 C:\Users\dalex\AppData\Local\arduino\sketches\059C72163B544ABDC6D6787E70D3EFDB\libraries\MD_Parola\MD_Parola_Grow.cpp.o
 .debug_aranges
                0x00000388       0x28 C:\Users\dalex\AppData\Local\arduino\sketches\059C72163B544ABDC6D6787E70D3EFDB\libraries\MD_Parola\MD_Parola_HScroll.cpp.o
 .debug_aranges
                0x000003b0       0x20 C:\Users\dalex\AppData\Local\arduino\sketches\059C72163B544ABDC6D6787E70D3EFDB\libraries\MD_Parola\MD_Parola_Mesh.cpp.o
 .debug_aranges
                0x000003d0       0x28 C:\Users\dalex\AppData\Local\arduino\sketches\059C72163B544ABDC6D6787E70D3EFDB\libraries\MD_Parola\MD_Parola_Open.cpp.o
 .debug_aranges
                0x000003f8       0x30 C:\Users\dalex\AppData\Local\arduino\sketches\059C72163B544ABDC6D6787E70D3EFDB\libraries\MD_Parola\MD_Parola_Print.cpp.o
 .debug_aranges
                0x00000428       0x20 C:\Users\dalex\AppData\Local\arduino\sketches\059C72163B544ABDC6D6787E70D3EFDB\libraries\MD_Parola\MD_Parola_Random.cpp.o
 .debug_aranges
                0x00000448       0x38 C:\Users\dalex\AppData\Local\arduino\sketches\059C72163B544ABDC6D6787E70D3EFDB\libraries\MD_Parola\MD_Parola_Scan.cpp.o
 .debug_aranges
                0x00000480       0x28 C:\Users\dalex\AppData\Local\arduino\sketches\059C72163B544ABDC6D6787E70D3EFDB\libraries\MD_Parola\MD_Parola_Slice.cpp.o
 .debug_aranges
                0x000004a8       0x28 C:\Users\dalex\AppData\Local\arduino\sketches\059C72163B544ABDC6D6787E70D3EFDB\libraries\MD_Parola\MD_Parola_Sprite.cpp.o
 .debug_aranges
                0x000004d0       0x20 C:\Users\dalex\AppData\Local\arduino\sketches\059C72163B544ABDC6D6787E70D3EFDB\libraries\MD_Parola\MD_Parola_VScroll.cpp.o
 .debug_aranges
                0x000004f0       0x28 C:\Users\dalex\AppData\Local\arduino\sketches\059C72163B544ABDC6D6787E70D3EFDB\libraries\MD_Parola\MD_Parola_Wipe.cpp.o
 .debug_aranges
                0x00000518       0x90 C:\Users\dalex\AppData\Local\arduino\sketches\059C72163B544ABDC6D6787E70D3EFDB\libraries\MD_MAX72XX\MD_MAX72xx.cpp.o
 .debug_aranges
                0x000005a8       0x98 C:\Users\dalex\AppData\Local\arduino\sketches\059C72163B544ABDC6D6787E70D3EFDB\libraries\MD_MAX72XX\MD_MAX72xx_buf.cpp.o
 .debug_aranges
                0x00000640       0x50 C:\Users\dalex\AppData\Local\arduino\sketches\059C72163B544ABDC6D6787E70D3EFDB\libraries\MD_MAX72XX\MD_MAX72xx_font.cpp.o
 .debug_aranges
                0x00000690       0x60 C:\Users\dalex\AppData\Local\arduino\sketches\059C72163B544ABDC6D6787E70D3EFDB\libraries\MD_MAX72XX\MD_MAX72xx_pix.cpp.o
 .debug_aranges
                0x000006f0      0x1a0 C:\Users\dalex\AppData\Local\arduino\sketches\059C72163B544ABDC6D6787E70D3EFDB\libraries\SPI\SPI.cpp.o
 .debug_aranges
                0x00000890       0x28 C:\Users\dalex\AppData\Local\arduino\sketches\059C72163B544ABDC6D6787E70D3EFDB\core\board.cpp.o
 .debug_aranges
                0x000008b8       0x40 C:\Users\dalex\AppData\Local\arduino\sketches\059C72163B544ABDC6D6787E70D3EFDB\core\wirish\boards.cpp.o
 .debug_aranges
                0x000008f8       0x40 C:\Users\dalex\AppData\Local\arduino\sketches\059C72163B544ABDC6D6787E70D3EFDB\core\wirish\boards_setup.cpp.o
 .debug_aranges
                0x00000938       0x20 C:\Users\dalex\AppData\Local\arduino\sketches\059C72163B544ABDC6D6787E70D3EFDB\core\wirish\start.S.o
 .debug_aranges
                0x00000958       0x20 C:\Users\dalex\AppData\Local\arduino\sketches\059C72163B544ABDC6D6787E70D3EFDB\core\wirish\start_c.c.o
 .debug_aranges
                0x00000978       0x88 C:\Users\dalex\AppData\Local\arduino\sketches\059C72163B544ABDC6D6787E70D3EFDB\core\wirish\syscalls.c.o
 .debug_aranges