Archive member included because of file (symbol)

C:\Users\dalex\AppData\Local\arduino\sketches\059C72163B544ABDC6D6787E70D3EFDB\libraries\L293\L293.a(L293_base.cpp.o)
                              C:\Users\dalex\AppData\Local\arduino\sketches\059C72163B544ABDC6D6787E70D3EFDB\sketch\Cafetera.ino.cpp.o (L293_base::stop() const)
C:\Users\dalex\AppData\Local\arduino\sketches\059C72163B544ABDC6D6787E70D3EFDB\libraries\L293\L293.a(L293_std.cpp.o)
                              C:\Users\dalex\AppData\Local\arduino\sketches\059C72163B544ABDC6D6787E70D3EFDB\sketch\Cafetera.ino.cpp.o (L293::forward(unsigned char))
C:\Users\dalex\AppData\Local\arduino\cores\65f3c8272c88b8acb16a1f86b70060c0\core.a(HardwareSerial.cpp.o)
                              C:\Users\dalex\AppData\Local\arduino\sketches\059C72163B544ABDC6D6787E70D3EFDB\core\board.cpp.o (HardwareSerial::HardwareSerial(usart_dev*, unsigned char, unsigned char))
C:\Users\dalex\AppData\Local\arduino\cores\65f3c8272c88b8acb16a1f86b70060c0\core.a(Print.cpp.o)
                              C:\Users\dalex\AppData\Local\arduino\sketches\059C72163B544ABDC6D6787E70D3EFDB\libraries\LiquidCrystal\LiquidCrystal.cpp.o (Print::write(void const*, unsigned long))
C:\Users\dalex\AppData\Local\arduino\cores\65f3c8272c88b8acb16a1f86b70060c0\core.a(cxxabi-compat.cpp.o)
                              C:\Users\dalex\AppData\Local\arduino\sketches\059C72163B544ABDC6D6787E70D3EFDB\libraries\L293\L293.a(L293_std.cpp.o) (__cxa_pure_virtual)
C:\Users\dalex\AppData\Local\arduino\cores\65f3c8272c88b8acb16a1f86b70060c0\core.a(adc.c.o)
                              C:\Users\dalex\AppData\Local\arduino\sketches\059C72163B544ABDC6D6787E70D3EFDB\core\wirish\boards.cpp.o (adc_set_sample_rate)
C:\Users\dalex\AppData\Local\arduino\cores\65f3c8272c88b8acb16a1f86b70060c0\core.a(adc_f1.c.o)
                              (__irq_adc)
C:\Users\dalex\AppData\Local\arduino\cores\65f3c8272c88b8acb16a1f86b70060c0\core.a(dma.c.o)
                              C:\Users\dalex\AppData\Local\arduino\sketches\059C72163B544ABDC6D6787E70D3EFDB\libraries\SPI\SPI.cpp.o (dma_init)
C:\Users\dalex\AppData\Local\arduino\cores\65f3c8272c88b8acb16a1f86b70060c0\core.a(dma_f1.c.o)
                              C:\Users\dalex\AppData\Local\arduino\sketches\059C72163B544ABDC6D6787E70D3EFDB\libraries\SPI\SPI.cpp.o (dma_set_priority)
C:\Users\dalex\AppData\Local\arduino\cores\65f3c8272c88b8acb16a1f86b70060c0\core.a(exc.S.o)
                              (__exc_nmi)
C:\Users\dalex\AppData\Local\arduino\cores\65f3c8272c88b8acb16a1f86b70060c0\core.a(exti.c.o)
                              (__irq_exti0)
C:\Users\dalex\AppData\Local\arduino\cores\65f3c8272c88b8acb16a1f86b70060c0\core.a(exti_f1.c.o)
                              C:\Users\dalex\AppData\Local\arduino\cores\65f3c8272c88b8acb16a1f86b70060c0\core.a(exti.c.o) (exti_select)
C:\Users\dalex\AppData\Local\arduino\cores\65f3c8272c88b8acb16a1f86b70060c0\core.a(flash.c.o)
                              C:\Users\dalex\AppData\Local\arduino\sketches\059C72163B544ABDC6D6787E70D3EFDB\core\wirish\boards.cpp.o (flash_set_latency)
C:\Users\dalex\AppData\Local\arduino\cores\65f3c8272c88b8acb16a1f86b70060c0\core.a(gpio_f1.c.o)
                              C:\Users\dalex\AppData\Local\arduino\sketches\059C72163B544ABDC6D6787E70D3EFDB\core\wirish\boards_setup.cpp.o (gpio_init_all)
C:\Users\dalex\AppData\Local\arduino\cores\65f3c8272c88b8acb16a1f86b70060c0\core.a(i2c_f1.c.o)
                              (__irq_i2c1_ev)
C:\Users\dalex\AppData\Local\arduino\cores\65f3c8272c88b8acb16a1f86b70060c0\core.a(nvic.c.o)
                              C:\Users\dalex\AppData\Local\arduino\cores\65f3c8272c88b8acb16a1f86b70060c0\core.a(i2c_f1.c.o) (nvic_irq_set_priority)
C:\Users\dalex\AppData\Local\arduino\cores\65f3c8272c88b8acb16a1f86b70060c0\core.a(rcc.c.o)
                              C:\Users\dalex\AppData\Local\arduino\sketches\059C72163B544ABDC6D6787E70D3EFDB\libraries\SPI\SPI.cpp.o (rcc_dev_clk)
C:\Users\dalex\AppData\Local\arduino\cores\65f3c8272c88b8acb16a1f86b70060c0\core.a(rcc_f1.c.o)
                              C:\Users\dalex\AppData\Local\arduino\sketches\059C72163B544ABDC6D6787E70D3EFDB\core\wirish\boards.cpp.o (rcc_configure_pll)
C:\Users\dalex\AppData\Local\arduino\cores\65f3c8272c88b8acb16a1f86b70060c0\core.a(spi.c.o)
                              C:\Users\dalex\AppData\Local\arduino\sketches\059C72163B544ABDC6D6787E70D3EFDB\libraries\SPI\SPI.cpp.o (spi_init)
C:\Users\dalex\AppData\Local\arduino\cores\65f3c8272c88b8acb16a1f86b70060c0\core.a(spi_f1.c.o)
                              C:\Users\dalex\AppData\Local\arduino\sketches\059C72163B544ABDC6D6787E70D3EFDB\libraries\SPI\SPI.cpp.o (spi_config_gpios)
C:\Users\dalex\AppData\Local\arduino\cores\65f3c8272c88b8acb16a1f86b70060c0\core.a(isrs.S.o)
                              (__stm32reservedexception7)
[...]
Memory Configuration

Name             Origin             Length             Attributes
ram              0x20000000         0x00005000         xrw
rom              0x08000000         0x00020000         xr
*default*        0x00000000         0xffffffff

Linker script and memory map

LOAD c:/users/dalex/appdata/local/arduino15/packages/arduino/tools/arm-none-eabi-gcc/4.8.3-2014q1/bin/../lib/gcc/arm-none-eabi/4.8.3/armv7-m/crti.o
LOAD c:/users/dalex/appdata/local/arduino15/packages/arduino/tools/arm-none-eabi-gcc/4.8.3-2014q1/bin/../lib/gcc/arm-none-eabi/4.8.3/armv7-m/crtbegin.o
LOAD c:/users/dalex/appdata/local/arduino15/packages/arduino/tools/arm-none-eabi-gcc/4.8.3-2014q1/bin/../lib/gcc/arm-none-eabi/4.8.3/../../../../arm-none-eabi/lib/armv7-m/crt0.o
LOAD c:/users/dalex/appdata/local/arduino15/packages/arduino/tools/arm-none-eabi-gcc/4.8.3-2014q1/bin/../lib/gcc/arm-none-eabi/4.8.3/armv7-m\libgcc.a
START GROUP
LOAD C:\Users\dalex\AppData\Local\arduino\sketches\059C72163B544ABDC6D6787E70D3EFDB\sketch\Cafetera.ino.cpp.o
LOAD C:\Users\dalex\AppData\Local\arduino\sketches\059C72163B544ABDC6D6787E70D3EFDB\libraries\LiquidCrystal\LiquidCrystal.cpp.o
LOAD C:\Users\dalex\AppData\Local\arduino\sketches\059C72163B544ABDC6D6787E70D3EFDB\libraries\MD_Parola\MD_PZone.cpp.o
LOAD C:\Users\dalex\AppData\Local\arduino\sketches\059C72163B544ABDC6D6787E70D3EFDB\libraries\MD_Parola\MD_Parola.cpp.o
LOAD C:\Users\dalex\AppData\Local\arduino\sketches\059C72163B544ABDC6D6787E70D3EFDB\libraries\MD_Parola\MD_Parola_Blinds.cpp.o
LOAD C:\Users\dalex\AppData\Local\arduino\sketches\059C72163B544ABDC6D6787E70D3EFDB\libraries\MD_Parola\MD_Parola_Close.cpp.o
LOAD C:\Users\dalex\AppData\Local\arduino\sketches\059C72163B544ABDC6D6787E70D3EFDB\libraries\MD_Parola\MD_Parola_Diag.cpp.o
LOAD C:\Users\dalex\AppData\Local\arduino\sketches\059C72163B544ABDC6D6787E70D3EFDB\libraries\MD_Parola\MD_Parola_Dissolve.cpp.o
LOAD C:\Users\dalex\AppData\Local\arduino\sketches\059C72163B544ABDC6D6787E70D3EFDB\libraries\MD_Parola\MD_Parola_Fade.cpp.o
LOAD C:\Users\dalex\AppData\Local\arduino\sketches\059C72163B544ABDC6D6787E70D3EFDB\libraries\MD_Parola\MD_Parola_Grow.cpp.o
LOAD C:\Users\dalex\AppData\Local\arduino\sketches\059C72163B544ABDC6D6787E70D3EFDB\libraries\MD_Parola\MD_Parola_HScroll.cpp.o
LOAD C:\Users\dalex\AppData\Local\arduino\sketches\059C72163B544ABDC6D6787E70D3EFDB\libraries\MD_Parola\MD_Parola_Mesh.cpp.o
LOAD C:\Users\dalex\AppData\Local\arduino\sketches\059C72163B544ABDC6D6787E70D3EFDB\libraries\MD_Parola\MD_Parola_Open.cpp.o
LOAD C:\Users\dalex\AppData\Local\arduino\sketches\059C72163B544ABDC6D6787E70D3EFDB\libraries\MD_Parola\MD_Parola_Print.cpp.o
LOAD C:\Users\dalex\AppData\Local\arduino\sketches\059C72163B544ABDC6D6787E70D3EFDB\libraries\MD_Parola\MD_Parola_Random.cpp.o
LOAD C:\Users\dalex\AppData\Local\arduino\sketches\059C72163B544ABDC6D6787E70D3EFDB\libraries\MD_Parola\MD_Parola_Scan.cpp.o
LOAD C:\Users\dalex\AppData\Local\arduino\sketches\059C72163B544ABDC6D6787E70D3EFDB\libraries\MD_Parola\MD_Parola_Slice.cpp.o
LOAD C:\Users\dalex\AppData\Local\arduino\sketches\059C72163B544ABDC6D6787E70D3EFDB\libraries\MD_Parola\MD_Parola_Sprite.cpp.o
LOAD C:\Users\dalex\AppData\Local\arduino\sketches\059C72163B544ABDC6D6787E70D3EFDB\libraries\MD_Parola\MD_Parola_VScroll.cpp.o
LOAD C:\Users\dalex\AppData\Local\arduino\sketches\059C72163B544ABDC6D6787E70D3EFDB\libraries\MD_Parola\MD_Parola_Wipe.cpp.o
LOAD C:\Users\dalex\AppData\Local\arduino\sketches\059C72163B544ABDC6D6787E70D3EFDB\libraries\MD_MAX72XX\MD_MAX72xx.cpp.o
LOAD C:\Users\dalex\AppData\Local\arduino\sketches\059C72163B544ABDC6D6787E70D3EFDB\libraries\MD_MAX72XX\MD_MAX72xx_buf.cpp.o
LOAD C:\Users\dalex\AppData\Local\arduino\sketches\059C72163B544ABDC6D6787E70D3EFDB\libraries\MD_MAX72XX\MD_MAX72xx_font.cpp.o
LOAD C:\Users\dalex\AppData\Local\arduino\sketches\059C72163B544ABDC6D6787E70D3EFDB\libraries\MD_MAX72XX\MD_MAX72xx_pix.cpp.o
LOAD C:\Users\dalex\AppData\Local\arduino\sketches\059C72163B544ABDC6D6787E70D3EFDB\libraries\SPI\SPI.cpp.o
LOAD C:\Users\dalex\AppData\Local\arduino\sketches\059C72163B544ABDC6D6787E70D3EFDB\libraries\L293\L293.a
LOAD C:\Users\dalex\AppData\Local\arduino\sketches\059C72163B544ABDC6D6787E70D3EFDB\core\board.cpp.o
LOAD C:\Users\dalex\AppData\Local\arduino\sketches\059C72163B544ABDC6D6787E70D3EFDB\core\wirish\boards.cpp.o
LOAD C:\Users\dalex\AppData\Local\arduino\sketches\059C72163B544ABDC6D6787E70D3EFDB\core\wirish\boards_setup.cpp.o
LOAD C:\Users\dalex\AppData\Local\arduino\sketches\059C72163B544ABDC6D6787E70D3EFDB\core\wirish\start.S.o
LOAD C:\Users\dalex\AppData\Local\arduino\sketches\059C72163B544ABDC6D6787E70D3EFDB\core\wirish\start_c.c.o
LOAD C:\Users\dalex\AppData\Local\arduino\sketches\059C72163B544ABDC6D6787E70D3EFDB\core\wirish\syscalls.c.o
LOAD C:\Users\dalex\AppData\Local\arduino\cores\65f3c8272c88b8acb16a1f86b70060c0\core.a
END GROUP
LOAD c:/users/dalex/appdata/local/arduino15/packages/arduino/tools/arm-none-eabi-gcc/4.8.3-2014q1/bin/../lib/gcc/arm-none-eabi/4.8.3/../../../../arm-none-eabi/lib/armv7-m\libstdc++_s.a
LOAD c:/users/dalex/appdata/local/arduino15/packages/arduino/tools/arm-none-eabi-gcc/4.8.3-2014q1/bin/../lib/gcc/arm-none-eabi/4.8.3/../../../../arm-none-eabi/lib/armv7-m\libm.a
START GROUP
LOAD c:/users/dalex/appdata/local/arduino15/packages/arduino/tools/arm-none-eabi-gcc/4.8.3-2014q1/bin/../lib/gcc/arm-none-eabi/4.8.3/armv7-m\libgcc.a
LOAD c:/users/dalex/appdata/local/arduino15/packages/arduino/tools/arm-none-eabi-gcc/4.8.3-2014q1/bin/../lib/gcc/arm-none-eabi/4.8.3/../../../../arm-none-eabi/lib/armv7-m\libc_s.a
END GROUP
START GROUP
LOAD c:/users/dalex/appdata/local/arduino15/packages/arduino/tools/arm-none-eabi-gcc/4.8.3-2014q1/bin/../lib/gcc/arm-none-eabi/4.8.3/armv7-m\libgcc.a
LOAD c:/users/dalex/appdata/local/arduino15/packages/arduino/tools/arm-none-eabi-gcc/4.8.3-2014q1/bin/../lib/gcc/arm-none-eabi/4.8.3/../../../../arm-none-eabi/lib/armv7-m\libc_s.a
END GROUP
LOAD c:/users/dalex/appdata/local/arduino15/packages/arduino/tools/arm-none-eabi-gcc/4.8.3-2014q1/bin/../lib/gcc/arm-none-eabi/4.8.3/armv7-m/crtend.o
LOAD c:/users/dalex/appdata/local/arduino15/packages/arduino/tools/arm-none-eabi-gcc/4.8.3-2014q1/bin/../lib/gcc/arm-none-eabi/4.8.3/armv7-m/crtn.o
START GROUP
LOAD c:/users/dalex/appdata/local/arduino15/packages/arduino/tools/arm-none-eabi-gcc/4.8.3-2014q1/bin/../lib/gcc/arm-none-eabi/4.8.3/armv7-m\libgcc.a
LOAD c:/users/dalex/appdata/local/arduino15/packages/arduino/tools/arm-none-eabi-gcc/4.8.3-2014q1/bin/../lib/gcc/arm-none-eabi/4.8.3/../../../../arm-none-eabi/lib/armv7-m\libc.a
LOAD c:/users/dalex/appdata/local/arduino15/packages/arduino/tools/arm-none-eabi-gcc/4.8.3-2014q1/bin/../lib/gcc/arm-none-eabi/4.8.3/../../../../arm-none-eabi/lib/armv7-m\libm.a
END GROUP
START GROUP
LOAD c:/users/dalex/appdata/local/arduino15/packages/arduino/tools/arm-none-eabi-gcc/4.8.3-2014q1/bin/../lib/gcc/arm-none-eabi/4.8.3/../../../../arm-none-eabi/lib/armv7-m\libnosys.a
END GROUP
                0x20005000                PROVIDE (__msp_init, (ORIGIN (ram) + 0x5000))
                0x080016f0                PROVIDE (__exc_reset, __start__)

.text           0x08000000     0x4240
                0x08000000                __text_start__ = .
 *(.stm32.interrupt_vector)
 .stm32.interrupt_vector
                0x08000000       0xec C:\Users\dalex\AppData\Local\arduino\cores\65f3c8272c88b8acb16a1f86b70060c0\core.a(vector_table.S.o)
                0x08000000                __stm32_vector_table
 *(.text .text.* .gnu.linkonce.t.*)
 .text          0x080000ec       0x54 c:/users/dalex/appdata/local/arduino15/packages/arduino/tools/arm-none-eabi-gcc/4.8.3-2014q1/bin/../lib/gcc/arm-none-eabi/4.8.3/armv7-m/crtbegin.o
 .text._ZN10MD_MAX72XX5clearEv
                0x08000140        0xc C:\Users\dalex\AppData\Local\arduino\sketches\059C72163B544ABDC6D6787E70D3EFDB\sketch\Cafetera.ino.cpp.o
                0x08000140                MD_MAX72XX::clear()
 .text._Z15actualizarNivelv
                0x0800014c       0x74 C:\Users\dalex\AppData\Local\arduino\sketches\059C72163B544ABDC6D6787E70D3EFDB\sketch\Cafetera.ino.cpp.o
                0x0800014c                actualizarNivel()
 .text._Z5setupv
                0x080001c0       0x9c C:\Users\dalex\AppData\Local\arduino\sketches\059C72163B544ABDC6D6787E70D3EFDB\sketch\Cafetera.ino.cpp.o
                0x080001c0                setup()
 .text._Z17modoConfiguracionv
                0x0800025c      0x160 C:\Users\dalex\AppData\Local\arduino\sketches\059C72163B544ABDC6D6787E70D3EFDB\sketch\Cafetera.ino.cpp.o
                0x0800025c                modoConfiguracion()
 .text._Z12detenerMotorv
                0x080003bc       0x28 C:\Users\dalex\AppData\Local\arduino\sketches\059C72163B544ABDC6D6787E70D3EFDB\sketch\Cafetera.ino.cpp.o
                0x080003bc                detenerMotor()
 .text.startup._GLOBAL__sub_I_motor
                0x080003e4       0x58 C:\Users\dalex\AppData\Local\arduino\sketches\059C72163B544ABDC6D6787E70D3EFDB\sketch\Cafetera.ino.cpp.o
 .text.exit._GLOBAL__sub_D_motor
                0x0800043c       0x1c C:\Users\dalex\AppData\Local\arduino\sketches\059C72163B544ABDC6D6787E70D3EFDB\sketch\Cafetera.ino.cpp.o
 .text._Z16prepararCafeRealv
                0x08000458      0x13c C:\Users\dalex\AppData\Local\arduino\sketches\059C72163B544ABDC6D6787E70D3EFDB\sketch\Cafetera.ino.cpp.o
                0x08000458                prepararCafeReal()
 .text._Z17seleccionarAzucarv
                0x08000594       0xd4 C:\Users\dalex\AppData\Local\arduino\sketches\059C72163B544ABDC6D6787E70D3EFDB\sketch\Cafetera.ino.cpp.o
                0x08000594                seleccionarAzucar()
 .text._Z12prepararCafev
                0x08000668      0x12c C:\Users\dalex\AppData\Local\arduino\sketches\059C72163B544ABDC6D6787E70D3EFDB\sketch\Cafetera.ino.cpp.o
                0x08000668                prepararCafe()
 .text._Z4loopv
                0x08000794       0x30 C:\Users\dalex\AppData\Local\arduino\sketches\059C72163B544ABDC6D6787E70D3EFDB\sketch\Cafetera.ino.cpp.o
                0x08000794                loop()
 .text._ZN13LiquidCrystalC2Ehhhhhh
                0x080007c4       0x3c C:\Users\dalex\AppData\Local\arduino\sketches\059C72163B544ABDC6D6787E70D3EFDB\libraries\LiquidCrystal\LiquidCrystal.cpp.o
                0x080007c4                LiquidCrystal::LiquidCrystal(unsigned char, unsigned char, unsigned char, unsigned char, unsigned char, unsigned char)
                0x080007c4                LiquidCrystal::LiquidCrystal(unsigned char, unsigned char, unsigned char, unsigned char, unsigned char, unsigned char)
 .text._ZN13LiquidCrystal11pulseEnableEv
                0x08000800       0x54 C:\Users\dalex\AppData\Local\arduino\sketches\059C72163B544ABDC6D6787E70D3EFDB\libraries\LiquidCrystal\LiquidCrystal.cpp.o
                0x08000800                LiquidCrystal::pulseEnable()
 .text._ZN13LiquidCrystal10write4bitsEh
                0x08000854       0x28 C:\Users\dalex\AppData\Local\arduino\sketches\059C72163B544ABDC6D6787E70D3EFDB\libraries\LiquidCrystal\LiquidCrystal.cpp.o
                0x08000854                LiquidCrystal::write4bits(unsigned char)
 .text._ZN13LiquidCrystal10write8bitsEh
                0x0800087c       0x28 C:\Users\dalex\AppData\Local\arduino\sketches\059C72163B544ABDC6D6787E70D3EFDB\libraries\LiquidCrystal\LiquidCrystal.cpp.o
                0x0800087c                LiquidCrystal::write8bits(unsigned char)
 .text._ZN13LiquidCrystal4sendEhh
                0x080008a4       0x3e C:\Users\dalex\AppData\Local\arduino\sketches\059C72163B544ABDC6D6787E70D3EFDB\libraries\LiquidCrystal\LiquidCrystal.cpp.o
                0x080008a4                LiquidCrystal::send(unsigned char, unsigned char)
 .text._ZN13LiquidCrystal7commandEh
                0x080008e2        0x6 C:\Users\dalex\AppData\Local\arduino\sketches\059C72163B544ABDC6D6787E70D3EFDB\libraries\LiquidCrystal\LiquidCrystal.cpp.o
                0x080008e2                LiquidCrystal::command(unsigned char)
 .text._ZN13LiquidCrystal5clearEv
                0x080008e8       0x12 C:\Users\dalex\AppData\Local\arduino\sketches\059C72163B544ABDC6D6787E70D3EFDB\libraries\LiquidCrystal\LiquidCrystal.cpp.o
                0x080008e8                LiquidCrystal::clear()
 *fill*         0x080008fa        0x2 
 .text._ZN13LiquidCrystal9setCursorEhh
                0x080008fc       0x40 C:\Users\dalex\AppData\Local\arduino\sketches\059C72163B544ABDC6D6787E70D3EFDB\libraries\LiquidCrystal\LiquidCrystal.cpp.o
                0x080008fc                LiquidCrystal::setCursor(unsigned char, unsigned char)
 .text._ZN13LiquidCrystal7displayEv
                0x0800093c       0x14 C:\Users\dalex\AppData\Local\arduino\sketches\059C72163B544ABDC6D6787E70D3EFDB\libraries\LiquidCrystal\LiquidCrystal.cpp.o
                0x0800093c                LiquidCrystal::display()
 .text._ZN13LiquidCrystal5beginEhhh
                0x08000950      0x112 C:\Users\dalex\AppData\Local\arduino\sketches\059C72163B544ABDC6D6787E70D3EFDB\libraries\LiquidCrystal\LiquidCrystal.cpp.o
                0x08000950                LiquidCrystal::begin(unsigned char, unsigned char, unsigned char)
 .text._ZN13LiquidCrystal5writeEh
                0x08000a62        0xc C:\Users\dalex\AppData\Local\arduino\sketches\059C72163B544ABDC6D6787E70D3EFDB\libraries\LiquidCrystal\LiquidCrystal.cpp.o
                0x08000a62                LiquidCrystal::write(unsigned char)
 .text._ZN10MD_MAX72XX19setModuleParametersENS_12moduleType_tE
                0x08000a6e       0x5a C:\Users\dalex\AppData\Local\arduino\sketches\059C72163B544ABDC6D6787E70D3EFDB\libraries\MD_MAX72XX\MD_MAX72xx.cpp.o
                0x08000a6e                MD_MAX72XX::setModuleParameters(MD_MAX72XX::moduleType_t)
 .text._ZN10MD_MAX72XXC2ENS_12moduleType_tEah
                0x08000ac8       0x28 C:\Users\dalex\AppData\Local\arduino\sketches\059C72163B544ABDC6D6787E70D3EFDB\libraries\MD_MAX72XX\MD_MAX72xx.cpp.o
                0x08000ac8                MD_MAX72XX::MD_MAX72XX(MD_MAX72XX::moduleType_t, signed char, unsigned char)
                0x08000ac8                MD_MAX72XX::MD_MAX72XX(MD_MAX72XX::moduleType_t, signed char, unsigned char)
 .text._ZN10MD_MAX72XXD2Ev
                0x08000af0       0x1e C:\Users\dalex\AppData\Local\arduino\sketches\059C72163B544ABDC6D6787E70D3EFDB\libraries\MD_MAX72XX\MD_MAX72xx.cpp.o
                0x08000af0                MD_MAX72XX::~MD_MAX72XX()
                0x08000af0                MD_MAX72XX::~MD_MAX72XX()
 .text._ZN10MD_MAX72XX15controlHardwareEhNS_16controlRequest_tEi
                0x08000b0e       0x64 C:\Users\dalex\AppData\Local\arduino\sketches\059C72163B544ABDC6D6787E70D3EFDB\libraries\MD_MAX72XX\MD_MAX72xx.cpp.o
                0x08000b0e                MD_MAX72XX::controlHardware(unsigned char, MD_MAX72XX::controlRequest_t, int)
 .text._ZN10MD_MAX72XX14spiClearBufferEv
                0x08000b72        0xc C:\Users\dalex\AppData\Local\arduino\sketches\059C72163B544ABDC6D6787E70D3EFDB\libraries\MD_MAX72XX\MD_MAX72xx.cpp.o
                0x08000b72                MD_MAX72XX::spiClearBuffer()
 *fill*         0x08000b7e        0x2 
 .text._ZN10MD_MAX72XX7spiSendEv
                0x08000b80       0xb4 C:\Users\dalex\AppData\Local\arduino\sketches\059C72163B544ABDC6D6787E70D3EFDB\libraries\MD_MAX72XX\MD_MAX72xx.cpp.o
                0x08000b80                MD_MAX72XX::spiSend()
 .text._ZN10MD_MAX72XX14flushBufferAllEv
                0x08000c34       0x82 C:\Users\dalex\AppData\Local\arduino\sketches\059C72163B544ABDC6D6787E70D3EFDB\libraries\MD_MAX72XX\MD_MAX72xx.cpp.o
                0x08000c34                MD_MAX72XX::flushBufferAll()
 .text._ZN10MD_MAX72XX14controlLibraryENS_16controlRequest_tEi
                0x08000cb6       0x2c C:\Users\dalex\AppData\Local\arduino\sketches\059C72163B544ABDC6D6787E70D3EFDB\libraries\MD_MAX72XX\MD_MAX72xx.cpp.o
                0x08000cb6                MD_MAX72XX::controlLibrary(MD_MAX72XX::controlRequest_t, int)
 .text._ZN10MD_MAX72XX7controlEhhNS_16controlRequest_tEi
                0x08000ce2       0x4a C:\Users\dalex\AppData\Local\arduino\sketches\059C72163B544ABDC6D6787E70D3EFDB\libraries\MD_MAX72XX\MD_MAX72xx.cpp.o
                0x08000ce2                MD_MAX72XX::control(unsigned char, unsigned char, MD_MAX72XX::controlRequest_t, int)
 .text._ZN10MD_MAX72XX7controlENS_16controlRequest_tEi
                0x08000d2c       0x16 C:\Users\dalex\AppData\Local\arduino\sketches\059C72163B544ABDC6D6787E70D3EFDB\libraries\MD_MAX72XX\MD_MAX72xx.cpp.o
                0x08000d2c                MD_MAX72XX::control(MD_MAX72XX::controlRequest_t, int)
 *fill*         0x08000d42        0x2 
 .text._ZN10MD_MAX72XX5beginEv
                0x08000d44       0xb8 C:\Users\dalex\AppData\Local\arduino\sketches\059C72163B544ABDC6D6787E70D3EFDB\libraries\MD_MAX72XX\MD_MAX72xx.cpp.o
                0x08000d44                MD_MAX72XX::begin()
 .text._ZN10MD_MAX72XX11flushBufferEh
                0x08000dfc       0x64 C:\Users\dalex\AppData\Local\arduino\sketches\059C72163B544ABDC6D6787E70D3EFDB\libraries\MD_MAX72XX\MD_MAX72xx.cpp.o
                0x08000dfc                MD_MAX72XX::flushBuffer(unsigned char)
 .text._ZN10MD_MAX72XX18setFontInfoDefaultEv
                0x08000e60       0x1a C:\Users\dalex\AppData\Local\arduino\sketches\059C72163B544ABDC6D6787E70D3EFDB\libraries\MD_MAX72XX\MD_MAX72xx_font.cpp.o
                0x08000e60                MD_MAX72XX::setFontInfoDefault()
 .text._ZN10MD_MAX72XX12getFontWidthEv
                0x08000e7a       0x2c C:\Users\dalex\AppData\Local\arduino\sketches\059C72163B544ABDC6D6787E70D3EFDB\libraries\MD_MAX72XX\MD_MAX72xx_font.cpp.o
                0x08000e7a                MD_MAX72XX::getFontWidth()
 .text._ZN10MD_MAX72XX12loadFontInfoEv
                0x08000ea6       0x60 C:\Users\dalex\AppData\Local\arduino\sketches\059C72163B544ABDC6D6787E70D3EFDB\libraries\MD_MAX72XX\MD_MAX72xx_font.cpp.o
                0x08000ea6                MD_MAX72XX::loadFontInfo()
 *fill*         0x08000f06        0x2 
 .text._ZN10MD_MAX72XX7setFontEPKh
                0x08000f08       0x20 C:\Users\dalex\AppData\Local\arduino\sketches\059C72163B544ABDC6D6787E70D3EFDB\libraries\MD_MAX72XX\MD_MAX72xx_font.cpp.o
                0x08000f08                MD_MAX72XX::setFont(unsigned char const*)
 .text._ZN10MD_MAX72XX5clearEhh
                0x08000f28       0x40 C:\Users\dalex\AppData\Local\arduino\sketches\059C72163B544ABDC6D6787E70D3EFDB\libraries\MD_MAX72XX\MD_MAX72xx_pix.cpp.o
                0x08000f28                MD_MAX72XX::clear(unsigned char, unsigned char)
 .text._ZN10MD_MAX72XX8setPointEhtb
                0x08000f68      0x152 C:\Users\dalex\AppData\Local\arduino\sketches\059C72163B544ABDC6D6787E70D3EFDB\libraries\MD_MAX72XX\MD_MAX72xx_pix.cpp.o
                0x08000f68                MD_MAX72XX::setPoint(unsigned char, unsigned short, bool)
 .text._ZL12waitSpiTxEndP7spi_dev
                0x080010ba       0x10 C:\Users\dalex\AppData\Local\arduino\sketches\059C72163B544ABDC6D6787E70D3EFDB\libraries\SPI\SPI.cpp.o
 .text._ZL11disable_pwmPK14stm32_pin_info
                0x080010ca       0x10 C:\Users\dalex\AppData\Local\arduino\sketches\059C72163B544ABDC6D6787E70D3EFDB\libraries\SPI\SPI.cpp.o
 *fill*         0x080010da        0x2 
 .text._ZL15dev_to_spi_pinsP7spi_dev.isra.8
                0x080010dc       0x1c C:\Users\dalex\AppData\Local\arduino\sketches\059C72163B544ABDC6D6787E70D3EFDB\libraries\SPI\SPI.cpp.o
 .text._ZL15configure_gpiosP7spi_devb
                0x080010f8       0x84 C:\Users\dalex\AppData\Local\arduino\sketches\059C72163B544ABDC6D6787E70D3EFDB\libraries\SPI\SPI.cpp.o
 .text._ZL19determine_baud_rateP7spi_devm.isra.9
                0x0800117c       0x3c C:\Users\dalex\AppData\Local\arduino\sketches\059C72163B544ABDC6D6787E70D3EFDB\libraries\SPI\SPI.cpp.o
 .text._ZN8SPIClassC2Em
                0x080011b8       0xa8 C:\Users\dalex\AppData\Local\arduino\sketches\059C72163B544ABDC6D6787E70D3EFDB\libraries\SPI\SPI.cpp.o
                0x080011b8                SPIClass::SPIClass(unsigned long)
                0x080011b8                SPIClass::SPIClass(unsigned long)
 .text._ZN8SPIClass14updateSettingsEv
                0x08001260       0x24 C:\Users\dalex\AppData\Local\arduino\sketches\059C72163B544ABDC6D6787E70D3EFDB\libraries\SPI\SPI.cpp.o
                0x08001260                SPIClass::updateSettings()
 .text._ZN8SPIClass5beginEv
                0x08001284       0x24 C:\Users\dalex\AppData\Local\arduino\sketches\059C72163B544ABDC6D6787E70D3EFDB\libraries\SPI\SPI.cpp.o
                0x08001284                SPIClass::begin()
 .text._ZN8SPIClass3endEv
                0x080012a8       0x38 C:\Users\dalex\AppData\Local\arduino\sketches\059C72163B544ABDC6D6787E70D3EFDB\libraries\SPI\SPI.cpp.o
                0x080012a8                SPIClass::end()
 .text._ZN8SPIClass15setClockDividerEm
                0x080012e0       0x18 C:\Users\dalex\AppData\Local\arduino\sketches\059C72163B544ABDC6D6787E70D3EFDB\libraries\SPI\SPI.cpp.o
                0x080012e0                SPIClass::setClockDivider(unsigned long)
 .text._ZN8SPIClass11setBitOrderE8BitOrder
                0x080012f8       0x18 C:\Users\dalex\AppData\Local\arduino\sketches\059C72163B544ABDC6D6787E70D3EFDB\libraries\SPI\SPI.cpp.o
                0x080012f8                SPIClass::setBitOrder(BitOrder)
 .text._ZN8SPIClass11setDataSizeEm
                0x08001310       0x30 C:\Users\dalex\AppData\Local\arduino\sketches\059C72163B544ABDC6D6787E70D3EFDB\libraries\SPI\SPI.cpp.o
                0x08001310                SPIClass::setDataSize(unsigned long)
 .text._ZN8SPIClass11setDataModeEh
                0x08001340       0x1a C:\Users\dalex\AppData\Local\arduino\sketches\059C72163B544ABDC6D6787E70D3EFDB\libraries\SPI\SPI.cpp.o
                0x08001340                SPIClass::setDataMode(unsigned char)
 .text._ZN8SPIClass16beginTransactionEh11SPISettings
                0x0800135a       0x46 C:\Users\dalex\AppData\Local\arduino\sketches\059C72163B544ABDC6D6787E70D3EFDB\libraries\SPI\SPI.cpp.o
                0x0800135a                SPIClass::beginTransaction(unsigned char, SPISettings)
 .text._ZN8SPIClass14endTransactionEv
                0x080013a0        0x2 C:\Users\dalex\AppData\Local\arduino\sketches\059C72163B544ABDC6D6787E70D3EFDB\libraries\SPI\SPI.cpp.o
                0x080013a0                SPIClass::endTransaction()
 .text._ZNK8SPIClass8transferEh
                0x080013a2       0x1a C:\Users\dalex\AppData\Local\arduino\sketches\059C72163B544ABDC6D6787E70D3EFDB\libraries\SPI\SPI.cpp.o
                0x080013a2                SPIClass::transfer(unsigned char) const
 .text.startup._GLOBAL__sub_I__ZN8SPIClassC2Em
                0x080013bc        0xc C:\Users\dalex\AppData\Local\arduino\sketches\059C72163B544ABDC6D6787E70D3EFDB\libraries\SPI\SPI.cpp.o
 .text._ZNK9L293_base4stopEv
                0x080013c8        0x8 C:\Users\dalex\AppData\Local\arduino\sketches\059C72163B544ABDC6D6787E70D3EFDB\libraries\L293\L293.a(L293_base.cpp.o)
                0x080013c8                L293_base::stop() const
 .text._ZNK9L293_base8getPWMDCEv
                0x080013d0       0x1e C:\Users\dalex\AppData\Local\arduino\sketches\059C72163B544ABDC6D6787E70D3EFDB\libraries\L293\L293.a(L293_base.cpp.o)
                0x080013d0                L293_base::getPWMDC() const
 .text._ZN4L2937forwardEh
                0x080013ee       0x32 C:\Users\dalex\AppData\Local\arduino\sketches\059C72163B544ABDC6D6787E70D3EFDB\libraries\L293\L293.a(L293_std.cpp.o)
                0x080013ee                L293::forward(unsigned char)
 .text._ZN4L2934backEh
                0x08001420       0x32 C:\Users\dalex\AppData\Local\arduino\sketches\059C72163B544ABDC6D6787E70D3EFDB\libraries\L293\L293.a(L293_std.cpp.o)
                0x08001420                L293::back(unsigned char)
 .text._ZNK4L2939isForwardEv
                0x08001452       0x1c C:\Users\dalex\AppData\Local\arduino\sketches\059C72163B544ABDC6D6787E70D3EFDB\libraries\L293\L293.a(L293_std.cpp.o)
                0x08001452                L293::isForward() const
 .text._ZNK4L2939isReverseEv
                0x0800146e       0x1e C:\Users\dalex\AppData\Local\arduino\sketches\059C72163B544ABDC6D6787E70D3EFDB\libraries\L293\L293.a(L293_std.cpp.o)
                0x0800146e                L293::isReverse() const
 .text._ZNK4L2939isStoppedEv
                0x0800148c       0x20 C:\Users\dalex\AppData\Local\arduino\sketches\059C72163B544ABDC6D6787E70D3EFDB\libraries\L293\L293.a(L293_std.cpp.o)
                0x0800148c                L293::isStopped() const
 .text._ZN4L293C2Ehhhs
                0x080014ac       0x34 C:\Users\dalex\AppData\Local\arduino\sketches\059C72163B544ABDC6D6787E70D3EFDB\libraries\L293\L293.a(L293_std.cpp.o)
                0x080014ac                L293::L293(unsigned char, unsigned char, unsigned char, short)
                0x080014ac                L293::L293(unsigned char, unsigned char, unsigned char, short)
 .text._Z9boardInitv
                0x080014e0       0x30 C:\Users\dalex\AppData\Local\arduino\sketches\059C72163B544ABDC6D6787E70D3EFDB\core\board.cpp.o
                0x080014e0                boardInit()
 .text.startup._GLOBAL__sub_I__Z9boardInitv
                0x08001510       0x48 C:\Users\dalex\AppData\Local\arduino\sketches\059C72163B544ABDC6D6787E70D3EFDB\core\board.cpp.o
 .text._ZL18adc_default_configP7adc_dev
                0x08001558       0x1c C:\Users\dalex\AppData\Local\arduino\sketches\059C72163B544ABDC6D6787E70D3EFDB\core\wirish\boards.cpp.o
 .text._ZL20timer_default_configP9timer_dev
                0x08001574       0x9e C:\Users\dalex\AppData\Local\arduino\sketches\059C72163B544ABDC6D6787E70D3EFDB\core\wirish\boards.cpp.o
 *fill*         0x08001612        0x2 
 .text._Z4initv
                0x08001614       0xa8 C:\Users\dalex\AppData\Local\arduino\sketches\059C72163B544ABDC6D6787E70D3EFDB\core\wirish\boards.cpp.o
                0x08001614                init()
 .text._ZN6wirish4priv15board_reset_pllEv
                0x080016bc        0x2 C:\Users\dalex\AppData\Local\arduino\sketches\059C72163B544ABDC6D6787E70D3EFDB\core\wirish\boards_setup.cpp.o
                0x080016bc                wirish::priv::board_reset_pll()
 .text._ZN6wirish4priv28board_setup_clock_prescalersEv
                0x080016be       0x26 C:\Users\dalex\AppData\Local\arduino\sketches\059C72163B544ABDC6D6787E70D3EFDB\core\wirish\boards_setup.cpp.o
                0x080016be                wirish::priv::board_setup_clock_prescalers()
 .text._ZN6wirish4priv16board_setup_gpioEv
                0x080016e4        0x4 C:\Users\dalex\AppData\Local\arduino\sketches\059C72163B544ABDC6D6787E70D3EFDB\core\wirish\boards_setup.cpp.o
                0x080016e4                wirish::priv::board_setup_gpio()
 .text._ZN6wirish4priv15board_setup_usbEv
                0x080016e8        0x2 C:\Users\dalex\AppData\Local\arduino\sketches\059C72163B544ABDC6D6787E70D3EFDB\core\wirish\boards_setup.cpp.o
                0x080016e8                wirish::priv::board_setup_usb()
 .text._ZN6wirish4priv11series_initEv
                0x080016ea        0x4 C:\Users\dalex\AppData\Local\arduino\sketches\059C72163B544ABDC6D6787E70D3EFDB\core\wirish\boards_setup.cpp.o
                0x080016ea                wirish::priv::series_init()
 *fill*         0x080016ee        0x2 
 .text          0x080016f0       0x10 C:\Users\dalex\AppData\Local\arduino\sketches\059C72163B544ABDC6D6787E70D3EFDB\core\wirish\start.S.o
                0x080016f0                __start__
 .text.start_c  0x08001700       0x64 C:\Users\dalex\AppData\Local\arduino\sketches\059C72163B544ABDC6D6787E70D3EFDB\core\wirish\start_c.c.o
                0x08001700                start_c
 .text._sbrk    0x08001764       0x44 C:\Users\dalex\AppData\Local\arduino\sketches\059C72163B544ABDC6D6787E70D3EFDB\core\wirish\syscalls.c.o
                0x08001764                _sbrk
 .text._exit    0x080017a8        0x2 C:\Users\dalex\AppData\Local\arduino\sketches\059C72163B544ABDC6D6787E70D3EFDB\core\wirish\syscalls.c.o
                0x080017a8                _exit
 .text.rb_full_count
                0x080017aa       0x22 C:\Users\dalex\AppData\Local\arduino\cores\65f3c8272c88b8acb16a1f86b70060c0\core.a(HardwareSerial.cpp.o)
 .text._ZN14HardwareSerial4readEv
                0x080017cc       0x3a C:\Users\dalex\AppData\Local\arduino\cores\65f3c8272c88b8acb16a1f86b70060c0\core.a(HardwareSerial.cpp.o)
                0x080017cc                HardwareSerial::read()
 .text._ZN14HardwareSerial9availableEv
                0x08001806        0xc C:\Users\dalex\AppData\Local\arduino\cores\65f3c8272c88b8acb16a1f86b70060c0\core.a(HardwareSerial.cpp.o)
                0x08001806                HardwareSerial::available()
 .text._ZN14HardwareSerial4peekEv
                0x08001812       0x22 C:\Users\dalex\AppData\Local\arduino\cores\65f3c8272c88b8acb16a1f86b70060c0\core.a(HardwareSerial.cpp.o)
                0x08001812                HardwareSerial::peek()
 .text._ZN14HardwareSerial5flushEv
                0x08001834       0x1a C:\Users\dalex\AppData\Local\arduino\cores\65f3c8272c88b8acb16a1f86b70060c0\core.a(HardwareSerial.cpp.o)
                0x08001834                HardwareSerial::flush()
 .text._ZN14HardwareSerial5writeEh
                0x0800184e       0x1e C:\Users\dalex\AppData\Local\arduino\cores\65f3c8272c88b8acb16a1f86b70060c0\core.a(HardwareSerial.cpp.o)
                0x0800184e                HardwareSerial::write(unsigned char)
 .text._ZN14HardwareSerialC2EP9usart_devhh
                0x0800186c       0x1c C:\Users\dalex\AppData\Local\arduino\cores\65f3c8272c88b8acb16a1f86b70060c0\core.a(HardwareSerial.cpp.o)
                0x0800186c                HardwareSerial::HardwareSerial(usart_dev*, unsigned char, unsigned char)
                0x0800186c                HardwareSerial::HardwareSerial(usart_dev*, unsigned char, unsigned char)
 .text._ZN5Print5writeEPKvm
                0x08001888       0x20 C:\Users\dalex\AppData\Local\arduino\cores\65f3c8272c88b8acb16a1f86b70060c0\core.a(Print.cpp.o)
                0x08001888                Print::write(void const*, unsigned long)
 .text._ZN5Print5writeEPKc
                0x080018a8       0x1e C:\Users\dalex\AppData\Local\arduino\cores\65f3c8272c88b8acb16a1f86b70060c0\core.a(Print.cpp.o)
                0x080018a8                Print::write(char const*)
 .text._ZN5Print5printEc
                0x080018c6        0xa C:\Users\dalex\AppData\Local\arduino\cores\65f3c8272c88b8acb16a1f86b70060c0\core.a(Print.cpp.o)
                0x080018c6                Print::print(char)
 .text._ZN5Print5printEPKc
                0x080018d0        0xa C:\Users\dalex\AppData\Local\arduino\cores\65f3c8272c88b8acb16a1f86b70060c0\core.a(Print.cpp.o)
                0x080018d0                Print::print(char const*)
 .text._ZN5Print11printNumberEyh
                0x080018da       0x84 C:\Users\dalex\AppData\Local\arduino\cores\65f3c8272c88b8acb16a1f86b70060c0\core.a(Print.cpp.o)
                0x080018da                Print::printNumber(unsigned long long, unsigned char)
 .text._ZN5Print5printExi
                0x0800195e       0x32 C:\Users\dalex\AppData\Local\arduino\cores\65f3c8272c88b8acb16a1f86b70060c0\core.a(Print.cpp.o)
                0x0800195e                Print::print(long long, int)
 .text._ZN5Print5printEii
                0x08001990       0x12 C:\Users\dalex\AppData\Local\arduino\cores\65f3c8272c88b8acb16a1f86b70060c0\core.a(Print.cpp.o)
                0x08001990                Print::print(int, int)
 .text.adc_init
                0x080019a2       0x14 C:\Users\dalex\AppData\Local\arduino\cores\65f3c8272c88b8acb16a1f86b70060c0\core.a(adc.c.o)
                0x080019a2                adc_init
 .text.adc_set_extsel
                0x080019b6       0x12 C:\Users\dalex\AppData\Local\arduino\cores\65f3c8272c88b8acb16a1f86b70060c0\core.a(adc.c.o)
                0x080019b6                adc_set_extsel
 .text.adc_set_sample_rate
                0x080019c8       0x30 C:\Users\dalex\AppData\Local\arduino\cores\65f3c8272c88b8acb16a1f86b70060c0\core.a(adc.c.o)
                0x080019c8                adc_set_sample_rate
 .text.__irq_adc
                0x080019f8       0x50 C:\Users\dalex\AppData\Local\arduino\cores\65f3c8272c88b8acb16a1f86b70060c0\core.a(adc_f1.c.o)
                0x080019f8                __irq_adc
 .text.adc_calibrate
                0x08001a48       0x24 C:\Users\dalex\AppData\Local\arduino\cores\65f3c8272c88b8acb16a1f86b70060c0\core.a(adc_f1.c.o)
                0x08001a48                adc_calibrate
 .text.adc_set_prescaler
                0x08001a6c        0x8 C:\Users\dalex\AppData\Local\arduino\cores\65f3c8272c88b8acb16a1f86b70060c0\core.a(adc_f1.c.o)
                0x08001a6c                adc_set_prescaler
 .text.adc_foreach
                0x08001a74       0x1c C:\Users\dalex\AppData\Local\arduino\cores\65f3c8272c88b8acb16a1f86b70060c0\core.a(adc_f1.c.o)
                0x08001a74                adc_foreach
 .text.adc_enable_single_swstart
                0x08001a90       0x36 C:\Users\dalex\AppData\Local\arduino\cores\65f3c8272c88b8acb16a1f86b70060c0\core.a(adc_f1.c.o)
                0x08001a90                adc_enable_single_swstart
 .text.dma_irq_handler
                0x08001ac6       0x1c C:\Users\dalex\AppData\Local\arduino\cores\65f3c8272c88b8acb16a1f86b70060c0\core.a(dma_f1.c.o)
 *fill*         0x08001ae2        0x2 
 .text.__irq_dma1_channel1
                0x08001ae4       0x10 C:\Users\dalex\AppData\Local\arduino\cores\65f3c8272c88b8acb16a1f86b70060c0\core.a(dma_f1.c.o)
                0x08001ae4                __irq_dma1_channel1
 .text.__irq_dma1_channel2
                0x08001af4       0x10 C:\Users\dalex\AppData\Local\arduino\cores\65f3c8272c88b8acb16a1f86b70060c0\core.a(dma_f1.c.o)
                0x08001af4                __irq_dma1_channel2
 .text.__irq_dma1_channel3
                0x08001b04       0x10 C:\Users\dalex\AppData\Local\arduino\cores\65f3c8272c88b8acb16a1f86b70060c0\core.a(dma_f1.c.o)
                0x08001b04                __irq_dma1_channel3
 .text.__irq_dma1_channel4
                0x08001b14       0x10 C:\Users\dalex\AppData\Local\arduino\cores\65f3c8272c88b8acb16a1f86b70060c0\core.a(dma_f1.c.o)
                0x08001b14                __irq_dma1_channel4
 .text.__irq_dma1_channel5
                0x08001b24       0x10 C:\Users\dalex\AppData\Local\arduino\cores\65f3c8272c88b8acb16a1f86b70060c0\core.a(dma_f1.c.o)
                0x08001b24                __irq_dma1_channel5
 .text.__irq_dma1_channel6
                0x08001b34       0x10 C:\Users\dalex\AppData\Local\arduino\cores\65f3c8272c88b8acb16a1f86b70060c0\core.a(dma_f1.c.o)
                0x08001b34                __irq_dma1_channel6
 .text.__irq_dma1_channel7
                0x08001b44       0x10 C:\Users\dalex\AppData\Local\arduino\cores\65f3c8272c88b8acb16a1f86b70060c0\core.a(dma_f1.c.o)
                0x08001b44                __irq_dma1_channel7
 *fill*         0x08001b54        0xc 
 .text          0x08001b60       0x60 C:\Users\dalex\AppData\Local\arduino\cores\65f3c8272c88b8acb16a1f86b70060c0\core.a(exc.S.o)
                0x08001b60                __exc_nmi
                0x08001b64                __exc_hardfault
                0x08001b68                __exc_memmanage
                0x08001b6c                __exc_busfault
                0x08001b70                __exc_usagefault
 .text.dispatch_single_exti
                0x08001bc0       0x2c C:\Users\dalex\AppData\Local\arduino\cores\65f3c8272c88b8acb16a1f86b70060c0\core.a(exti.c.o)
                0x08001bc0                dispatch_single_exti
 .text.dispatch_extis
                0x08001bec       0x4c C:\Users\dalex\AppData\Local\arduino\cores\65f3c8272c88b8acb16a1f86b70060c0\core.a(exti.c.o)
                0x08001bec                dispatch_extis
 .text.__irq_exti0
                0x08001c38        0x6 C:\Users\dalex\AppData\Local\arduino\cores\65f3c8272c88b8acb16a1f86b70060c0\core.a(exti.c.o)
                0x08001c38                __irq_exti0
 .text.__irq_exti1
                0x08001c3e        0x6 C:\Users\dalex\AppData\Local\arduino\cores\65f3c8272c88b8acb16a1f86b70060c0\core.a(exti.c.o)
                0x08001c3e                __irq_exti1
 .text.__irq_exti2
                0x08001c44        0x6 C:\Users\dalex\AppData\Local\arduino\cores\65f3c8272c88b8acb16a1f86b70060c0\core.a(exti.c.o)
                0x08001c44                __irq_exti2
 .text.__irq_exti3
                0x08001c4a        0x6 C:\Users\dalex\AppData\Local\arduino\cores\65f3c8272c88b8acb16a1f86b70060c0\core.a(exti.c.o)
                0x08001c4a                __irq_exti3
 .text.__irq_exti4
                0x08001c50        0x6 C:\Users\dalex\AppData\Local\arduino\cores\65f3c8272c88b8acb16a1f86b70060c0\core.a(exti.c.o)
                0x08001c50                __irq_exti4
 .text.__irq_exti9_5
                0x08001c56        0x8 C:\Users\dalex\AppData\Local\arduino\cores\65f3c8272c88b8acb16a1f86b70060c0\core.a(exti.c.o)
                0x08001c56                __irq_exti9_5
 .text.__irq_exti15_10
                0x08001c5e        0x8 C:\Users\dalex\AppData\Local\arduino\cores\65f3c8272c88b8acb16a1f86b70060c0\core.a(exti.c.o)
                0x08001c5e                __irq_exti15_10
 *fill*         0x08001c66        0x2 
 .text.flash_set_latency
                0x08001c68       0x14 C:\Users\dalex\AppData\Local\arduino\cores\65f3c8272c88b8acb16a1f86b70060c0\core.a(flash.c.o)
                0x08001c68                flash_set_latency
 .text.gpio_init_all
                0x08001c7c       0x30 C:\Users\dalex\AppData\Local\arduino\cores\65f3c8272c88b8acb16a1f86b70060c0\core.a(gpio_f1.c.o)
                0x08001c7c                gpio_init_all
 .text.gpio_set_mode
                0x08001cac       0x50 C:\Users\dalex\AppData\Local\arduino\cores\65f3c8272c88b8acb16a1f86b70060c0\core.a(gpio_f1.c.o)
                0x08001cac                gpio_set_mode
 .text.afio_init
                0x08001cfc       0x12 C:\Users\dalex\AppData\Local\arduino\cores\65f3c8272c88b8acb16a1f86b70060c0\core.a(gpio_f1.c.o)
                0x08001cfc                afio_init
 *fill*         0x08001d0e        0x2 
 .text.afio_remap
                0x08001d10       0x20 C:\Users\dalex\AppData\Local\arduino\cores\65f3c8272c88b8acb16a1f86b70060c0\core.a(gpio_f1.c.o)
                0x08001d10                afio_remap
 .text.__irq_i2c1_ev
                0x08001d30        0xc C:\Users\dalex\AppData\Local\arduino\cores\65f3c8272c88b8acb16a1f86b70060c0\core.a(i2c_f1.c.o)
                0x08001d30                __irq_i2c1_ev
 .text.__irq_i2c2_ev
                0x08001d3c        0xc C:\Users\dalex\AppData\Local\arduino\cores\65f3c8272c88b8acb16a1f86b70060c0\core.a(i2c_f1.c.o)
                0x08001d3c                __irq_i2c2_ev
 .text.__irq_i2c1_er
                0x08001d48        0xc C:\Users\dalex\AppData\Local\arduino\cores\65f3c8272c88b8acb16a1f86b70060c0\core.a(i2c_f1.c.o)
                0x08001d48                __irq_i2c1_er
 .text.__irq_i2c2_er
                0x08001d54        0xc C:\Users\dalex\AppData\Local\arduino\cores\65f3c8272c88b8acb16a1f86b70060c0\core.a(i2c_f1.c.o)
                0x08001d54                __irq_i2c2_er
 .text.nvic_irq_set_priority
                0x08001d60       0x28 C:\Users\dalex\AppData\Local\arduino\cores\65f3c8272c88b8acb16a1f86b70060c0\core.a(nvic.c.o)
                0x08001d60                nvic_irq_set_priority
 .text.nvic_init
                0x08001d88       0x30 C:\Users\dalex\AppData\Local\arduino\cores\65f3c8272c88b8acb16a1f86b70060c0\core.a(nvic.c.o)
                0x08001d88                nvic_init
 .text.rcc_dev_clk
                0x08001db8        0xc C:\Users\dalex\AppData\Local\arduino\cores\65f3c8272c88b8acb16a1f86b70060c0\core.a(rcc.c.o)
                0x08001db8                rcc_dev_clk
 .text.rcc_switch_sysclk
                0x08001dc4       0x20 C:\Users\dalex\AppData\Local\arduino\cores\65f3c8272c88b8acb16a1f86b70060c0\core.a(rcc.c.o)
                0x08001dc4                rcc_switch_sysclk
 .text.rcc_turn_on_clk
                0x08001de4       0x1a C:\Users\dalex\AppData\Local\arduino\cores\65f3c8272c88b8acb16a1f86b70060c0\core.a(rcc.c.o)
                0x08001de4                rcc_turn_on_clk
 .text.rcc_turn_off_clk
                0x08001dfe       0x1c C:\Users\dalex\AppData\Local\arduino\cores\65f3c8272c88b8acb16a1f86b70060c0\core.a(rcc.c.o)
                0x08001dfe                rcc_turn_off_clk
 .text.rcc_is_clk_ready
                0x08001e1a       0x18 C:\Users\dalex\AppData\Local\arduino\cores\65f3c8272c88b8acb16a1f86b70060c0\core.a(rcc.c.o)
                0x08001e1a                rcc_is_clk_ready
 *fill*         0x08001e32        0x2 
 .text.rcc_configure_pll
                0x08001e34       0x18 C:\Users\dalex\AppData\Local\arduino\cores\65f3c8272c88b8acb16a1f86b70060c0\core.a(rcc_f1.c.o)
                0x08001e34                rcc_configure_pll
 .text.rcc_clk_enable
                0x08001e4c       0x30 C:\Users\dalex\AppData\Local\arduino\cores\65f3c8272c88b8acb16a1f86b70060c0\core.a(rcc_f1.c.o)
                0x08001e4c                rcc_clk_enable
 .text.rcc_reset_dev
                0x08001e7c       0x34 C:\Users\dalex\AppData\Local\arduino\cores\65f3c8272c88b8acb16a1f86b70060c0\core.a(rcc_f1.c.o)
                0x08001e7c                rcc_reset_dev
 .text.rcc_set_prescaler
                0x08001eb0       0x20 C:\Users\dalex\AppData\Local\arduino\cores\65f3c8272c88b8acb16a1f86b70060c0\core.a(rcc_f1.c.o)
                0x08001eb0                rcc_set_prescaler
 .text.rcc_clk_disable
                0x08001ed0       0x30 C:\Users\dalex\AppData\Local\arduino\cores\65f3c8272c88b8acb16a1f86b70060c0\core.a(rcc_f1.c.o)
                0x08001ed0                rcc_clk_disable
 .text.bb_peri_set_bit
                0x08001f00        0xe C:\Users\dalex\AppData\Local\arduino\cores\65f3c8272c88b8acb16a1f86b70060c0\core.a(spi.c.o)
 .text.spi_init
                0x08001f0e       0x14 C:\Users\dalex\AppData\Local\arduino\cores\65f3c8272c88b8acb16a1f86b70060c0\core.a(spi.c.o)
                0x08001f0e                spi_init
 .text.spi_peripheral_enable
                0x08001f22        0xa C:\Users\dalex\AppData\Local\arduino\cores\65f3c8272c88b8acb16a1f86b70060c0\core.a(spi.c.o)
                0x08001f22                spi_peripheral_enable
 .text.spi_peripheral_disable
                0x08001f2c        0xa C:\Users\dalex\AppData\Local\arduino\cores\65f3c8272c88b8acb16a1f86b70060c0\core.a(spi.c.o)
                0x08001f2c                spi_peripheral_disable
 .text.spi_reconfigure
                0x08001f36       0x2c C:\Users\dalex\AppData\Local\arduino\cores\65f3c8272c88b8acb16a1f86b70060c0\core.a(spi.c.o)
 .text.spi_master_enable
                0x08001f62        0xc C:\Users\dalex\AppData\Local\arduino\cores\65f3c8272c88b8acb16a1f86b70060c0\core.a(spi.c.o)
                0x08001f62                spi_master_enable
 .text.spi_config_gpios
                0x08001f6e       0x5a C:\Users\dalex\AppData\Local\arduino\cores\65f3c8272c88b8acb16a1f86b70060c0\core.a(spi_f1.c.o)
                0x08001f6e                spi_config_gpios
 .text          0x08001fc8        0x2 C:\Users\dalex\AppData\Local\arduino\cores\65f3c8272c88b8acb16a1f86b70060c0\core.a(isrs.S.o)
                0x08001fc8                __stm32reservedexception9
                0x08001fc8                __exc_debug_monitor
                0x08001fc8                __exc_svc
                0x08001fc8                __irq_can_rx1
                0x08001fc8                __irq_spi2
                0x08001fc8                __irq_can_sce
                0x08001fc8                __irq_pvd
                0x08001fc8                __irq_tamper
                0x08001fc8                __default_handler
                0x08001fc8                __irq_wwdg
                0x08001fc8                __stm32reservedexception10
                0x08001fc8                __irq_flash
                0x08001fc8                __stm32reservedexception13
                0x08001fc8                __irq_rtc
                0x08001fc8                __irq_spi1
                0x08001fc8                __stm32reservedexception7
                0x08001fc8                __irq_usb_hp_can_tx
                0x08001fc8                __irq_rtcalarm
                0x08001fc8                __stm32reservedexception8
                0x08001fc8                __exc_pendsv
                0x08001fc8                __irq_usbwakeup
                0x08001fc8                __irq_rcc
 *fill*         0x08001fca        0x2 
 .text.systick_init
                0x08001fcc       0x10 C:\Users\dalex\AppData\Local\arduino\cores\65f3c8272c88b8acb16a1f86b70060c0\core.a(systick.c.o)
                0x08001fcc                systick_init
 .text.__exc_systick
                0x08001fdc       0x1c C:\Users\dalex\AppData\Local\arduino\cores\65f3c8272c88b8acb16a1f86b70060c0\core.a(systick.c.o)
                0x08001fdc                __exc_systick
 .text.timer_oc_set_mode
                0x08001ff8       0x3a C:\Users\dalex\AppData\Local\arduino\cores\65f3c8272c88b8acb16a1f86b70060c0\core.a(timer.c.o)
 .text.dispatch_general
                0x08002032       0x66 C:\Users\dalex\AppData\Local\arduino\cores\65f3c8272c88b8acb16a1f86b70060c0\core.a(timer.c.o)
 .text.timer_cc_enable
                0x08002098       0x1c C:\Users\dalex\AppData\Local\arduino\cores\65f3c8272c88b8acb16a1f86b70060c0\core.a(timer.c.o)
 .text.timer_foreach
                0x080020b4       0x28 C:\Users\dalex\AppData\Local\arduino\cores\65f3c8272c88b8acb16a1f86b70060c0\core.a(timer.c.o)
                0x080020b4                timer_foreach
 .text.timer_init
                0x080020dc       0x14 C:\Users\dalex\AppData\Local\arduino\cores\65f3c8272c88b8acb16a1f86b70060c0\core.a(timer.c.o)
                0x080020dc                timer_init
 .text.timer_has_cc_channel
                0x080020f0       0x30 C:\Users\dalex\AppData\Local\arduino\cores\65f3c8272c88b8acb16a1f86b70060c0\core.a(timer.c.o)
                0x080020f0                timer_has_cc_channel
 .text.timer_detach_interrupt
                0x08002120       0x1e C:\Users\dalex\AppData\Local\arduino\cores\65f3c8272c88b8acb16a1f86b70060c0\core.a(timer.c.o)
                0x08002120                timer_detach_interrupt
 .text.input_capture_mode
                0x0800213e       0x1a C:\Users\dalex\AppData\Local\arduino\cores\65f3c8272c88b8acb16a1f86b70060c0\core.a(timer.c.o)
                0x0800213e                input_capture_mode
 .text.timer_set_mode
                0x08002158       0x8c C:\Users\dalex\AppData\Local\arduino\cores\65f3c8272c88b8acb16a1f86b70060c0\core.a(timer.c.o)
                0x08002158                timer_set_mode
 .text.__irq_tim1_brk
                0x080021e4       0x24 C:\Users\dalex\AppData\Local\arduino\cores\65f3c8272c88b8acb16a1f86b70060c0\core.a(timer.c.o)
                0x080021e4                __irq_tim1_brk
 .text.__irq_tim1_up
                0x08002208       0x24 C:\Users\dalex\AppData\Local\arduino\cores\65f3c8272c88b8acb16a1f86b70060c0\core.a(timer.c.o)
                0x08002208                __irq_tim1_up
 .text.__irq_tim1_trg_com
                0x0800222c       0x34 C:\Users\dalex\AppData\Local\arduino\cores\65f3c8272c88b8acb16a1f86b70060c0\core.a(timer.c.o)
                0x0800222c                __irq_tim1_trg_com
 .text.__irq_tim1_cc
                0x08002260       0x50 C:\Users\dalex\AppData\Local\arduino\cores\65f3c8272c88b8acb16a1f86b70060c0\core.a(timer.c.o)
                0x08002260                __irq_tim1_cc
 .text.__irq_tim2
                0x080022b0        0xc C:\Users\dalex\AppData\Local\arduino\cores\65f3c8272c88b8acb16a1f86b70060c0\core.a(timer.c.o)
                0x080022b0                __irq_tim2
 .text.__irq_tim3
                0x080022bc        0xc C:\Users\dalex\AppData\Local\arduino\cores\65f3c8272c88b8acb16a1f86b70060c0\core.a(timer.c.o)
                0x080022bc                __irq_tim3
 .text.__irq_tim4
                0x080022c8        0xc C:\Users\dalex\AppData\Local\arduino\cores\65f3c8272c88b8acb16a1f86b70060c0\core.a(timer.c.o)
                0x080022c8                __irq_tim4
 .text.usart_tx
                0x080022d4       0x9c C:\Users\dalex\AppData\Local\arduino\cores\65f3c8272c88b8acb16a1f86b70060c0\core.a(usart.c.o)
                0x080022d4                usart_tx
 .text.usart_irq
                0x08002370       0xc8 C:\Users\dalex\AppData\Local\arduino\cores\65f3c8272c88b8acb16a1f86b70060c0\core.a(usart_f1.c.o)
 .text.__irq_usart1
                0x08002438       0x18 C:\Users\dalex\AppData\Local\arduino\cores\65f3c8272c88b8acb16a1f86b70060c0\core.a(usart_f1.c.o)
                0x08002438                __irq_usart1
 .text.__irq_usart2
                0x08002450       0x18 C:\Users\dalex\AppData\Local\arduino\cores\65f3c8272c88b8acb16a1f86b70060c0\core.a(usart_f1.c.o)
                0x08002450                __irq_usart2
 .text.__irq_usart3
                0x08002468       0x18 C:\Users\dalex\AppData\Local\arduino\cores\65f3c8272c88b8acb16a1f86b70060c0\core.a(usart_f1.c.o)
                0x08002468                __irq_usart3
 .text.usb_resume
                0x08002480       0xb4 C:\Users\dalex\AppData\Local\arduino\cores\65f3c8272c88b8acb16a1f86b70060c0\core.a(usb.c.o)
 .text.__irq_usb_lp_can_rx0
                0x08002534      0x1c8 C:\Users\dalex\AppData\Local\arduino\cores\65f3c8272c88b8acb16a1f86b70060c0\core.a(usb.c.o)
                0x08002534                __irq_usb_lp_can_rx0
 .text.usb_set_ep_rx_stat
                0x080026fc       0x22 C:\Users\dalex\AppData\Local\arduino\cores\65f3c8272c88b8acb16a1f86b70060c0\core.a(usb_cdcacm.c.o)
 *fill*         0x0800271e        0x2 
 .text.vcomGetSetLineCoding
                0x08002720       0x18 C:\Users\dalex\AppData\Local\arduino\cores\65f3c8272c88b8acb16a1f86b70060c0\core.a(usb_cdcacm.c.o)
 .text.usbDataSetup
                0x08002738       0x54 C:\Users\dalex\AppData\Local\arduino\cores\65f3c8272c88b8acb16a1f86b70060c0\core.a(usb_cdcacm.c.o)
 .text.usbNoDataSetup
                0x0800278c       0x50 C:\Users\dalex\AppData\Local\arduino\cores\65f3c8272c88b8acb16a1f86b70060c0\core.a(usb_cdcacm.c.o)
 .text.usbGetInterfaceSetting
                0x080027dc       0x10 C:\Users\dalex\AppData\Local\arduino\cores\65f3c8272c88b8acb16a1f86b70060c0\core.a(usb_cdcacm.c.o)
 .text.usbGetStringDescriptor
                0x080027ec       0x20 C:\Users\dalex\AppData\Local\arduino\cores\65f3c8272c88b8acb16a1f86b70060c0\core.a(usb_cdcacm.c.o)
 .text.usbGetConfigDescriptor
                0x0800280c        0xc C:\Users\dalex\AppData\Local\arduino\cores\65f3c8272c88b8acb16a1f86b70060c0\core.a(usb_cdcacm.c.o)
 .text.usbGetDeviceDescriptor
                0x08002818        0xc C:\Users\dalex\AppData\Local\arduino\cores\65f3c8272c88b8acb16a1f86b70060c0\core.a(usb_cdcacm.c.o)
 .text.usbInit  0x08002824       0x44 C:\Users\dalex\AppData\Local\arduino\cores\65f3c8272c88b8acb16a1f86b70060c0\core.a(usb_cdcacm.c.o)
 .text.usbReset
                0x08002868      0x160 C:\Users\dalex\AppData\Local\arduino\cores\65f3c8272c88b8acb16a1f86b70060c0\core.a(usb_cdcacm.c.o)
 .text.usb_set_ep_rx_count
                0x080029c8       0x4c C:\Users\dalex\AppData\Local\arduino\cores\65f3c8272c88b8acb16a1f86b70060c0\core.a(usb_reg_map.c.o)
                0x080029c8                usb_set_ep_rx_count
 .text.Standard_GetConfiguration
                0x08002a14       0x24 C:\Users\dalex\AppData\Local\arduino\cores\65f3c8272c88b8acb16a1f86b70060c0\core.a(usb_core.c.o)
                0x08002a14                Standard_GetConfiguration
 .text.Standard_GetInterface
                0x08002a38       0x24 C:\Users\dalex\AppData\Local\arduino\cores\65f3c8272c88b8acb16a1f86b70060c0\core.a(usb_core.c.o)
                0x08002a38                Standard_GetInterface
 .text.Standard_GetStatus
                0x08002a5c       0x90 C:\Users\dalex\AppData\Local\arduino\cores\65f3c8272c88b8acb16a1f86b70060c0\core.a(usb_core.c.o)
                0x08002a5c                Standard_GetStatus
 .text.DataStageIn
                0x08002aec       0xa8 C:\Users\dalex\AppData\Local\arduino\cores\65f3c8272c88b8acb16a1f86b70060c0\core.a(usb_core.c.o)
 .text.Standard_SetConfiguration
                0x08002b94       0x38 C:\Users\dalex\AppData\Local\arduino\cores\65f3c8272c88b8acb16a1f86b70060c0\core.a(usb_core.c.o)
                0x08002b94                Standard_SetConfiguration
 .text.Standard_SetInterface
                0x08002bcc       0x48 C:\Users\dalex\AppData\Local\arduino\cores\65f3c8272c88b8acb16a1f86b70060c0\core.a(usb_core.c.o)
                0x08002bcc                Standard_SetInterface
 .text.Standard_ClearFeature
                0x08002c14       0xd0 C:\Users\dalex\AppData\Local\arduino\cores\65f3c8272c88b8acb16a1f86b70060c0\core.a(usb_core.c.o)
                0x08002c14                Standard_ClearFeature
 .text.Standard_SetEndPointFeature
                0x08002ce4       0x84 C:\Users\dalex\AppData\Local\arduino\cores\65f3c8272c88b8acb16a1f86b70060c0\core.a(usb_core.c.o)
                0x08002ce4                Standard_SetEndPointFeature
 .text.Standard_SetDeviceFeature
                0x08002d68       0x24 C:\Users\dalex\AppData\Local\arduino\cores\65f3c8272c88b8acb16a1f86b70060c0\core.a(usb_core.c.o)
                0x08002d68                Standard_SetDeviceFeature
 .text.Standard_GetDescriptorData
                0x08002d8c       0x1c C:\Users\dalex\AppData\Local\arduino\cores\65f3c8272c88b8acb16a1f86b70060c0\core.a(usb_core.c.o)
                0x08002d8c                Standard_GetDescriptorData
 .text.Post0_Process
                0x08002da8       0x40 C:\Users\dalex\AppData\Local\arduino\cores\65f3c8272c88b8acb16a1f86b70060c0\core.a(usb_core.c.o)
                0x08002da8                Post0_Process
 .text.Setup0_Process
                0x08002de8      0x2d0 C:\Users\dalex\AppData\Local\arduino\cores\65f3c8272c88b8acb16a1f86b70060c0\core.a(usb_core.c.o)
                0x08002de8                Setup0_Process
 .text.Out0_Process
                0x080030b8       0xc8 C:\Users\dalex\AppData\Local\arduino\cores\65f3c8272c88b8acb16a1f86b70060c0\core.a(usb_core.c.o)
                0x080030b8                Out0_Process
 .text.SetDeviceAddress
                0x08003180       0x38 C:\Users\dalex\AppData\Local\arduino\cores\65f3c8272c88b8acb16a1f86b70060c0\core.a(usb_core.c.o)
                0x08003180                SetDeviceAddress
 .text.In0_Process
                0x080031b8       0x5c C:\Users\dalex\AppData\Local\arduino\cores\65f3c8272c88b8acb16a1f86b70060c0\core.a(usb_core.c.o)
                0x080031b8                In0_Process
 .text.NOP_Process
                0x08003214        0x2 C:\Users\dalex\AppData\Local\arduino\cores\65f3c8272c88b8acb16a1f86b70060c0\core.a(usb_core.c.o)
                0x08003214                NOP_Process
 .text.UserToPMABufferCopy
                0x08003216       0x30 C:\Users\dalex\AppData\Local\arduino\cores\65f3c8272c88b8acb16a1f86b70060c0\core.a(usb_mem.c.o)
                0x08003216                UserToPMABufferCopy
 .text.PMAToUserBufferCopy
                0x08003246       0x32 C:\Users\dalex\AppData\Local\arduino\cores\65f3c8272c88b8acb16a1f86b70060c0\core.a(usb_mem.c.o)
                0x08003246                PMAToUserBufferCopy
 .text.SetEPTxStatus
                0x08003278       0x2a C:\Users\dalex\AppData\Local\arduino\cores\65f3c8272c88b8acb16a1f86b70060c0\core.a(usb_regs.c.o)
                0x08003278                SetEPTxStatus
 .text.ClearDTOG_RX
                0x080032a2       0x20 C:\Users\dalex\AppData\Local\arduino\cores\65f3c8272c88b8acb16a1f86b70060c0\core.a(usb_regs.c.o)
                0x080032a2                ClearDTOG_RX
 .text.ClearDTOG_TX
                0x080032c2       0x20 C:\Users\dalex\AppData\Local\arduino\cores\65f3c8272c88b8acb16a1f86b70060c0\core.a(usb_regs.c.o)
                0x080032c2                ClearDTOG_TX
 *fill*         0x080032e2        0x2 
 .text.GetEPTxAddr
                0x080032e4       0x1c C:\Users\dalex\AppData\Local\arduino\cores\65f3c8272c88b8acb16a1f86b70060c0\core.a(usb_regs.c.o)
                0x080032e4                GetEPTxAddr
 .text.GetEPRxAddr
                0x08003300       0x1c C:\Users\dalex\AppData\Local\arduino\cores\65f3c8272c88b8acb16a1f86b70060c0\core.a(usb_regs.c.o)
                0x08003300                GetEPRxAddr
 .text.SetEPTxCount
                0x0800331c       0x1c C:\Users\dalex\AppData\Local\arduino\cores\65f3c8272c88b8acb16a1f86b70060c0\core.a(usb_regs.c.o)
                0x0800331c                SetEPTxCount
 .text.SetEPRxCount
                0x08003338       0x40 C:\Users\dalex\AppData\Local\arduino\cores\65f3c8272c88b8acb16a1f86b70060c0\core.a(usb_regs.c.o)
                0x08003338                SetEPRxCount
 .text.throb    0x08003378       0x4c C:\Users\dalex\AppData\Local\arduino\cores\65f3c8272c88b8acb16a1f86b70060c0\core.a(util.c.o)
                0x08003378                throb
 .text.__error  0x080033c4       0x14 C:\Users\dalex\AppData\Local\arduino\cores\65f3c8272c88b8acb16a1f86b70060c0\core.a(util.c.o)
                0x080033c4                __error
 .text.startup._Z7premainv
                0x080033d8        0x4 C:\Users\dalex\AppData\Local\arduino\cores\65f3c8272c88b8acb16a1f86b70060c0\core.a(main.cpp.o)
                0x080033d8                premain()
 .text.startup.main
                0x080033dc        0xc C:\Users\dalex\AppData\Local\arduino\cores\65f3c8272c88b8acb16a1f86b70060c0\core.a(main.cpp.o)
                0x080033dc                main
 .text._Z8pwmWriteht
                0x080033e8       0x24 C:\Users\dalex\AppData\Local\arduino\cores\65f3c8272c88b8acb16a1f86b70060c0\core.a(pwm.cpp.o)
                0x080033e8                pwmWrite(unsigned char, unsigned short)
 .text._Z11analogWritehi
                0x0800340c       0x1c C:\Users\dalex\AppData\Local\arduino\cores\65f3c8272c88b8acb16a1f86b70060c0\core.a(pwm.cpp.o)
                0x0800340c                analogWrite(unsigned char, int)
 .text._Z7pinModeh13WiringPinMode
                0x08003428       0x84 C:\Users\dalex\AppData\Local\arduino\cores\65f3c8272c88b8acb16a1f86b70060c0\core.a(wirish_digital_f1.cpp.o)
                0x08003428                pinMode(unsigned char, WiringPinMode)
 .text._Z11digitalReadh
                0x080034ac       0x2c C:\Users\dalex\AppData\Local\arduino\cores\65f3c8272c88b8acb16a1f86b70060c0\core.a(wirish_digital.cpp.o)
                0x080034ac                digitalRead(unsigned char)
 .text._Z12digitalWritehh
                0x080034d8       0x2c C:\Users\dalex\AppData\Local\arduino\cores\65f3c8272c88b8acb16a1f86b70060c0\core.a(wirish_digital.cpp.o)
                0x080034d8                digitalWrite(unsigned char, unsigned char)
 .text._Z8shiftOuthhhh
                0x08003504       0x64 C:\Users\dalex\AppData\Local\arduino\cores\65f3c8272c88b8acb16a1f86b70060c0\core.a(wirish_shift.cpp.o)
                0x08003504                shiftOut(unsigned char, unsigned char, unsigned char, unsigned char)
 .text.micros   0x08003568       0x2c C:\Users\dalex\AppData\Local\arduino\cores\65f3c8272c88b8acb16a1f86b70060c0\core.a(wirish_time.cpp.o)
 .text.delay    0x08003594       0x2a C:\Users\dalex\AppData\Local\arduino\cores\65f3c8272c88b8acb16a1f86b70060c0\core.a(wirish_time.cpp.o)
                0x08003594                delay
 .text.delayMicroseconds
                0x080035be       0x10 C:\Users\dalex\AppData\Local\arduino\cores\65f3c8272c88b8acb16a1f86b70060c0\core.a(wirish_time.cpp.o)
                0x080035be                delayMicroseconds
 .text.__empty  0x080035ce        0x2 C:\Users\dalex\AppData\Local\arduino\cores\65f3c8272c88b8acb16a1f86b70060c0\core.a(hooks.c.o)
                0x080035ce                yield
 .text.gpio_init
                0x080035d0       0x14 C:\Users\dalex\AppData\Local\arduino\cores\65f3c8272c88b8acb16a1f86b70060c0\core.a(gpio.c.o)
                0x080035d0                gpio_init
 .text.i2c_disable_irq
                0x080035e4        0xc C:\Users\dalex\AppData\Local\arduino\cores\65f3c8272c88b8acb16a1f86b70060c0\core.a(i2c.c.o)
 .text._i2c_irq_handler
                0x080035f0      0x3d8 C:\Users\dalex\AppData\Local\arduino\cores\65f3c8272c88b8acb16a1f86b70060c0\core.a(i2c.c.o)
                0x080035f0                _i2c_irq_handler
 .text._i2c_irq_error_handler
                0x080039c8       0x74 C:\Users\dalex\AppData\Local\arduino\cores\65f3c8272c88b8acb16a1f86b70060c0\core.a(i2c.c.o)
                0x080039c8                _i2c_irq_error_handler
 .text          0x08003a3c       0x2c c:/users/dalex/appdata/local/arduino15/packages/arduino/tools/arm-none-eabi-gcc/4.8.3-2014q1/bin/../lib/gcc/arm-none-eabi/4.8.3/armv7-m\libgcc.a(_aeabi_uldivmod.o)
                0x08003a3c                __aeabi_uldivmod
 .text          0x08003a68       0x60 c:/users/dalex/appdata/local/arduino15/packages/arduino/tools/arm-none-eabi-gcc/4.8.3-2014q1/bin/../lib/gcc/arm-none-eabi/4.8.3/armv7-m\libgcc.a(bpabi.o)
                0x08003a68                __gnu_ldivmod_helper
                0x08003a98                __gnu_uldivmod_helper
 .text          0x08003ac8        0x4 c:/users/dalex/appdata/local/arduino15/packages/arduino/tools/arm-none-eabi-gcc/4.8.3-2014q1/bin/../lib/gcc/arm-none-eabi/4.8.3/armv7-m\libgcc.a(_dvmd_tls.o)
                0x08003ac8                __aeabi_idiv0
                0x08003ac8                __aeabi_ldiv0
 .text          0x08003acc      0x2a0 c:/users/dalex/appdata/local/arduino15/packages/arduino/tools/arm-none-eabi-gcc/4.8.3-2014q1/bin/../lib/gcc/arm-none-eabi/4.8.3/armv7-m\libgcc.a(_divdi3.o)
                0x08003acc                __divdi3
 .text          0x08003d6c      0x290 c:/users/dalex/appdata/local/arduino15/packages/arduino/tools/arm-none-eabi-gcc/4.8.3-2014q1/bin/../lib/gcc/arm-none-eabi/4.8.3/armv7-m\libgcc.a(_udivdi3.o)
                0x08003d6c                __udivdi3
 .text.__errno  0x08003ffc        0xc c:/users/dalex/appdata/local/arduino15/packages/arduino/tools/arm-none-eabi-gcc/4.8.3-2014q1/bin/../lib/gcc/arm-none-eabi/4.8.3/../../../../arm-none-eabi/lib/armv7-m\libc_s.a(lib_a-errno.o)
                0x08003ffc                __errno
 .text.exit     0x08004008       0x28 c:/users/dalex/appdata/local/arduino15/packages/arduino/tools/arm-none-eabi-gcc/4.8.3-2014q1/bin/../lib/gcc/arm-none-eabi/4.8.3/../../../../arm-none-eabi/lib/armv7-m\libc_s.a(lib_a-exit.o)
                0x08004008                exit
 .text.__libc_init_array
                0x08004030       0x4c c:/users/dalex/appdata/local/arduino15/packages/arduino/tools/arm-none-eabi-gcc/4.8.3-2014q1/bin/../lib/gcc/arm-none-eabi/4.8.3/../../../../arm-none-eabi/lib/armv7-m\libc_s.a(lib_a-init.o)
                0x08004030                __libc_init_array
 .text.malloc   0x0800407c       0x10 c:/users/dalex/appdata/local/arduino15/packages/arduino/tools/arm-none-eabi-gcc/4.8.3-2014q1/bin/../lib/gcc/arm-none-eabi/4.8.3/../../../../arm-none-eabi/lib/armv7-m\libc_s.a(lib_a-malloc.o)
                0x0800407c                malloc
 .text.free     0x0800408c       0x10 c:/users/dalex/appdata/local/arduino15/packages/arduino/tools/arm-none-eabi-gcc/4.8.3-2014q1/bin/../lib/gcc/arm-none-eabi/4.8.3/../../../../arm-none-eabi/lib/armv7-m\libc_s.a(lib_a-malloc.o)
                0x0800408c                free
 .text.memset   0x0800409c       0x10 c:/users/dalex/appdata/local/arduino15/packages/arduino/tools/arm-none-eabi-gcc/4.8.3-2014q1/bin/../lib/gcc/arm-none-eabi/4.8.3/../../../../arm-none-eabi/lib/armv7-m\libc_s.a(lib_a-memset.o)
                0x0800409c                memset
 .text._free_r  0x080040ac       0x88 c:/users/dalex/appdata/local/arduino15/packages/arduino/tools/arm-none-eabi-gcc/4.8.3-2014q1/bin/../lib/gcc/arm-none-eabi/4.8.3/../../../../arm-none-eabi/lib/armv7-m\libc_s.a(lib_a-nano-freer.o)
                0x080040ac                _free_r
 .text._malloc_r
                0x08004134       0xa8 c:/users/dalex/appdata/local/arduino15/packages/arduino/tools/arm-none-eabi-gcc/4.8.3-2014q1/bin/../lib/gcc/arm-none-eabi/4.8.3/../../../../arm-none-eabi/lib/armv7-m\libc_s.a(lib_a-nano-mallocr.o)
                0x08004134                _malloc_r
 .text._sbrk_r  0x080041dc       0x20 c:/users/dalex/appdata/local/arduino15/packages/arduino/tools/arm-none-eabi-gcc/4.8.3-2014q1/bin/../lib/gcc/arm-none-eabi/4.8.3/../../../../arm-none-eabi/lib/armv7-m\libc_s.a(lib_a-sbrkr.o)
                0x080041dc                _sbrk_r
 .text.strlen   0x080041fc       0x10 c:/users/dalex/appdata/local/arduino15/packages/arduino/tools/arm-none-eabi-gcc/4.8.3-2014q1/bin/../lib/gcc/arm-none-eabi/4.8.3/../../../../arm-none-eabi/lib/armv7-m\libc_s.a(lib_a-strlen.o)
                0x080041fc                strlen
 *(.plt)
 *(.gnu.warning)
 *(.glue_7t)
 .glue_7t       0x00000000        0x0 linker stubs
 *(.glue_7)
 .glue_7        0x00000000        0x0 linker stubs
 *(.vfp11_veneer)
 .vfp11_veneer  0x00000000        0x0 linker stubs
 *(.ARM.extab* .gnu.linkonce.armextab.*)
 *(.gcc_except_table)
 *(.eh_frame_hdr)
 *(.eh_frame)
 .eh_frame      0x0800420c        0x0 c:/users/dalex/appdata/local/arduino15/packages/arduino/tools/arm-none-eabi-gcc/4.8.3-2014q1/bin/../lib/gcc/arm-none-eabi/4.8.3/armv7-m/crtbegin.o
                0x0800420c                . = ALIGN (0x4)
 *(.init)
 .init          0x0800420c        0x4 c:/users/dalex/appdata/local/arduino15/packages/arduino/tools/arm-none-eabi-gcc/4.8.3-2014q1/bin/../lib/gcc/arm-none-eabi/4.8.3/armv7-m/crti.o
                0x0800420c                _init
 .init          0x08004210        0x8 c:/users/dalex/appdata/local/arduino15/packages/arduino/tools/arm-none-eabi-gcc/4.8.3-2014q1/bin/../lib/gcc/arm-none-eabi/4.8.3/armv7-m/crtn.o
                0x08004218                . = ALIGN (0x4)
                0x08004218                __preinit_array_start = .
 *(.preinit_array)
                0x08004218                __preinit_array_end = .
                0x08004218                . = ALIGN (0x4)
                0x08004218                __init_array_start = .
 *(SORT(.init_array.*))
 .init_array.00101
                0x08004218        0x4 C:\Users\dalex\AppData\Local\arduino\cores\65f3c8272c88b8acb16a1f86b70060c0\core.a(main.cpp.o)
 *(.init_array)
 .init_array    0x0800421c        0x4 c:/users/dalex/appdata/local/arduino15/packages/arduino/tools/arm-none-eabi-gcc/4.8.3-2014q1/bin/../lib/gcc/arm-none-eabi/4.8.3/armv7-m/crtbegin.o
 .init_array    0x08004220        0x4 C:\Users\dalex\AppData\Local\arduino\sketches\059C72163B544ABDC6D6787E70D3EFDB\sketch\Cafetera.ino.cpp.o
 .init_array    0x08004224        0x4 C:\Users\dalex\AppData\Local\arduino\sketches\059C72163B544ABDC6D6787E70D3EFDB\libraries\SPI\SPI.cpp.o
 .init_array    0x08004228        0x4 C:\Users\dalex\AppData\Local\arduino\sketches\059C72163B544ABDC6D6787E70D3EFDB\core\board.cpp.o
                0x0800422c                __init_array_end = .
                0x0800422c                . = ALIGN (0x4)
 *crtbegin.o(.ctors)
 *(EXCLUDE_FILE(*crtend.o) .ctors)
 *(SORT(.ctors.*))
 *crtend.o(.ctors)
                0x0800422c                . = ALIGN (0x4)
 *(.fini)
 .fini          0x0800422c        0x4 c:/users/dalex/appdata/local/arduino15/packages/arduino/tools/arm-none-eabi-gcc/4.8.3-2014q1/bin/../lib/gcc/arm-none-eabi/4.8.3/armv7-m/crti.o
                0x0800422c                _fini
 .fini          0x08004230        0x8 c:/users/dalex/appdata/local/arduino15/packages/arduino/tools/arm-none-eabi-gcc/4.8.3-2014q1/bin/../lib/gcc/arm-none-eabi/4.8.3/armv7-m/crtn.o
                0x08004238                . = ALIGN (0x4)
                0x08004238                __fini_array_start = .
 *(.fini_array)
 .fini_array    0x08004238        0x4 c:/users/dalex/appdata/local/arduino15/packages/arduino/tools/arm-none-eabi-gcc/4.8.3-2014q1/bin/../lib/gcc/arm-none-eabi/4.8.3/armv7-m/crtbegin.o
 .fini_array    0x0800423c        0x4 C:\Users\dalex\AppData\Local\arduino\sketches\059C72163B544ABDC6D6787E70D3EFDB\sketch\Cafetera.ino.cpp.o
 *(SORT(.fini_array.*))
                0x08004240                __fini_array_end = .
 *crtbegin.o(.dtors)
 *(EXCLUDE_FILE(*crtend.o) .dtors)
 *(SORT(.dtors.*))
 *crtend.o(.dtors)

.v4_bx          0x08004240        0x0
 .v4_bx         0x00000000        0x0 linker stubs

.iplt           0x08004240        0x0
 .iplt          0x00000000        0x0 c:/users/dalex/appdata/local/arduino15/packages/arduino/tools/arm-none-eabi-gcc/4.8.3-2014q1/bin/../lib/gcc/arm-none-eabi/4.8.3/armv7-m/crtbegin.o

.text.align     0x08004240        0x0
                0x08004240                . = ALIGN (0x8)
                0x08004240                __text_end__ = .
                0x08004240                __exidx_start = .

.ARM.exidx      0x08004240        0x8
 *(.ARM.exidx* .gnu.linkonce.armexidx.*)
 .ARM.exidx     0x08004240        0x8 C:\Users\dalex\AppData\Local\arduino\sketches\059C72163B544ABDC6D6787E70D3EFDB\core\wirish\start.S.o
 .ARM.exidx     0x08004248        0x0 c:/users/dalex/appdata/local/arduino15/packages/arduino/tools/arm-none-eabi-gcc/4.8.3-2014q1/bin/../lib/gcc/arm-none-eabi/4.8.3/armv7-m\libgcc.a(_divdi3.o)
                                  0x8 (size before relaxing)
 .ARM.exidx     0x08004248        0x0 c:/users/dalex/appdata/local/arduino15/packages/arduino/tools/arm-none-eabi-gcc/4.8.3-2014q1/bin/../lib/gcc/arm-none-eabi/4.8.3/armv7-m\libgcc.a(_udivdi3.o)
                                  0x8 (size before relaxing)
                0x08004248                __exidx_end = .

.data           0x20000000      0x498 load address 0x08004248
                0x20000000                __data_start__ = .
                0x20000000        0x4 LONG 0x0
                0x20000008                . = ALIGN (0x8)
 *fill*         0x20000004        0x4 
 *(.got.plt)
 *(.got)
 *(.data .data.* .gnu.linkonce.d.*)
 .data.nivelAzucar
                0x20000008        0x4 C:\Users\dalex\AppData\Local\arduino\sketches\059C72163B544ABDC6D6787E70D3EFDB\sketch\Cafetera.ino.cpp.o
                0x20000008                nivelAzucar
 .data.cantidadAzucarElegida
                0x2000000c        0x4 C:\Users\dalex\AppData\Local\arduino\sketches\059C72163B544ABDC6D6787E70D3EFDB\sketch\Cafetera.ino.cpp.o
                0x2000000c                cantidadAzucarElegida
 .data.opcion   0x20000010        0x4 C:\Users\dalex\AppData\Local\arduino\sketches\059C72163B544ABDC6D6787E70D3EFDB\sketch\Cafetera.ino.cpp.o
                0x20000010                opcion
 .data.nivelAgua
                0x20000014        0x4 C:\Users\dalex\AppData\Local\arduino\sketches\059C72163B544ABDC6D6787E70D3EFDB\sketch\Cafetera.ino.cpp.o
                0x20000014                nivelAgua
 .data._ZN6wirish4privL8pll_dataE
                0x20000018        0x4 C:\Users\dalex\AppData\Local\arduino\sketches\059C72163B544ABDC6D6787E70D3EFDB\core\wirish\boards_setup.cpp.o
 .data._ZN6wirish4priv9w_adc_smpE
                0x2000001c        0x1 C:\Users\dalex\AppData\Local\arduino\sketches\059C72163B544ABDC6D6787E70D3EFDB\core\wirish\boards_setup.cpp.o
                0x2000001c                wirish::priv::w_adc_smp
 *fill*         0x2000001d        0x1 
 .data._ZN6wirish4priv9w_adc_preE
                0x2000001e        0x2 C:\Users\dalex\AppData\Local\arduino\sketches\059C72163B544ABDC6D6787E70D3EFDB\core\wirish\boards_setup.cpp.o
                0x2000001e                wirish::priv::w_adc_pre
 .data._ZN6wirish4priv15w_board_pll_cfgE
                0x20000020        0x8 C:\Users\dalex\AppData\Local\arduino\sketches\059C72163B544ABDC6D6787E70D3EFDB\core\wirish\boards_setup.cpp.o
                0x20000020                wirish::priv::w_board_pll_cfg
 .data.adc2     0x20000028        0x8 C:\Users\dalex\AppData\Local\arduino\cores\65f3c8272c88b8acb16a1f86b70060c0\core.a(adc_f1.c.o)
                0x20000028                adc2
 .data.adc1     0x20000030       0x18 C:\Users\dalex\AppData\Local\arduino\cores\65f3c8272c88b8acb16a1f86b70060c0\core.a(adc_f1.c.o)
                0x20000030                adc1
 .data.ADC2     0x20000048        0x4 C:\Users\dalex\AppData\Local\arduino\cores\65f3c8272c88b8acb16a1f86b70060c0\core.a(adc_f1.c.o)
                0x20000048                ADC2
 .data.ADC1     0x2000004c        0x4 C:\Users\dalex\AppData\Local\arduino\cores\65f3c8272c88b8acb16a1f86b70060c0\core.a(adc_f1.c.o)
                0x2000004c                ADC1
 .data.dma1     0x20000050       0x40 C:\Users\dalex\AppData\Local\arduino\cores\65f3c8272c88b8acb16a1f86b70060c0\core.a(dma_f1.c.o)
 .data.DMA1     0x20000090        0x4 C:\Users\dalex\AppData\Local\arduino\cores\65f3c8272c88b8acb16a1f86b70060c0\core.a(dma_f1.c.o)
                0x20000090                DMA1
 .data.gpioa    0x20000094        0x8 C:\Users\dalex\AppData\Local\arduino\cores\65f3c8272c88b8acb16a1f86b70060c0\core.a(gpio_f1.c.o)
                0x20000094                gpioa
 .data.gpiob    0x2000009c        0x8 C:\Users\dalex\AppData\Local\arduino\cores\65f3c8272c88b8acb16a1f86b70060c0\core.a(gpio_f1.c.o)
                0x2000009c                gpiob
 .data.gpioc    0x200000a4        0x8 C:\Users\dalex\AppData\Local\arduino\cores\65f3c8272c88b8acb16a1f86b70060c0\core.a(gpio_f1.c.o)
                0x200000a4                gpioc
 .data.gpiod    0x200000ac        0x8 C:\Users\dalex\AppData\Local\arduino\cores\65f3c8272c88b8acb16a1f86b70060c0\core.a(gpio_f1.c.o)
                0x200000ac                gpiod
 .data.i2c1     0x200000b4       0x38 C:\Users\dalex\AppData\Local\arduino\cores\65f3c8272c88b8acb16a1f86b70060c0\core.a(i2c_f1.c.o)
 .data.i2c2     0x200000ec       0x38 C:\Users\dalex\AppData\Local\arduino\cores\65f3c8272c88b8acb16a1f86b70060c0\core.a(i2c_f1.c.o)
 .data.enable_regs.4411
                0x20000124        0xc C:\Users\dalex\AppData\Local\arduino\cores\65f3c8272c88b8acb16a1f86b70060c0\core.a(rcc_f1.c.o)
 .data.reset_regs.4415
                0x20000130        0x8 C:\Users\dalex\AppData\Local\arduino\cores\65f3c8272c88b8acb16a1f86b70060c0\core.a(rcc_f1.c.o)
 .data.enable_regs.4424
                0x20000138        0xc C:\Users\dalex\AppData\Local\arduino\cores\65f3c8272c88b8acb16a1f86b70060c0\core.a(rcc_f1.c.o)
 .data.spi1     0x20000144        0x8 C:\Users\dalex\AppData\Local\arduino\cores\65f3c8272c88b8acb16a1f86b70060c0\core.a(spi_f1.c.o)
 .data.spi2     0x2000014c        0x8 C:\Users\dalex\AppData\Local\arduino\cores\65f3c8272c88b8acb16a1f86b70060c0\core.a(spi_f1.c.o)
 .data.SPI1     0x20000154        0x4 C:\Users\dalex\AppData\Local\arduino\cores\65f3c8272c88b8acb16a1f86b70060c0\core.a(spi_f1.c.o)
                0x20000154                SPI1
 .data.SPI2     0x20000158        0x4 C:\Users\dalex\AppData\Local\arduino\cores\65f3c8272c88b8acb16a1f86b70060c0\core.a(spi_f1.c.o)
                0x20000158                SPI2
 .data.timer3   0x2000015c       0x24 C:\Users\dalex\AppData\Local\arduino\cores\65f3c8272c88b8acb16a1f86b70060c0\core.a(timer.c.o)
                0x2000015c                timer3
 .data.timer4   0x20000180       0x24 C:\Users\dalex\AppData\Local\arduino\cores\65f3c8272c88b8acb16a1f86b70060c0\core.a(timer.c.o)
                0x20000180                timer4
 .data.timer1   0x200001a4       0x28 C:\Users\dalex\AppData\Local\arduino\cores\65f3c8272c88b8acb16a1f86b70060c0\core.a(timer.c.o)
                0x200001a4                timer1
 .data.timer2   0x200001cc       0x24 C:\Users\dalex\AppData\Local\arduino\cores\65f3c8272c88b8acb16a1f86b70060c0\core.a(timer.c.o)
                0x200001cc                timer2
 .data.USART1   0x200001f0        0x4 C:\Users\dalex\AppData\Local\arduino\cores\65f3c8272c88b8acb16a1f86b70060c0\core.a(usart_f1.c.o)
                0x200001f0                USART1
 .data.USART2   0x200001f4        0x4 C:\Users\dalex\AppData\Local\arduino\cores\65f3c8272c88b8acb16a1f86b70060c0\core.a(usart_f1.c.o)
                0x200001f4                USART2
 .data.USART3   0x200001f8        0x4 C:\Users\dalex\AppData\Local\arduino\cores\65f3c8272c88b8acb16a1f86b70060c0\core.a(usart_f1.c.o)
                0x200001f8                USART3
 .data.usart1   0x200001fc       0x94 C:\Users\dalex\AppData\Local\arduino\cores\65f3c8272c88b8acb16a1f86b70060c0\core.a(usart_f1.c.o)
 .data.usart2   0x20000290       0x94 C:\Users\dalex\AppData\Local\arduino\cores\65f3c8272c88b8acb16a1f86b70060c0\core.a(usart_f1.c.o)
 .data.usart3   0x20000324       0x94 C:\Users\dalex\AppData\Local\arduino\cores\65f3c8272c88b8acb16a1f86b70060c0\core.a(usart_f1.c.o)
 .data.USBLIB   0x200003b8        0x4 C:\Users\dalex\AppData\Local\arduino\cores\65f3c8272c88b8acb16a1f86b70060c0\core.a(usb.c.o)
                0x200003b8                USBLIB
 .data.usblib   0x200003bc       0x10 C:\Users\dalex\AppData\Local\arduino\cores\65f3c8272c88b8acb16a1f86b70060c0\core.a(usb.c.o)
 .data.Config_Descriptor
                0x200003cc        0x8 C:\Users\dalex\AppData\Local\arduino\cores\65f3c8272c88b8acb16a1f86b70060c0\core.a(usb_cdcacm.c.o)
 .data.Device_Property
                0x200003d4       0x30 C:\Users\dalex\AppData\Local\arduino\cores\65f3c8272c88b8acb16a1f86b70060c0\core.a(usb_cdcacm.c.o)
                0x200003d4                Device_Property
 .data.String_Descriptor
                0x20000404       0x18 C:\Users\dalex\AppData\Local\arduino\cores\65f3c8272c88b8acb16a1f86b70060c0\core.a(usb_cdcacm.c.o)
 .data.line_coding
                0x2000041c        0x7 C:\Users\dalex\AppData\Local\arduino\cores\65f3c8272c88b8acb16a1f86b70060c0\core.a(usb_cdcacm.c.o)
 *fill*         0x20000423        0x1 
 .data.Device_Descriptor
                0x20000424        0x8 C:\Users\dalex\AppData\Local\arduino\cores\65f3c8272c88b8acb16a1f86b70060c0\core.a(usb_cdcacm.c.o)
 .data.Device_Table
                0x2000042c        0x2 C:\Users\dalex\AppData\Local\arduino\cores\65f3c8272c88b8acb16a1f86b70060c0\core.a(usb_cdcacm.c.o)
                0x2000042c                Device_Table
 *fill*         0x2000042e        0x2 
 .data.impure_data
                0x20000430       0x60 c:/users/dalex/appdata/local/arduino15/packages/arduino/tools/arm-none-eabi-gcc/4.8.3-2014q1/bin/../lib/gcc/arm-none-eabi/4.8.3/../../../../arm-none-eabi/lib/armv7-m\libc_s.a(lib_a-impure.o)
 .data._impure_ptr
                0x20000490        0x4 c:/users/dalex/appdata/local/arduino15/packages/arduino/tools/arm-none-eabi-gcc/4.8.3-2014q1/bin/../lib/gcc/arm-none-eabi/4.8.3/../../../../arm-none-eabi/lib/armv7-m\libc_s.a(lib_a-impure.o)
                0x20000490                _impure_ptr
                0x20000498                . = ALIGN (0x8)
 *fill*         0x20000494        0x4 
                0x20000498                __data_end__ = .

.jcr            0x20000498        0x0 load address 0x080046e0
 .jcr           0x20000498        0x0 c:/users/dalex/appdata/local/arduino15/packages/arduino/tools/arm-none-eabi-gcc/4.8.3-2014q1/bin/../lib/gcc/arm-none-eabi/4.8.3/armv7-m/crtbegin.o

.igot.plt       0x20000498        0x0 load address 0x080046e0
 .igot.plt      0x00000000        0x0 c:/users/dalex/appdata/local/arduino15/packages/arduino/tools/arm-none-eabi-gcc/4.8.3-2014q1/bin/../lib/gcc/arm-none-eabi/4.8.3/armv7-m/crtbegin.o

.rodata         0x080046e0      0xa98
 *(.rodata .rodata.* .gnu.linkonce.r.*)
 .rodata.str1.1
                0x080046e0      0x108 C:\Users\dalex\AppData\Local\arduino\sketches\059C72163B544ABDC6D6787E70D3EFDB\sketch\Cafetera.ino.cpp.o
 .rodata.CSWTCH.44
                0x080047e8        0x4 C:\Users\dalex\AppData\Local\arduino\sketches\059C72163B544ABDC6D6787E70D3EFDB\sketch\Cafetera.ino.cpp.o
 *fill*         0x080047ec        0x4 
 .rodata._ZTV13LiquidCrystal
                0x080047f0       0x18 C:\Users\dalex\AppData\Local\arduino\sketches\059C72163B544ABDC6D6787E70D3EFDB\libraries\LiquidCrystal\LiquidCrystal.cpp.o
                0x080047f0                vtable for LiquidCrystal
 .rodata        0x08004808       0x10 C:\Users\dalex\AppData\Local\arduino\sketches\059C72163B544ABDC6D6787E70D3EFDB\libraries\LiquidCrystal\LiquidCrystal.cpp.o
 .rodata._sysfont
                0x08004818      0x52a C:\Users\dalex\AppData\Local\arduino\sketches\059C72163B544ABDC6D6787E70D3EFDB\libraries\MD_MAX72XX\MD_MAX72xx_font.cpp.o
                0x08004818                _sysfont
 *fill*         0x08004d42        0x6 
 .rodata._ZTV4L293
                0x08004d48       0x20 C:\Users\dalex\AppData\Local\arduino\sketches\059C72163B544ABDC6D6787E70D3EFDB\libraries\L293\L293.a(L293_std.cpp.o)
                0x08004d48                vtable for L293
 .rodata.PIN_MAP
                0x08004d68      0x2e0 C:\Users\dalex\AppData\Local\arduino\sketches\059C72163B544ABDC6D6787E70D3EFDB\core\board.cpp.o
                0x08004d68                PIN_MAP
 .rodata._ZTV14HardwareSerial
                0x08005048       0x28 C:\Users\dalex\AppData\Local\arduino\cores\65f3c8272c88b8acb16a1f86b70060c0\core.a(HardwareSerial.cpp.o)
                0x08005048                vtable for HardwareSerial
 .rodata.GPIOB  0x08005070        0x4 C:\Users\dalex\AppData\Local\arduino\cores\65f3c8272c88b8acb16a1f86b70060c0\core.a(gpio_f1.c.o)
                0x08005070                GPIOB
 .rodata.rcc_dev_table
                0x08005074       0x5c C:\Users\dalex\AppData\Local\arduino\cores\65f3c8272c88b8acb16a1f86b70060c0\core.a(rcc_f1.c.o)
                0x08005074                rcc_dev_table
 .rodata.masks.4420
                0x080050d0       0x14 C:\Users\dalex\AppData\Local\arduino\cores\65f3c8272c88b8acb16a1f86b70060c0\core.a(rcc_f1.c.o)
 .rodata.usbVcomDescriptor_iProduct
                0x080050e4        0xc C:\Users\dalex\AppData\Local\arduino\cores\65f3c8272c88b8acb16a1f86b70060c0\core.a(usb_cdcacm.c.o)
 .rodata.usbVcomDescriptor_iManufacturer
                0x080050f0       0x12 C:\Users\dalex\AppData\Local\arduino\cores\65f3c8272c88b8acb16a1f86b70060c0\core.a(usb_cdcacm.c.o)
 .rodata.usbVcomDescriptor_Device
                0x08005102       0x12 C:\Users\dalex\AppData\Local\arduino\cores\65f3c8272c88b8acb16a1f86b70060c0\core.a(usb_cdcacm.c.o)
 .rodata.usbVcomDescriptor_Config
                0x08005114       0x43 C:\Users\dalex\AppData\Local\arduino\cores\65f3c8272c88b8acb16a1f86b70060c0\core.a(usb_cdcacm.c.o)
 .rodata.usbVcomDescriptor_LangID
                0x08005157        0x4 C:\Users\dalex\AppData\Local\arduino\cores\65f3c8272c88b8acb16a1f86b70060c0\core.a(usb_cdcacm.c.o)
 .rodata.str1.1
                0x0800515b        0x2 c:/users/dalex/appdata/local/arduino15/packages/arduino/tools/arm-none-eabi-gcc/4.8.3-2014q1/bin/../lib/gcc/arm-none-eabi/4.8.3/../../../../arm-none-eabi/lib/armv7-m\libc_s.a(lib_a-impure.o)
 *fill*         0x0800515d        0x3 
 .rodata._global_impure_ptr
                0x08005160        0x4 c:/users/dalex/appdata/local/arduino15/packages/arduino/tools/arm-none-eabi-gcc/4.8.3-2014q1/bin/../lib/gcc/arm-none-eabi/4.8.3/../../../../arm-none-eabi/lib/armv7-m\libc_s.a(lib_a-impure.o)
                0x08005160                _global_impure_ptr
 *(.USER_FLASH)
 .USER_FLASH    0x08005164       0x10 C:\Users\dalex\AppData\Local\arduino\sketches\059C72163B544ABDC6D6787E70D3EFDB\libraries\SPI\SPI.cpp.o
                0x08005174                . = ALIGN (0x4)
                0x08005174                _lm_rom_img_cfgp = .
                0x08005174        0x4 LONG 0x8004248 LOADADDR (.data)
                0x20000720                _lm_heap_start = DEFINED (_lm_heap_start)?_lm_heap_start:_end
                0x20005000                _lm_heap_end = DEFINED (_lm_heap_end)?_lm_heap_end:__msp_init

.rel.dyn        0x08005178        0x0
 .rel.iplt      0x00000000        0x0 c:/users/dalex/appdata/local/arduino15/packages/arduino/tools/arm-none-eabi-gcc/4.8.3-2014q1/bin/../lib/gcc/arm-none-eabi/4.8.3/armv7-m/crtbegin.o

.bss            0x20000498      0x288
                0x20000498                . = ALIGN (0x8)
                0x20000498                __bss_start__ = .
 *(.bss .bss.* .gnu.linkonce.b.*)
 .bss           0x20000498       0x1c c:/users/dalex/appdata/local/arduino15/packages/arduino/tools/arm-none-eabi-gcc/4.8.3-2014q1/bin/../lib/gcc/arm-none-eabi/4.8.3/armv7-m/crtbegin.o
 .bss.motor     0x200004b4        0xc C:\Users\dalex\AppData\Local\arduino\sketches\059C72163B544ABDC6D6787E70D3EFDB\sketch\Cafetera.ino.cpp.o
                0x200004b4                motor
 .bss.lcd       0x200004c0       0x1c C:\Users\dalex\AppData\Local\arduino\sketches\059C72163B544ABDC6D6787E70D3EFDB\sketch\Cafetera.ino.cpp.o
                0x200004c0                lcd
 .bss.matrixAzucar
                0x200004dc       0x34 C:\Users\dalex\AppData\Local\arduino\sketches\059C72163B544ABDC6D6787E70D3EFDB\sketch\Cafetera.ino.cpp.o
                0x200004dc                matrixAzucar
 .bss.matrixAgua
                0x20000510       0x34 C:\Users\dalex\AppData\Local\arduino\sketches\059C72163B544ABDC6D6787E70D3EFDB\sketch\Cafetera.ino.cpp.o
                0x20000510                matrixAgua
 .bss._ZL10_spi2_this
                0x20000544        0x4 C:\Users\dalex\AppData\Local\arduino\sketches\059C72163B544ABDC6D6787E70D3EFDB\libraries\SPI\SPI.cpp.o
 .bss._ZL10_spi1_this
                0x20000548        0x4 C:\Users\dalex\AppData\Local\arduino\sketches\059C72163B544ABDC6D6787E70D3EFDB\libraries\SPI\SPI.cpp.o
 .bss.SPI       0x2000054c       0x4c C:\Users\dalex\AppData\Local\arduino\sketches\059C72163B544ABDC6D6787E70D3EFDB\libraries\SPI\SPI.cpp.o
                0x2000054c                SPI
 .bss.Serial1   0x20000598       0x18 C:\Users\dalex\AppData\Local\arduino\sketches\059C72163B544ABDC6D6787E70D3EFDB\core\board.cpp.o
                0x20000598                Serial1
 .bss.Serial2   0x200005b0       0x18 C:\Users\dalex\AppData\Local\arduino\sketches\059C72163B544ABDC6D6787E70D3EFDB\core\board.cpp.o
                0x200005b0                Serial2
 .bss.Serial3   0x200005c8       0x18 C:\Users\dalex\AppData\Local\arduino\sketches\059C72163B544ABDC6D6787E70D3EFDB\core\board.cpp.o
                0x200005c8                Serial3
 .bss.pbreak.4444
                0x200005e0        0x4 C:\Users\dalex\AppData\Local\arduino\sketches\059C72163B544ABDC6D6787E70D3EFDB\core\wirish\syscalls.c.o
 .bss.exti_channels
                0x200005e4       0x80 C:\Users\dalex\AppData\Local\arduino\cores\65f3c8272c88b8acb16a1f86b70060c0\core.a(exti.c.o)
                0x200005e4                exti_channels
 .bss.systick_user_callback
                0x20000664        0x4 C:\Users\dalex\AppData\Local\arduino\cores\65f3c8272c88b8acb16a1f86b70060c0\core.a(systick.c.o)
 .bss.usart1_wb
                0x20000668        0xc C:\Users\dalex\AppData\Local\arduino\cores\65f3c8272c88b8acb16a1f86b70060c0\core.a(usart_f1.c.o)
 .bss.usart1_rb
                0x20000674        0xc C:\Users\dalex\AppData\Local\arduino\cores\65f3c8272c88b8acb16a1f86b70060c0\core.a(usart_f1.c.o)
 .bss.usart2_rb
                0x20000680        0xc C:\Users\dalex\AppData\Local\arduino\cores\65f3c8272c88b8acb16a1f86b70060c0\core.a(usart_f1.c.o)
 .bss.usart3_rb
                0x2000068c        0xc C:\Users\dalex\AppData\Local\arduino\cores\65f3c8272c88b8acb16a1f86b70060c0\core.a(usart_f1.c.o)
 .bss.usart2_wb
                0x20000698        0xc C:\Users\dalex\AppData\Local\arduino\cores\65f3c8272c88b8acb16a1f86b70060c0\core.a(usart_f1.c.o)
 .bss.usart3_wb
                0x200006a4        0xc C:\Users\dalex\AppData\Local\arduino\cores\65f3c8272c88b8acb16a1f86b70060c0\core.a(usart_f1.c.o)
 .bss.line_dtr_rts
                0x200006b0        0x1 C:\Users\dalex\AppData\Local\arduino\cores\65f3c8272c88b8acb16a1f86b70060c0\core.a(usb_cdcacm.c.o)
 *fill*         0x200006b1        0x3 
 .bss.tx_head   0x200006b4        0x4 C:\Users\dalex\AppData\Local\arduino\cores\65f3c8272c88b8acb16a1f86b70060c0\core.a(usb_cdcacm.c.o)
 .bss.transmitting
                0x200006b8        0x1 C:\Users\dalex\AppData\Local\arduino\cores\65f3c8272c88b8acb16a1f86b70060c0\core.a(usb_cdcacm.c.o)
 *fill*         0x200006b9        0x3 
 .bss.rx_tail   0x200006bc        0x4 C:\Users\dalex\AppData\Local\arduino\cores\65f3c8272c88b8acb16a1f86b70060c0\core.a(usb_cdcacm.c.o)
 .bss.iface_setup_hook
                0x200006c0        0x4 C:\Users\dalex\AppData\Local\arduino\cores\65f3c8272c88b8acb16a1f86b70060c0\core.a(usb_cdcacm.c.o)
 .bss.rx_head   0x200006c4        0x4 C:\Users\dalex\AppData\Local\arduino\cores\65f3c8272c88b8acb16a1f86b70060c0\core.a(usb_cdcacm.c.o)
 .bss.tx_tail   0x200006c8        0x4 C:\Users\dalex\AppData\Local\arduino\cores\65f3c8272c88b8acb16a1f86b70060c0\core.a(usb_cdcacm.c.o)
 .bss.Data_Mul_MaxPacketSize
                0x200006cc        0x1 C:\Users\dalex\AppData\Local\arduino\cores\65f3c8272c88b8acb16a1f86b70060c0\core.a(usb_core.c.o)
                0x200006cc                Data_Mul_MaxPacketSize
 *fill*         0x200006cd        0x3 
 .bss.__malloc_sbrk_start
                0x200006d0        0x4 c:/users/dalex/appdata/local/arduino15/packages/arduino/tools/arm-none-eabi-gcc/4.8.3-2014q1/bin/../lib/gcc/arm-none-eabi/4.8.3/../../../../arm-none-eabi/lib/armv7-m\libc_s.a(lib_a-nano-mallocr.o)
                0x200006d0                __malloc_sbrk_start
 .bss.__malloc_free_list
                0x200006d4        0x4 c:/users/dalex/appdata/local/arduino15/packages/arduino/tools/arm-none-eabi-gcc/4.8.3-2014q1/bin/../lib/gcc/arm-none-eabi/4.8.3/../../../../arm-none-eabi/lib/armv7-m\libc_s.a(lib_a-nano-mallocr.o)
                0x200006d4                __malloc_free_list
 *(COMMON)
 COMMON         0x200006d8        0x4 C:\Users\dalex\AppData\Local\arduino\cores\65f3c8272c88b8acb16a1f86b70060c0\core.a(systick.c.o)
                0x200006d8                systick_uptime_millis
 COMMON         0x200006dc        0x6 C:\Users\dalex\AppData\Local\arduino\cores\65f3c8272c88b8acb16a1f86b70060c0\core.a(usb.c.o)
                0x200006dc                SaveRState
                0x200006de                SaveTState
                0x200006e0                ResumeS
 COMMON         0x200006e2        0x2 C:\Users\dalex\AppData\Local\arduino\cores\65f3c8272c88b8acb16a1f86b70060c0\core.a(usb_core.c.o)
                0x200006e2                StatusInfo
 COMMON         0x200006e4       0x32 C:\Users\dalex\AppData\Local\arduino\cores\65f3c8272c88b8acb16a1f86b70060c0\core.a(usb_init.c.o)
                0x200006e4                SaveState
                0x200006e8                pProperty
                0x200006ec                EPindex
                0x200006f0                Device_Info
                0x2000070c                pUser_Standard_Requests
                0x20000710                pInformation
                0x20000714                wInterrupt_Mask
 *fill*         0x20000716        0x2 
 COMMON         0x20000718        0x4 c:/users/dalex/appdata/local/arduino15/packages/arduino/tools/arm-none-eabi-gcc/4.8.3-2014q1/bin/../lib/gcc/arm-none-eabi/4.8.3/../../../../arm-none-eabi/lib/armv7-m\libc_s.a(lib_a-reent.o)
                0x20000718                errno
                0x20000720                . = ALIGN (0x8)
 *fill*         0x2000071c        0x4 
                0x20000720                __bss_end__ = .
                0x20000720                _end = __bss_end__

.stab
 *(.stab)

.stabstr
 *(.stabstr)

.debug
 *(.debug)

.line
 *(.line)

.debug_srcinfo
 *(.debug_srcinfo)

.debug_sfnames
 *(.debug_sfnames)

.debug_aranges  0x00000000     0x1920
 *(.debug_aranges)
 .debug_aranges
                0x00000000       0x70 C:\Users\dalex\AppData\Local\arduino\sketches\059C72163B544ABDC6D6787E70D3EFDB\sketch\Cafetera.ino.cpp.o
 .debug_aranges
                0x00000070       0xf8 C:\Users\dalex\AppData\Local\arduino\sketches\059C72163B544ABDC6D6787E70D3EFDB\libraries\LiquidCrystal\LiquidCrystal.cpp.o
 .debug_aranges
                0x00000168       0xc0 C:\Users\dalex\AppData\Local\arduino\sketches\059C72163B544ABDC6D6787E70D3EFDB\libraries\MD_Parola\MD_PZone.cpp.o
 .debug_aranges
                0x00000228       0x58 C:\Users\dalex\AppData\Local\arduino\sketches\059C72163B544ABDC6D6787E70D3EFDB\libraries\MD_Parola\MD_Parola.cpp.o
 .debug_aranges
                0x00000280       0x28 C:\Users\dalex\AppData\Local\arduino\sketches\059C72163B544ABDC6D6787E70D3EFDB\libraries\MD_Parola\MD_Parola_Blinds.cpp.o
 .debug_aranges
                0x000002a8       0x30 C:\Users\dalex\AppData\Local\arduino\sketches\059C72163B544ABDC6D6787E70D3EFDB\libraries\MD_Parola\MD_Parola_Close.cpp.o
 .debug_aranges
                0x000002d8       0x30 C:\Users\dalex\AppData\Local\arduino\sketches\059C72163B544ABDC6D6787E70D3EFDB\libraries\MD_Parola\MD_Parola_Diag.cpp.o
 .debug_aranges
                0x00000308       0x30 C:\Users\dalex\AppData\Local\arduino\sketches\059C72163B544ABDC6D6787E70D3EFDB\libraries\MD_Parola\MD_Parola_Dissolve.cpp.o
 .debug_aranges
                0x00000338       0x30 C:\Users\dalex\AppData\Local\arduino\sketches\059C72163B544ABDC6D6787E70D3EFDB\libraries\MD_Parola\MD_Parola_Fade.cpp.o
 .debug_aranges
                0x00000368       0x28 C:\Users\dalex\AppData\Local\arduino\sketches\059C72163B544ABDC6D6787E70D3EFDB\libraries\MD_Parola\MD_Parola_Grow.cpp.o
 .debug_aranges
                0x00000390       0x28 C:\Users\dalex\AppData\Local\arduino\sketches\059C72163B544ABDC6D6787E70D3EFDB\libraries\MD_Parola\MD_Parola_HScroll.cpp.o
 .debug_aranges