Archive member included because of file (symbol)

C:\Users\MSI\AppData\Local\arduino\cores\92035f899edcd7e18417f2b8519b0a0f\core.a(HardwareSerial.cpp.o)
                              C:\Users\MSI\AppData\Local\arduino\sketches\2E6A5B292085DACE603A37E83A4976CA\core\board.cpp.o (HardwareSerial::HardwareSerial(usart_dev*, unsigned char, unsigned char))
C:\Users\MSI\AppData\Local\arduino\cores\92035f899edcd7e18417f2b8519b0a0f\core.a(Print.cpp.o)
                              C:\Users\MSI\AppData\Local\arduino\sketches\2E6A5B292085DACE603A37E83A4976CA\libraries\LiquidCrystal_I2C\LiquidCrystal_I2C.cpp.o (Print::write(void const*, unsigned long))
C:\Users\MSI\AppData\Local\arduino\cores\92035f899edcd7e18417f2b8519b0a0f\core.a(cxxabi-compat.cpp.o)
                              C:\Users\MSI\AppData\Local\arduino\sketches\2E6A5B292085DACE603A37E83A4976CA\libraries\Wire\utility\WireBase.cpp.o (__cxa_pure_virtual)
C:\Users\MSI\AppData\Local\arduino\cores\92035f899edcd7e18417f2b8519b0a0f\core.a(adc.c.o)
                              C:\Users\MSI\AppData\Local\arduino\sketches\2E6A5B292085DACE603A37E83A4976CA\core\wirish\boards.cpp.o (adc_set_sample_rate)
C:\Users\MSI\AppData\Local\arduino\cores\92035f899edcd7e18417f2b8519b0a0f\core.a(adc_f1.c.o)
                              (__irq_adc)
C:\Users\MSI\AppData\Local\arduino\cores\92035f899edcd7e18417f2b8519b0a0f\core.a(dma_f1.c.o)
                              (__irq_dma1_channel1)
C:\Users\MSI\AppData\Local\arduino\cores\92035f899edcd7e18417f2b8519b0a0f\core.a(exc.S.o)
                              (__exc_nmi)
C:\Users\MSI\AppData\Local\arduino\cores\92035f899edcd7e18417f2b8519b0a0f\core.a(exti.c.o)
                              (__irq_exti0)
C:\Users\MSI\AppData\Local\arduino\cores\92035f899edcd7e18417f2b8519b0a0f\core.a(exti_f1.c.o)
                              C:\Users\MSI\AppData\Local\arduino\cores\92035f899edcd7e18417f2b8519b0a0f\core.a(exti.c.o) (exti_select)
C:\Users\MSI\AppData\Local\arduino\cores\92035f899edcd7e18417f2b8519b0a0f\core.a(flash.c.o)
                              C:\Users\MSI\AppData\Local\arduino\sketches\2E6A5B292085DACE603A37E83A4976CA\core\wirish\boards.cpp.o (flash_set_latency)
C:\Users\MSI\AppData\Local\arduino\cores\92035f899edcd7e18417f2b8519b0a0f\core.a(gpio_f1.c.o)
                              C:\Users\MSI\AppData\Local\arduino\sketches\2E6A5B292085DACE603A37E83A4976CA\core\wirish\boards_setup.cpp.o (gpio_init_all)
C:\Users\MSI\AppData\Local\arduino\cores\92035f899edcd7e18417f2b8519b0a0f\core.a(i2c.c.o)
                              C:\Users\MSI\AppData\Local\arduino\sketches\2E6A5B292085DACE603A37E83A4976CA\libraries\Wire\Wire.cpp.o (i2c_master_xfer)
C:\Users\MSI\AppData\Local\arduino\cores\92035f899edcd7e18417f2b8519b0a0f\core.a(i2c_f1.c.o)
                              C:\Users\MSI\AppData\Local\arduino\cores\92035f899edcd7e18417f2b8519b0a0f\core.a(i2c.c.o) (i2c_config_gpios)
C:\Users\MSI\AppData\Local\arduino\cores\92035f899edcd7e18417f2b8519b0a0f\core.a(nvic.c.o)
                              C:\Users\MSI\AppData\Local\arduino\cores\92035f899edcd7e18417f2b8519b0a0f\core.a(i2c_f1.c.o) (nvic_irq_set_priority)
C:\Users\MSI\AppData\Local\arduino\cores\92035f899edcd7e18417f2b8519b0a0f\core.a(rcc.c.o)
                              C:\Users\MSI\AppData\Local\arduino\sketches\2E6A5B292085DACE603A37E83A4976CA\core\wirish\boards.cpp.o (rcc_switch_sysclk)
C:\Users\MSI\AppData\Local\arduino\cores\92035f899edcd7e18417f2b8519b0a0f\core.a(rcc_f1.c.o)
                              C:\Users\MSI\AppData\Local\arduino\sketches\2E6A5B292085DACE603A37E83A4976CA\core\wirish\boards.cpp.o (rcc_configure_pll)
C:\Users\MSI\AppData\Local\arduino\cores\92035f899edcd7e18417f2b8519b0a0f\core.a(isrs.S.o)
                              (__stm32reservedexception7)
C:\Users\MSI\AppData\Local\arduino\cores\92035f899edcd7e18417f2b8519b0a0f\core.a(vector_table.S.o)
                              (__stm32_vector_table)
C:\Users\MSI\AppData\Local\arduino\cores\92035f899edcd7e18417f2b8519b0a0f\core.a(systick.c.o)
                              C:\Users\MSI\AppData\Local\arduino\sketches\2E6A5B292085DACE603A37E83A4976CA\core\wirish\boards.cpp.o (systick_init)
C:\Users\MSI\AppData\Local\arduino\cores\92035f899edcd7e18417f2b8519b0a0f\core.a(timer.c.o)
                              C:\Users\MSI\AppData\Local\arduino\sketches\2E6A5B292085DACE603A37E83A4976CA\core\wirish\boards.cpp.o (timer_foreach)
C:\Users\MSI\AppData\Local\arduino\cores\92035f899edcd7e18417f2b8519b0a0f\core.a(usart.c.o)
                              C:\Users\MSI\AppData\Local\arduino\cores\92035f899edcd7e18417f2b8519b0a0f\core.a(HardwareSerial.cpp.o) (usart_init)
C:\Users\MSI\AppData\Local\arduino\cores\92035f899edcd7e18417f2b8519b0a0f\core.a(usart_f1.c.o)
                              C:\Users\MSI\AppData\Local\arduino\cores\92035f899edcd7e18417f2b8519b0a0f\core.a(HardwareSerial.cpp.o) (usart_config_gpios_async)
[...]
Memory Configuration

Name             Origin             Length             Attributes
ram              0x20000000         0x00005000         xrw
rom              0x08000000         0x00020000         xr
*default*        0x00000000         0xffffffff

Linker script and memory map

LOAD c:/users/msi/appdata/local/arduino15/packages/arduino/tools/arm-none-eabi-gcc/4.8.3-2014q1/bin/../lib/gcc/arm-none-eabi/4.8.3/armv7-m/crti.o
LOAD c:/users/msi/appdata/local/arduino15/packages/arduino/tools/arm-none-eabi-gcc/4.8.3-2014q1/bin/../lib/gcc/arm-none-eabi/4.8.3/armv7-m/crtbegin.o
LOAD c:/users/msi/appdata/local/arduino15/packages/arduino/tools/arm-none-eabi-gcc/4.8.3-2014q1/bin/../lib/gcc/arm-none-eabi/4.8.3/../../../../arm-none-eabi/lib/armv7-m/crt0.o
LOAD c:/users/msi/appdata/local/arduino15/packages/arduino/tools/arm-none-eabi-gcc/4.8.3-2014q1/bin/../lib/gcc/arm-none-eabi/4.8.3/armv7-m\libgcc.a
START GROUP
LOAD C:\Users\MSI\AppData\Local\arduino\sketches\2E6A5B292085DACE603A37E83A4976CA\sketch\sketch_feb27a.ino.cpp.o
LOAD C:\Users\MSI\AppData\Local\arduino\sketches\2E6A5B292085DACE603A37E83A4976CA\libraries\Wire\SoftWire.cpp.o
LOAD C:\Users\MSI\AppData\Local\arduino\sketches\2E6A5B292085DACE603A37E83A4976CA\libraries\Wire\Wire.cpp.o
LOAD C:\Users\MSI\AppData\Local\arduino\sketches\2E6A5B292085DACE603A37E83A4976CA\libraries\Wire\utility\WireBase.cpp.o
LOAD C:\Users\MSI\AppData\Local\arduino\sketches\2E6A5B292085DACE603A37E83A4976CA\libraries\LiquidCrystal_I2C\LiquidCrystal_I2C.cpp.o
LOAD C:\Users\MSI\AppData\Local\arduino\sketches\2E6A5B292085DACE603A37E83A4976CA\core\board.cpp.o
LOAD C:\Users\MSI\AppData\Local\arduino\sketches\2E6A5B292085DACE603A37E83A4976CA\core\wirish\boards.cpp.o
LOAD C:\Users\MSI\AppData\Local\arduino\sketches\2E6A5B292085DACE603A37E83A4976CA\core\wirish\boards_setup.cpp.o
LOAD C:\Users\MSI\AppData\Local\arduino\sketches\2E6A5B292085DACE603A37E83A4976CA\core\wirish\start.S.o
LOAD C:\Users\MSI\AppData\Local\arduino\sketches\2E6A5B292085DACE603A37E83A4976CA\core\wirish\start_c.c.o
LOAD C:\Users\MSI\AppData\Local\arduino\sketches\2E6A5B292085DACE603A37E83A4976CA\core\wirish\syscalls.c.o
LOAD C:\Users\MSI\AppData\Local\arduino\cores\92035f899edcd7e18417f2b8519b0a0f\core.a
END GROUP
LOAD c:/users/msi/appdata/local/arduino15/packages/arduino/tools/arm-none-eabi-gcc/4.8.3-2014q1/bin/../lib/gcc/arm-none-eabi/4.8.3/../../../../arm-none-eabi/lib/armv7-m\libstdc++_s.a
LOAD c:/users/msi/appdata/local/arduino15/packages/arduino/tools/arm-none-eabi-gcc/4.8.3-2014q1/bin/../lib/gcc/arm-none-eabi/4.8.3/../../../../arm-none-eabi/lib/armv7-m\libm.a
START GROUP
LOAD c:/users/msi/appdata/local/arduino15/packages/arduino/tools/arm-none-eabi-gcc/4.8.3-2014q1/bin/../lib/gcc/arm-none-eabi/4.8.3/armv7-m\libgcc.a
LOAD c:/users/msi/appdata/local/arduino15/packages/arduino/tools/arm-none-eabi-gcc/4.8.3-2014q1/bin/../lib/gcc/arm-none-eabi/4.8.3/../../../../arm-none-eabi/lib/armv7-m\libc_s.a
END GROUP
START GROUP
LOAD c:/users/msi/appdata/local/arduino15/packages/arduino/tools/arm-none-eabi-gcc/4.8.3-2014q1/bin/../lib/gcc/arm-none-eabi/4.8.3/armv7-m\libgcc.a
LOAD c:/users/msi/appdata/local/arduino15/packages/arduino/tools/arm-none-eabi-gcc/4.8.3-2014q1/bin/../lib/gcc/arm-none-eabi/4.8.3/../../../../arm-none-eabi/lib/armv7-m\libc_s.a
END GROUP
LOAD c:/users/msi/appdata/local/arduino15/packages/arduino/tools/arm-none-eabi-gcc/4.8.3-2014q1/bin/../lib/gcc/arm-none-eabi/4.8.3/armv7-m/crtend.o
LOAD c:/users/msi/appdata/local/arduino15/packages/arduino/tools/arm-none-eabi-gcc/4.8.3-2014q1/bin/../lib/gcc/arm-none-eabi/4.8.3/armv7-m/crtn.o
START GROUP
LOAD c:/users/msi/appdata/local/arduino15/packages/arduino/tools/arm-none-eabi-gcc/4.8.3-2014q1/bin/../lib/gcc/arm-none-eabi/4.8.3/armv7-m\libgcc.a
LOAD c:/users/msi/appdata/local/arduino15/packages/arduino/tools/arm-none-eabi-gcc/4.8.3-2014q1/bin/../lib/gcc/arm-none-eabi/4.8.3/../../../../arm-none-eabi/lib/armv7-m\libc.a
LOAD c:/users/msi/appdata/local/arduino15/packages/arduino/tools/arm-none-eabi-gcc/4.8.3-2014q1/bin/../lib/gcc/arm-none-eabi/4.8.3/../../../../arm-none-eabi/lib/armv7-m\libm.a
END GROUP
START GROUP
LOAD c:/users/msi/appdata/local/arduino15/packages/arduino/tools/arm-none-eabi-gcc/4.8.3-2014q1/bin/../lib/gcc/arm-none-eabi/4.8.3/../../../../arm-none-eabi/lib/armv7-m\libnosys.a
END GROUP
                0x20005000                PROVIDE (__msp_init, (ORIGIN (ram) + 0x5000))
                0x08000874                PROVIDE (__exc_reset, __start__)

.text           0x08000000     0x373c
                0x08000000                __text_start__ = .
 *(.stm32.interrupt_vector)
 .stm32.interrupt_vector
                0x08000000       0xec C:\Users\MSI\AppData\Local\arduino\cores\92035f899edcd7e18417f2b8519b0a0f\core.a(vector_table.S.o)
                0x08000000                __stm32_vector_table
 *(.text .text.* .gnu.linkonce.t.*)
 .text          0x080000ec       0x54 c:/users/msi/appdata/local/arduino15/packages/arduino/tools/arm-none-eabi-gcc/4.8.3-2014q1/bin/../lib/gcc/arm-none-eabi/4.8.3/armv7-m/crtbegin.o
 .text._Z5setupv
                0x08000140       0x74 C:\Users\MSI\AppData\Local\arduino\sketches\2E6A5B292085DACE603A37E83A4976CA\sketch\sketch_feb27a.ino.cpp.o
                0x08000140                setup()
 *fill*         0x080001b4        0x4 
 .text._Z4loopv
                0x080001b8      0x138 C:\Users\MSI\AppData\Local\arduino\sketches\2E6A5B292085DACE603A37E83A4976CA\sketch\sketch_feb27a.ino.cpp.o
                0x080001b8                loop()
 .text.startup._GLOBAL__sub_I_lcd
                0x080002f0       0x10 C:\Users\MSI\AppData\Local\arduino\sketches\2E6A5B292085DACE603A37E83A4976CA\sketch\sketch_feb27a.ino.cpp.o
 .text._ZN7TwoWire7processEv
                0x08000300        0xc C:\Users\MSI\AppData\Local\arduino\sketches\2E6A5B292085DACE603A37E83A4976CA\libraries\Wire\Wire.cpp.o
                0x08000300                TwoWire::process()
 .text._ZN7TwoWire5beginEh
                0x0800030c        0xe C:\Users\MSI\AppData\Local\arduino\sketches\2E6A5B292085DACE603A37E83A4976CA\libraries\Wire\Wire.cpp.o
                0x0800030c                TwoWire::begin(unsigned char)
 .text.i2c_disable
                0x0800031a       0x1a C:\Users\MSI\AppData\Local\arduino\sketches\2E6A5B292085DACE603A37E83A4976CA\libraries\Wire\Wire.cpp.o
 .text._ZN7TwoWire3endEv
                0x08000334       0x10 C:\Users\MSI\AppData\Local\arduino\sketches\2E6A5B292085DACE603A37E83A4976CA\libraries\Wire\Wire.cpp.o
                0x08000334                TwoWire::end()
 .text._ZN7TwoWire7processEh
                0x08000344       0x4a C:\Users\MSI\AppData\Local\arduino\sketches\2E6A5B292085DACE603A37E83A4976CA\libraries\Wire\Wire.cpp.o
                0x08000344                TwoWire::process(unsigned char)
 *fill*         0x0800038e        0x2 
 .text._ZN7TwoWireD2Ev
                0x08000390       0x24 C:\Users\MSI\AppData\Local\arduino\sketches\2E6A5B292085DACE603A37E83A4976CA\libraries\Wire\Wire.cpp.o
                0x08000390                TwoWire::~TwoWire()
                0x08000390                TwoWire::~TwoWire()
 .text.startup._GLOBAL__sub_I__ZN7TwoWire7processEh
                0x080003b4       0x28 C:\Users\MSI\AppData\Local\arduino\sketches\2E6A5B292085DACE603A37E83A4976CA\libraries\Wire\Wire.cpp.o
 .text.exit._GLOBAL__sub_D__ZN7TwoWire7processEh
                0x080003dc        0xc C:\Users\MSI\AppData\Local\arduino\sketches\2E6A5B292085DACE603A37E83A4976CA\libraries\Wire\Wire.cpp.o
 .text._ZN8WireBase3endEv
                0x080003e8        0x2 C:\Users\MSI\AppData\Local\arduino\sketches\2E6A5B292085DACE603A37E83A4976CA\libraries\Wire\utility\WireBase.cpp.o
                0x080003e8                WireBase::end()
 .text._ZN8WireBase5beginEh
                0x080003ea       0x14 C:\Users\MSI\AppData\Local\arduino\sketches\2E6A5B292085DACE603A37E83A4976CA\libraries\Wire\utility\WireBase.cpp.o
                0x080003ea                WireBase::begin(unsigned char)
 .text._ZN8WireBase17beginTransmissionEh
                0x080003fe       0x14 C:\Users\MSI\AppData\Local\arduino\sketches\2E6A5B292085DACE603A37E83A4976CA\libraries\Wire\utility\WireBase.cpp.o
                0x080003fe                WireBase::beginTransmission(unsigned char)
 .text._ZN8WireBase15endTransmissionEb
                0x08000412       0x1e C:\Users\MSI\AppData\Local\arduino\sketches\2E6A5B292085DACE603A37E83A4976CA\libraries\Wire\utility\WireBase.cpp.o
                0x08000412                WireBase::endTransmission(bool)
 .text._ZN8WireBase15endTransmissionEv
                0x08000430        0x6 C:\Users\MSI\AppData\Local\arduino\sketches\2E6A5B292085DACE603A37E83A4976CA\libraries\Wire\utility\WireBase.cpp.o
                0x08000430                WireBase::endTransmission()
 .text._ZN8WireBase5writeEh
                0x08000436       0x28 C:\Users\MSI\AppData\Local\arduino\sketches\2E6A5B292085DACE603A37E83A4976CA\libraries\Wire\utility\WireBase.cpp.o
                0x08000436                WireBase::write(unsigned char)
 .text._ZN8WireBase5writeEi
                0x0800045e        0x6 C:\Users\MSI\AppData\Local\arduino\sketches\2E6A5B292085DACE603A37E83A4976CA\libraries\Wire\utility\WireBase.cpp.o
                0x0800045e                WireBase::write(int)
 .text._ZN17LiquidCrystal_I2CC2Ehhh
                0x08000464       0x18 C:\Users\MSI\AppData\Local\arduino\sketches\2E6A5B292085DACE603A37E83A4976CA\libraries\LiquidCrystal_I2C\LiquidCrystal_I2C.cpp.o
                0x08000464                LiquidCrystal_I2C::LiquidCrystal_I2C(unsigned char, unsigned char, unsigned char)
                0x08000464                LiquidCrystal_I2C::LiquidCrystal_I2C(unsigned char, unsigned char, unsigned char)
 .text._ZN17LiquidCrystal_I2C13expanderWriteEh
                0x0800047c       0x28 C:\Users\MSI\AppData\Local\arduino\sketches\2E6A5B292085DACE603A37E83A4976CA\libraries\LiquidCrystal_I2C\LiquidCrystal_I2C.cpp.o
                0x0800047c                LiquidCrystal_I2C::expanderWrite(unsigned char)
 .text._ZN17LiquidCrystal_I2C9backlightEv
                0x080004a4        0xa C:\Users\MSI\AppData\Local\arduino\sketches\2E6A5B292085DACE603A37E83A4976CA\libraries\LiquidCrystal_I2C\LiquidCrystal_I2C.cpp.o
                0x080004a4                LiquidCrystal_I2C::backlight()
 .text._ZN17LiquidCrystal_I2C11pulseEnableEh
                0x080004ae       0x28 C:\Users\MSI\AppData\Local\arduino\sketches\2E6A5B292085DACE603A37E83A4976CA\libraries\LiquidCrystal_I2C\LiquidCrystal_I2C.cpp.o
                0x080004ae                LiquidCrystal_I2C::pulseEnable(unsigned char)
 .text._ZN17LiquidCrystal_I2C10write4bitsEh
                0x080004d6       0x16 C:\Users\MSI\AppData\Local\arduino\sketches\2E6A5B292085DACE603A37E83A4976CA\libraries\LiquidCrystal_I2C\LiquidCrystal_I2C.cpp.o
                0x080004d6                LiquidCrystal_I2C::write4bits(unsigned char)
 .text._ZN17LiquidCrystal_I2C4sendEhh
                0x080004ec       0x22 C:\Users\MSI\AppData\Local\arduino\sketches\2E6A5B292085DACE603A37E83A4976CA\libraries\LiquidCrystal_I2C\LiquidCrystal_I2C.cpp.o
                0x080004ec                LiquidCrystal_I2C::send(unsigned char, unsigned char)
 .text._ZN17LiquidCrystal_I2C5writeEh
                0x0800050e        0xc C:\Users\MSI\AppData\Local\arduino\sketches\2E6A5B292085DACE603A37E83A4976CA\libraries\LiquidCrystal_I2C\LiquidCrystal_I2C.cpp.o
                0x0800050e                LiquidCrystal_I2C::write(unsigned char)
 .text._ZN17LiquidCrystal_I2C7commandEh
                0x0800051a        0x6 C:\Users\MSI\AppData\Local\arduino\sketches\2E6A5B292085DACE603A37E83A4976CA\libraries\LiquidCrystal_I2C\LiquidCrystal_I2C.cpp.o
                0x0800051a                LiquidCrystal_I2C::command(unsigned char)
 .text._ZN17LiquidCrystal_I2C5clearEv
                0x08000520       0x14 C:\Users\MSI\AppData\Local\arduino\sketches\2E6A5B292085DACE603A37E83A4976CA\libraries\LiquidCrystal_I2C\LiquidCrystal_I2C.cpp.o
                0x08000520                LiquidCrystal_I2C::clear()
 .text._ZN17LiquidCrystal_I2C4homeEv
                0x08000534       0x14 C:\Users\MSI\AppData\Local\arduino\sketches\2E6A5B292085DACE603A37E83A4976CA\libraries\LiquidCrystal_I2C\LiquidCrystal_I2C.cpp.o
                0x08000534                LiquidCrystal_I2C::home()
 .text._ZN17LiquidCrystal_I2C9setCursorEhh
                0x08000548       0x40 C:\Users\MSI\AppData\Local\arduino\sketches\2E6A5B292085DACE603A37E83A4976CA\libraries\LiquidCrystal_I2C\LiquidCrystal_I2C.cpp.o
                0x08000548                LiquidCrystal_I2C::setCursor(unsigned char, unsigned char)
 .text._ZN17LiquidCrystal_I2C7displayEv
                0x08000588       0x14 C:\Users\MSI\AppData\Local\arduino\sketches\2E6A5B292085DACE603A37E83A4976CA\libraries\LiquidCrystal_I2C\LiquidCrystal_I2C.cpp.o
                0x08000588                LiquidCrystal_I2C::display()
 .text._ZN17LiquidCrystal_I2C5beginEhhh
                0x0800059c       0x9e C:\Users\MSI\AppData\Local\arduino\sketches\2E6A5B292085DACE603A37E83A4976CA\libraries\LiquidCrystal_I2C\LiquidCrystal_I2C.cpp.o
                0x0800059c                LiquidCrystal_I2C::begin(unsigned char, unsigned char, unsigned char)
 *fill*         0x0800063a        0x2 
 .text._ZN17LiquidCrystal_I2C9init_privEv
                0x0800063c       0x24 C:\Users\MSI\AppData\Local\arduino\sketches\2E6A5B292085DACE603A37E83A4976CA\libraries\LiquidCrystal_I2C\LiquidCrystal_I2C.cpp.o
                0x0800063c                LiquidCrystal_I2C::init_priv()
 .text._ZN17LiquidCrystal_I2C4initEv
                0x08000660        0x4 C:\Users\MSI\AppData\Local\arduino\sketches\2E6A5B292085DACE603A37E83A4976CA\libraries\LiquidCrystal_I2C\LiquidCrystal_I2C.cpp.o
                0x08000660                LiquidCrystal_I2C::init()
 .text._Z9boardInitv
                0x08000664       0x30 C:\Users\MSI\AppData\Local\arduino\sketches\2E6A5B292085DACE603A37E83A4976CA\core\board.cpp.o
                0x08000664                boardInit()
 .text.startup._GLOBAL__sub_I__Z9boardInitv
                0x08000694       0x48 C:\Users\MSI\AppData\Local\arduino\sketches\2E6A5B292085DACE603A37E83A4976CA\core\board.cpp.o
 .text._ZL18adc_default_configP7adc_dev
                0x080006dc       0x1c C:\Users\MSI\AppData\Local\arduino\sketches\2E6A5B292085DACE603A37E83A4976CA\core\wirish\boards.cpp.o
 .text._ZL20timer_default_configP9timer_dev
                0x080006f8       0x9e C:\Users\MSI\AppData\Local\arduino\sketches\2E6A5B292085DACE603A37E83A4976CA\core\wirish\boards.cpp.o
 *fill*         0x08000796        0x2 
 .text._Z4initv
                0x08000798       0xa8 C:\Users\MSI\AppData\Local\arduino\sketches\2E6A5B292085DACE603A37E83A4976CA\core\wirish\boards.cpp.o
                0x08000798                init()
 .text._ZN6wirish4priv15board_reset_pllEv
                0x08000840        0x2 C:\Users\MSI\AppData\Local\arduino\sketches\2E6A5B292085DACE603A37E83A4976CA\core\wirish\boards_setup.cpp.o
                0x08000840                wirish::priv::board_reset_pll()
 .text._ZN6wirish4priv28board_setup_clock_prescalersEv
                0x08000842       0x26 C:\Users\MSI\AppData\Local\arduino\sketches\2E6A5B292085DACE603A37E83A4976CA\core\wirish\boards_setup.cpp.o
                0x08000842                wirish::priv::board_setup_clock_prescalers()
 .text._ZN6wirish4priv16board_setup_gpioEv
                0x08000868        0x4 C:\Users\MSI\AppData\Local\arduino\sketches\2E6A5B292085DACE603A37E83A4976CA\core\wirish\boards_setup.cpp.o
                0x08000868                wirish::priv::board_setup_gpio()
 .text._ZN6wirish4priv15board_setup_usbEv
                0x0800086c        0x2 C:\Users\MSI\AppData\Local\arduino\sketches\2E6A5B292085DACE603A37E83A4976CA\core\wirish\boards_setup.cpp.o
                0x0800086c                wirish::priv::board_setup_usb()
 .text._ZN6wirish4priv11series_initEv
                0x0800086e        0x4 C:\Users\MSI\AppData\Local\arduino\sketches\2E6A5B292085DACE603A37E83A4976CA\core\wirish\boards_setup.cpp.o
                0x0800086e                wirish::priv::series_init()
 *fill*         0x08000872        0x2 
 .text          0x08000874       0x10 C:\Users\MSI\AppData\Local\arduino\sketches\2E6A5B292085DACE603A37E83A4976CA\core\wirish\start.S.o
                0x08000874                __start__
 .text.start_c  0x08000884       0x64 C:\Users\MSI\AppData\Local\arduino\sketches\2E6A5B292085DACE603A37E83A4976CA\core\wirish\start_c.c.o
                0x08000884                start_c
 .text._exit    0x080008e8        0x2 C:\Users\MSI\AppData\Local\arduino\sketches\2E6A5B292085DACE603A37E83A4976CA\core\wirish\syscalls.c.o
                0x080008e8                _exit
 .text.rb_full_count
                0x080008ea       0x22 C:\Users\MSI\AppData\Local\arduino\cores\92035f899edcd7e18417f2b8519b0a0f\core.a(HardwareSerial.cpp.o)
 .text._ZN14HardwareSerial4readEv
                0x0800090c       0x3a C:\Users\MSI\AppData\Local\arduino\cores\92035f899edcd7e18417f2b8519b0a0f\core.a(HardwareSerial.cpp.o)
                0x0800090c                HardwareSerial::read()
 .text._ZN14HardwareSerial9availableEv
                0x08000946        0xc C:\Users\MSI\AppData\Local\arduino\cores\92035f899edcd7e18417f2b8519b0a0f\core.a(HardwareSerial.cpp.o)
                0x08000946                HardwareSerial::available()
 .text._ZN14HardwareSerial4peekEv
                0x08000952       0x22 C:\Users\MSI\AppData\Local\arduino\cores\92035f899edcd7e18417f2b8519b0a0f\core.a(HardwareSerial.cpp.o)
                0x08000952                HardwareSerial::peek()
 .text._ZN14HardwareSerial5flushEv
                0x08000974       0x1a C:\Users\MSI\AppData\Local\arduino\cores\92035f899edcd7e18417f2b8519b0a0f\core.a(HardwareSerial.cpp.o)
                0x08000974                HardwareSerial::flush()
 .text._ZN14HardwareSerial5writeEh
                0x0800098e       0x1e C:\Users\MSI\AppData\Local\arduino\cores\92035f899edcd7e18417f2b8519b0a0f\core.a(HardwareSerial.cpp.o)
                0x0800098e                HardwareSerial::write(unsigned char)
 .text._ZN14HardwareSerialC2EP9usart_devhh
                0x080009ac       0x1c C:\Users\MSI\AppData\Local\arduino\cores\92035f899edcd7e18417f2b8519b0a0f\core.a(HardwareSerial.cpp.o)
                0x080009ac                HardwareSerial::HardwareSerial(usart_dev*, unsigned char, unsigned char)
                0x080009ac                HardwareSerial::HardwareSerial(usart_dev*, unsigned char, unsigned char)
 .text._ZN5Print5writeEPKvm
                0x080009c8       0x20 C:\Users\MSI\AppData\Local\arduino\cores\92035f899edcd7e18417f2b8519b0a0f\core.a(Print.cpp.o)
                0x080009c8                Print::write(void const*, unsigned long)
 .text._ZN5Print5writeEPKc
                0x080009e8       0x1e C:\Users\MSI\AppData\Local\arduino\cores\92035f899edcd7e18417f2b8519b0a0f\core.a(Print.cpp.o)
                0x080009e8                Print::write(char const*)
 .text._ZN5Print5printEPKc
                0x08000a06        0xa C:\Users\MSI\AppData\Local\arduino\cores\92035f899edcd7e18417f2b8519b0a0f\core.a(Print.cpp.o)
                0x08000a06                Print::print(char const*)
 .text.__cxa_pure_virtual
                0x08000a10        0x2 C:\Users\MSI\AppData\Local\arduino\cores\92035f899edcd7e18417f2b8519b0a0f\core.a(cxxabi-compat.cpp.o)
                0x08000a10                __cxa_pure_virtual
 .text.adc_init
                0x08000a12       0x14 C:\Users\MSI\AppData\Local\arduino\cores\92035f899edcd7e18417f2b8519b0a0f\core.a(adc.c.o)
                0x08000a12                adc_init
 .text.adc_set_extsel
                0x08000a26       0x12 C:\Users\MSI\AppData\Local\arduino\cores\92035f899edcd7e18417f2b8519b0a0f\core.a(adc.c.o)
                0x08000a26                adc_set_extsel
 .text.adc_set_sample_rate
                0x08000a38       0x30 C:\Users\MSI\AppData\Local\arduino\cores\92035f899edcd7e18417f2b8519b0a0f\core.a(adc.c.o)
                0x08000a38                adc_set_sample_rate
 .text.adc_read
                0x08000a68       0x20 C:\Users\MSI\AppData\Local\arduino\cores\92035f899edcd7e18417f2b8519b0a0f\core.a(adc.c.o)
                0x08000a68                adc_read
 .text.__irq_adc
                0x08000a88       0x50 C:\Users\MSI\AppData\Local\arduino\cores\92035f899edcd7e18417f2b8519b0a0f\core.a(adc_f1.c.o)
                0x08000a88                __irq_adc
 .text.adc_calibrate
                0x08000ad8       0x24 C:\Users\MSI\AppData\Local\arduino\cores\92035f899edcd7e18417f2b8519b0a0f\core.a(adc_f1.c.o)
                0x08000ad8                adc_calibrate
 .text.adc_set_prescaler
                0x08000afc        0x8 C:\Users\MSI\AppData\Local\arduino\cores\92035f899edcd7e18417f2b8519b0a0f\core.a(adc_f1.c.o)
                0x08000afc                adc_set_prescaler
 .text.adc_foreach
                0x08000b04       0x1c C:\Users\MSI\AppData\Local\arduino\cores\92035f899edcd7e18417f2b8519b0a0f\core.a(adc_f1.c.o)
                0x08000b04                adc_foreach
 .text.adc_enable_single_swstart
                0x08000b20       0x36 C:\Users\MSI\AppData\Local\arduino\cores\92035f899edcd7e18417f2b8519b0a0f\core.a(adc_f1.c.o)
                0x08000b20                adc_enable_single_swstart
 .text.dma_irq_handler
                0x08000b56       0x1c C:\Users\MSI\AppData\Local\arduino\cores\92035f899edcd7e18417f2b8519b0a0f\core.a(dma_f1.c.o)
 *fill*         0x08000b72        0x2 
 .text.__irq_dma1_channel1
                0x08000b74       0x10 C:\Users\MSI\AppData\Local\arduino\cores\92035f899edcd7e18417f2b8519b0a0f\core.a(dma_f1.c.o)
                0x08000b74                __irq_dma1_channel1
 .text.__irq_dma1_channel2
                0x08000b84       0x10 C:\Users\MSI\AppData\Local\arduino\cores\92035f899edcd7e18417f2b8519b0a0f\core.a(dma_f1.c.o)
                0x08000b84                __irq_dma1_channel2
 .text.__irq_dma1_channel3
                0x08000b94       0x10 C:\Users\MSI\AppData\Local\arduino\cores\92035f899edcd7e18417f2b8519b0a0f\core.a(dma_f1.c.o)
                0x08000b94                __irq_dma1_channel3
 .text.__irq_dma1_channel4
                0x08000ba4       0x10 C:\Users\MSI\AppData\Local\arduino\cores\92035f899edcd7e18417f2b8519b0a0f\core.a(dma_f1.c.o)
                0x08000ba4                __irq_dma1_channel4
 .text.__irq_dma1_channel5
                0x08000bb4       0x10 C:\Users\MSI\AppData\Local\arduino\cores\92035f899edcd7e18417f2b8519b0a0f\core.a(dma_f1.c.o)
                0x08000bb4                __irq_dma1_channel5
 .text.__irq_dma1_channel6
                0x08000bc4       0x10 C:\Users\MSI\AppData\Local\arduino\cores\92035f899edcd7e18417f2b8519b0a0f\core.a(dma_f1.c.o)
                0x08000bc4                __irq_dma1_channel6
 .text.__irq_dma1_channel7
                0x08000bd4       0x10 C:\Users\MSI\AppData\Local\arduino\cores\92035f899edcd7e18417f2b8519b0a0f\core.a(dma_f1.c.o)
                0x08000bd4                __irq_dma1_channel7
 *fill*         0x08000be4        0xc 
 .text          0x08000bf0       0x60 C:\Users\MSI\AppData\Local\arduino\cores\92035f899edcd7e18417f2b8519b0a0f\core.a(exc.S.o)
                0x08000bf0                __exc_nmi
                0x08000bf4                __exc_hardfault
                0x08000bf8                __exc_memmanage
                0x08000bfc                __exc_busfault
                0x08000c00                __exc_usagefault
 .text.dispatch_single_exti
                0x08000c50       0x2c C:\Users\MSI\AppData\Local\arduino\cores\92035f899edcd7e18417f2b8519b0a0f\core.a(exti.c.o)
                0x08000c50                dispatch_single_exti
 .text.dispatch_extis
                0x08000c7c       0x4c C:\Users\MSI\AppData\Local\arduino\cores\92035f899edcd7e18417f2b8519b0a0f\core.a(exti.c.o)
                0x08000c7c                dispatch_extis
 .text.__irq_exti0
                0x08000cc8        0x6 C:\Users\MSI\AppData\Local\arduino\cores\92035f899edcd7e18417f2b8519b0a0f\core.a(exti.c.o)
                0x08000cc8                __irq_exti0
 .text.__irq_exti1
                0x08000cce        0x6 C:\Users\MSI\AppData\Local\arduino\cores\92035f899edcd7e18417f2b8519b0a0f\core.a(exti.c.o)
                0x08000cce                __irq_exti1
 .text.__irq_exti2
                0x08000cd4        0x6 C:\Users\MSI\AppData\Local\arduino\cores\92035f899edcd7e18417f2b8519b0a0f\core.a(exti.c.o)
                0x08000cd4                __irq_exti2
 .text.__irq_exti3
                0x08000cda        0x6 C:\Users\MSI\AppData\Local\arduino\cores\92035f899edcd7e18417f2b8519b0a0f\core.a(exti.c.o)
                0x08000cda                __irq_exti3
 .text.__irq_exti4
                0x08000ce0        0x6 C:\Users\MSI\AppData\Local\arduino\cores\92035f899edcd7e18417f2b8519b0a0f\core.a(exti.c.o)
                0x08000ce0                __irq_exti4
 .text.__irq_exti9_5
                0x08000ce6        0x8 C:\Users\MSI\AppData\Local\arduino\cores\92035f899edcd7e18417f2b8519b0a0f\core.a(exti.c.o)
                0x08000ce6                __irq_exti9_5
 .text.__irq_exti15_10
                0x08000cee        0x8 C:\Users\MSI\AppData\Local\arduino\cores\92035f899edcd7e18417f2b8519b0a0f\core.a(exti.c.o)
                0x08000cee                __irq_exti15_10
 *fill*         0x08000cf6        0x2 
 .text.flash_set_latency
                0x08000cf8       0x14 C:\Users\MSI\AppData\Local\arduino\cores\92035f899edcd7e18417f2b8519b0a0f\core.a(flash.c.o)
                0x08000cf8                flash_set_latency
 .text.gpio_init_all
                0x08000d0c       0x30 C:\Users\MSI\AppData\Local\arduino\cores\92035f899edcd7e18417f2b8519b0a0f\core.a(gpio_f1.c.o)
                0x08000d0c                gpio_init_all
 .text.gpio_set_mode
                0x08000d3c       0x50 C:\Users\MSI\AppData\Local\arduino\cores\92035f899edcd7e18417f2b8519b0a0f\core.a(gpio_f1.c.o)
                0x08000d3c                gpio_set_mode
 .text.afio_init
                0x08000d8c       0x12 C:\Users\MSI\AppData\Local\arduino\cores\92035f899edcd7e18417f2b8519b0a0f\core.a(gpio_f1.c.o)
                0x08000d8c                afio_init
 *fill*         0x08000d9e        0x2 
 .text.afio_remap
                0x08000da0       0x20 C:\Users\MSI\AppData\Local\arduino\cores\92035f899edcd7e18417f2b8519b0a0f\core.a(gpio_f1.c.o)
                0x08000da0                afio_remap
 .text.nvic_irq_enable
                0x08000dc0       0x1c C:\Users\MSI\AppData\Local\arduino\cores\92035f899edcd7e18417f2b8519b0a0f\core.a(i2c.c.o)
 .text.i2c_disable_irq
                0x08000ddc        0xc C:\Users\MSI\AppData\Local\arduino\cores\92035f899edcd7e18417f2b8519b0a0f\core.a(i2c.c.o)
 .text.delay_us.part.0.constprop.6
                0x08000de8        0xa C:\Users\MSI\AppData\Local\arduino\cores\92035f899edcd7e18417f2b8519b0a0f\core.a(i2c.c.o)
 .text.i2c_bus_reset
                0x08000df2       0xc2 C:\Users\MSI\AppData\Local\arduino\cores\92035f899edcd7e18417f2b8519b0a0f\core.a(i2c.c.o)
                0x08000df2                i2c_bus_reset
 .text.i2c_init
                0x08000eb4       0x1e C:\Users\MSI\AppData\Local\arduino\cores\92035f899edcd7e18417f2b8519b0a0f\core.a(i2c.c.o)
                0x08000eb4                i2c_init
 *fill*         0x08000ed2        0x2 
 .text.wait_for_state_change
                0x08000ed4       0x98 C:\Users\MSI\AppData\Local\arduino\cores\92035f899edcd7e18417f2b8519b0a0f\core.a(i2c.c.o)
                0x08000ed4                wait_for_state_change
 .text.i2c_master_xfer
                0x08000f6c       0xcc C:\Users\MSI\AppData\Local\arduino\cores\92035f899edcd7e18417f2b8519b0a0f\core.a(i2c.c.o)
                0x08000f6c                i2c_master_xfer
 .text._i2c_irq_handler
                0x08001038      0x3d8 C:\Users\MSI\AppData\Local\arduino\cores\92035f899edcd7e18417f2b8519b0a0f\core.a(i2c.c.o)
                0x08001038                _i2c_irq_handler
 .text._i2c_irq_error_handler
                0x08001410       0x74 C:\Users\MSI\AppData\Local\arduino\cores\92035f899edcd7e18417f2b8519b0a0f\core.a(i2c.c.o)
                0x08001410                _i2c_irq_error_handler
 .text.i2c_set_ccr_trise
                0x08001484       0x54 C:\Users\MSI\AppData\Local\arduino\cores\92035f899edcd7e18417f2b8519b0a0f\core.a(i2c.c.o)
                0x08001484                i2c_set_ccr_trise
 .text.i2c_master_enable
                0x080014d8      0x1b4 C:\Users\MSI\AppData\Local\arduino\cores\92035f899edcd7e18417f2b8519b0a0f\core.a(i2c.c.o)
                0x080014d8                i2c_master_enable
 .text.i2c_config_gpios
                0x0800168c       0x58 C:\Users\MSI\AppData\Local\arduino\cores\92035f899edcd7e18417f2b8519b0a0f\core.a(i2c_f1.c.o)
                0x0800168c                i2c_config_gpios
 .text.i2c_master_release_bus
                0x080016e4       0x4c C:\Users\MSI\AppData\Local\arduino\cores\92035f899edcd7e18417f2b8519b0a0f\core.a(i2c_f1.c.o)
                0x080016e4                i2c_master_release_bus
 .text.__irq_i2c1_ev
                0x08001730        0xc C:\Users\MSI\AppData\Local\arduino\cores\92035f899edcd7e18417f2b8519b0a0f\core.a(i2c_f1.c.o)
                0x08001730                __irq_i2c1_ev
 .text.__irq_i2c2_ev
                0x0800173c        0xc C:\Users\MSI\AppData\Local\arduino\cores\92035f899edcd7e18417f2b8519b0a0f\core.a(i2c_f1.c.o)
                0x0800173c                __irq_i2c2_ev
 .text.__irq_i2c1_er
                0x08001748        0xc C:\Users\MSI\AppData\Local\arduino\cores\92035f899edcd7e18417f2b8519b0a0f\core.a(i2c_f1.c.o)
                0x08001748                __irq_i2c1_er
 .text.__irq_i2c2_er
                0x08001754        0xc C:\Users\MSI\AppData\Local\arduino\cores\92035f899edcd7e18417f2b8519b0a0f\core.a(i2c_f1.c.o)
                0x08001754                __irq_i2c2_er
 .text._i2c_irq_priority_fixup
                0x08001760        0xa C:\Users\MSI\AppData\Local\arduino\cores\92035f899edcd7e18417f2b8519b0a0f\core.a(i2c_f1.c.o)
                0x08001760                _i2c_irq_priority_fixup
 *fill*         0x0800176a        0x2 
 .text.nvic_irq_set_priority
                0x0800176c       0x28 C:\Users\MSI\AppData\Local\arduino\cores\92035f899edcd7e18417f2b8519b0a0f\core.a(nvic.c.o)
                0x0800176c                nvic_irq_set_priority
 .text.nvic_init
                0x08001794       0x30 C:\Users\MSI\AppData\Local\arduino\cores\92035f899edcd7e18417f2b8519b0a0f\core.a(nvic.c.o)
                0x08001794                nvic_init
 .text.rcc_dev_clk
                0x080017c4        0xc C:\Users\MSI\AppData\Local\arduino\cores\92035f899edcd7e18417f2b8519b0a0f\core.a(rcc.c.o)
                0x080017c4                rcc_dev_clk
 .text.rcc_switch_sysclk
                0x080017d0       0x20 C:\Users\MSI\AppData\Local\arduino\cores\92035f899edcd7e18417f2b8519b0a0f\core.a(rcc.c.o)
                0x080017d0                rcc_switch_sysclk
 .text.rcc_turn_on_clk
                0x080017f0       0x1a C:\Users\MSI\AppData\Local\arduino\cores\92035f899edcd7e18417f2b8519b0a0f\core.a(rcc.c.o)
                0x080017f0                rcc_turn_on_clk
 .text.rcc_turn_off_clk
                0x0800180a       0x1c C:\Users\MSI\AppData\Local\arduino\cores\92035f899edcd7e18417f2b8519b0a0f\core.a(rcc.c.o)
                0x0800180a                rcc_turn_off_clk
 .text.rcc_is_clk_ready
                0x08001826       0x18 C:\Users\MSI\AppData\Local\arduino\cores\92035f899edcd7e18417f2b8519b0a0f\core.a(rcc.c.o)
                0x08001826                rcc_is_clk_ready
 *fill*         0x0800183e        0x2 
 .text.rcc_configure_pll
                0x08001840       0x18 C:\Users\MSI\AppData\Local\arduino\cores\92035f899edcd7e18417f2b8519b0a0f\core.a(rcc_f1.c.o)
                0x08001840                rcc_configure_pll
 .text.rcc_clk_enable
                0x08001858       0x30 C:\Users\MSI\AppData\Local\arduino\cores\92035f899edcd7e18417f2b8519b0a0f\core.a(rcc_f1.c.o)
                0x08001858                rcc_clk_enable
 .text.rcc_reset_dev
                0x08001888       0x34 C:\Users\MSI\AppData\Local\arduino\cores\92035f899edcd7e18417f2b8519b0a0f\core.a(rcc_f1.c.o)
                0x08001888                rcc_reset_dev
 .text.rcc_set_prescaler
                0x080018bc       0x20 C:\Users\MSI\AppData\Local\arduino\cores\92035f899edcd7e18417f2b8519b0a0f\core.a(rcc_f1.c.o)
                0x080018bc                rcc_set_prescaler
 .text.rcc_clk_disable
                0x080018dc       0x30 C:\Users\MSI\AppData\Local\arduino\cores\92035f899edcd7e18417f2b8519b0a0f\core.a(rcc_f1.c.o)
                0x080018dc                rcc_clk_disable
 .text          0x0800190c        0x2 C:\Users\MSI\AppData\Local\arduino\cores\92035f899edcd7e18417f2b8519b0a0f\core.a(isrs.S.o)
                0x0800190c                __stm32reservedexception9
                0x0800190c                __exc_debug_monitor
                0x0800190c                __exc_svc
                0x0800190c                __irq_can_rx1
                0x0800190c                __irq_spi2
                0x0800190c                __irq_can_sce
                0x0800190c                __irq_pvd
                0x0800190c                __irq_tamper
                0x0800190c                __default_handler
                0x0800190c                __irq_wwdg
                0x0800190c                __stm32reservedexception10
                0x0800190c                __irq_flash
                0x0800190c                __stm32reservedexception13
                0x0800190c                __irq_rtc
                0x0800190c                __irq_spi1
                0x0800190c                __stm32reservedexception7
                0x0800190c                __irq_usb_hp_can_tx
                0x0800190c                __irq_rtcalarm
                0x0800190c                __stm32reservedexception8
                0x0800190c                __exc_pendsv
                0x0800190c                __irq_usbwakeup
                0x0800190c                __irq_rcc
 *fill*         0x0800190e        0x2 
 .text.systick_init
                0x08001910       0x10 C:\Users\MSI\AppData\Local\arduino\cores\92035f899edcd7e18417f2b8519b0a0f\core.a(systick.c.o)
                0x08001910                systick_init
 .text.__exc_systick
                0x08001920       0x1c C:\Users\MSI\AppData\Local\arduino\cores\92035f899edcd7e18417f2b8519b0a0f\core.a(systick.c.o)
                0x08001920                __exc_systick
 .text.timer_oc_set_mode
                0x0800193c       0x3a C:\Users\MSI\AppData\Local\arduino\cores\92035f899edcd7e18417f2b8519b0a0f\core.a(timer.c.o)
 .text.dispatch_general
                0x08001976       0x66 C:\Users\MSI\AppData\Local\arduino\cores\92035f899edcd7e18417f2b8519b0a0f\core.a(timer.c.o)
 .text.timer_cc_enable
                0x080019dc       0x1c C:\Users\MSI\AppData\Local\arduino\cores\92035f899edcd7e18417f2b8519b0a0f\core.a(timer.c.o)
 .text.timer_foreach
                0x080019f8       0x28 C:\Users\MSI\AppData\Local\arduino\cores\92035f899edcd7e18417f2b8519b0a0f\core.a(timer.c.o)
                0x080019f8                timer_foreach
 .text.timer_init
                0x08001a20       0x14 C:\Users\MSI\AppData\Local\arduino\cores\92035f899edcd7e18417f2b8519b0a0f\core.a(timer.c.o)
                0x08001a20                timer_init
 .text.timer_has_cc_channel
                0x08001a34       0x30 C:\Users\MSI\AppData\Local\arduino\cores\92035f899edcd7e18417f2b8519b0a0f\core.a(timer.c.o)
                0x08001a34                timer_has_cc_channel
 .text.timer_detach_interrupt
                0x08001a64       0x1e C:\Users\MSI\AppData\Local\arduino\cores\92035f899edcd7e18417f2b8519b0a0f\core.a(timer.c.o)
                0x08001a64                timer_detach_interrupt
 .text.input_capture_mode
                0x08001a82       0x1a C:\Users\MSI\AppData\Local\arduino\cores\92035f899edcd7e18417f2b8519b0a0f\core.a(timer.c.o)
                0x08001a82                input_capture_mode
 .text.timer_set_mode
                0x08001a9c       0x8c C:\Users\MSI\AppData\Local\arduino\cores\92035f899edcd7e18417f2b8519b0a0f\core.a(timer.c.o)
                0x08001a9c                timer_set_mode
 .text.__irq_tim1_brk
                0x08001b28       0x24 C:\Users\MSI\AppData\Local\arduino\cores\92035f899edcd7e18417f2b8519b0a0f\core.a(timer.c.o)
                0x08001b28                __irq_tim1_brk
 .text.__irq_tim1_up
                0x08001b4c       0x24 C:\Users\MSI\AppData\Local\arduino\cores\92035f899edcd7e18417f2b8519b0a0f\core.a(timer.c.o)
                0x08001b4c                __irq_tim1_up
 .text.__irq_tim1_trg_com
                0x08001b70       0x34 C:\Users\MSI\AppData\Local\arduino\cores\92035f899edcd7e18417f2b8519b0a0f\core.a(timer.c.o)
                0x08001b70                __irq_tim1_trg_com
 .text.__irq_tim1_cc
                0x08001ba4       0x50 C:\Users\MSI\AppData\Local\arduino\cores\92035f899edcd7e18417f2b8519b0a0f\core.a(timer.c.o)
                0x08001ba4                __irq_tim1_cc
 .text.__irq_tim2
                0x08001bf4        0xc C:\Users\MSI\AppData\Local\arduino\cores\92035f899edcd7e18417f2b8519b0a0f\core.a(timer.c.o)
                0x08001bf4                __irq_tim2
 .text.__irq_tim3
                0x08001c00        0xc C:\Users\MSI\AppData\Local\arduino\cores\92035f899edcd7e18417f2b8519b0a0f\core.a(timer.c.o)
                0x08001c00                __irq_tim3
 .text.__irq_tim4
                0x08001c0c        0xc C:\Users\MSI\AppData\Local\arduino\cores\92035f899edcd7e18417f2b8519b0a0f\core.a(timer.c.o)
                0x08001c0c                __irq_tim4
 .text.usart_tx
                0x08001c18       0x9c C:\Users\MSI\AppData\Local\arduino\cores\92035f899edcd7e18417f2b8519b0a0f\core.a(usart.c.o)
                0x08001c18                usart_tx
 .text.usart_irq
                0x08001cb4       0xc8 C:\Users\MSI\AppData\Local\arduino\cores\92035f899edcd7e18417f2b8519b0a0f\core.a(usart_f1.c.o)
 .text.__irq_usart1
                0x08001d7c       0x18 C:\Users\MSI\AppData\Local\arduino\cores\92035f899edcd7e18417f2b8519b0a0f\core.a(usart_f1.c.o)
                0x08001d7c                __irq_usart1
 .text.__irq_usart2
                0x08001d94       0x18 C:\Users\MSI\AppData\Local\arduino\cores\92035f899edcd7e18417f2b8519b0a0f\core.a(usart_f1.c.o)
                0x08001d94                __irq_usart2
 .text.__irq_usart3
                0x08001dac       0x18 C:\Users\MSI\AppData\Local\arduino\cores\92035f899edcd7e18417f2b8519b0a0f\core.a(usart_f1.c.o)
                0x08001dac                __irq_usart3
 .text.usb_resume
                0x08001dc4       0xb4 C:\Users\MSI\AppData\Local\arduino\cores\92035f899edcd7e18417f2b8519b0a0f\core.a(usb.c.o)
 .text.__irq_usb_lp_can_rx0
                0x08001e78      0x1c8 C:\Users\MSI\AppData\Local\arduino\cores\92035f899edcd7e18417f2b8519b0a0f\core.a(usb.c.o)
                0x08001e78                __irq_usb_lp_can_rx0
 .text.usb_set_ep_rx_stat
                0x08002040       0x22 C:\Users\MSI\AppData\Local\arduino\cores\92035f899edcd7e18417f2b8519b0a0f\core.a(usb_cdcacm.c.o)
 *fill*         0x08002062        0x2 
 .text.vcomGetSetLineCoding
                0x08002064       0x18 C:\Users\MSI\AppData\Local\arduino\cores\92035f899edcd7e18417f2b8519b0a0f\core.a(usb_cdcacm.c.o)
 .text.usbDataSetup
                0x0800207c       0x54 C:\Users\MSI\AppData\Local\arduino\cores\92035f899edcd7e18417f2b8519b0a0f\core.a(usb_cdcacm.c.o)
 .text.usbNoDataSetup
                0x080020d0       0x50 C:\Users\MSI\AppData\Local\arduino\cores\92035f899edcd7e18417f2b8519b0a0f\core.a(usb_cdcacm.c.o)
 .text.usbGetInterfaceSetting
                0x08002120       0x10 C:\Users\MSI\AppData\Local\arduino\cores\92035f899edcd7e18417f2b8519b0a0f\core.a(usb_cdcacm.c.o)
 .text.usbGetStringDescriptor
                0x08002130       0x20 C:\Users\MSI\AppData\Local\arduino\cores\92035f899edcd7e18417f2b8519b0a0f\core.a(usb_cdcacm.c.o)
 .text.usbGetConfigDescriptor
                0x08002150        0xc C:\Users\MSI\AppData\Local\arduino\cores\92035f899edcd7e18417f2b8519b0a0f\core.a(usb_cdcacm.c.o)
 .text.usbGetDeviceDescriptor
                0x0800215c        0xc C:\Users\MSI\AppData\Local\arduino\cores\92035f899edcd7e18417f2b8519b0a0f\core.a(usb_cdcacm.c.o)
 .text.usbInit  0x08002168       0x44 C:\Users\MSI\AppData\Local\arduino\cores\92035f899edcd7e18417f2b8519b0a0f\core.a(usb_cdcacm.c.o)
 .text.usbReset
                0x080021ac      0x160 C:\Users\MSI\AppData\Local\arduino\cores\92035f899edcd7e18417f2b8519b0a0f\core.a(usb_cdcacm.c.o)
 .text.usb_set_ep_rx_count
                0x0800230c       0x4c C:\Users\MSI\AppData\Local\arduino\cores\92035f899edcd7e18417f2b8519b0a0f\core.a(usb_reg_map.c.o)
                0x0800230c                usb_set_ep_rx_count
 .text.Standard_GetConfiguration
                0x08002358       0x24 C:\Users\MSI\AppData\Local\arduino\cores\92035f899edcd7e18417f2b8519b0a0f\core.a(usb_core.c.o)
                0x08002358                Standard_GetConfiguration
 .text.Standard_GetInterface
                0x0800237c       0x24 C:\Users\MSI\AppData\Local\arduino\cores\92035f899edcd7e18417f2b8519b0a0f\core.a(usb_core.c.o)
                0x0800237c                Standard_GetInterface
 .text.Standard_GetStatus
                0x080023a0       0x90 C:\Users\MSI\AppData\Local\arduino\cores\92035f899edcd7e18417f2b8519b0a0f\core.a(usb_core.c.o)
                0x080023a0                Standard_GetStatus
 .text.DataStageIn
                0x08002430       0xa8 C:\Users\MSI\AppData\Local\arduino\cores\92035f899edcd7e18417f2b8519b0a0f\core.a(usb_core.c.o)
 .text.Standard_SetConfiguration
                0x080024d8       0x38 C:\Users\MSI\AppData\Local\arduino\cores\92035f899edcd7e18417f2b8519b0a0f\core.a(usb_core.c.o)
                0x080024d8                Standard_SetConfiguration
 .text.Standard_SetInterface
                0x08002510       0x48 C:\Users\MSI\AppData\Local\arduino\cores\92035f899edcd7e18417f2b8519b0a0f\core.a(usb_core.c.o)
                0x08002510                Standard_SetInterface
 .text.Standard_ClearFeature
                0x08002558       0xd0 C:\Users\MSI\AppData\Local\arduino\cores\92035f899edcd7e18417f2b8519b0a0f\core.a(usb_core.c.o)
                0x08002558                Standard_ClearFeature
 .text.Standard_SetEndPointFeature
                0x08002628       0x84 C:\Users\MSI\AppData\Local\arduino\cores\92035f899edcd7e18417f2b8519b0a0f\core.a(usb_core.c.o)
                0x08002628                Standard_SetEndPointFeature
 .text.Standard_SetDeviceFeature
                0x080026ac       0x24 C:\Users\MSI\AppData\Local\arduino\cores\92035f899edcd7e18417f2b8519b0a0f\core.a(usb_core.c.o)
                0x080026ac                Standard_SetDeviceFeature
 .text.Standard_GetDescriptorData
                0x080026d0       0x1c C:\Users\MSI\AppData\Local\arduino\cores\92035f899edcd7e18417f2b8519b0a0f\core.a(usb_core.c.o)
                0x080026d0                Standard_GetDescriptorData
 .text.Post0_Process
                0x080026ec       0x40 C:\Users\MSI\AppData\Local\arduino\cores\92035f899edcd7e18417f2b8519b0a0f\core.a(usb_core.c.o)
                0x080026ec                Post0_Process
 .text.Setup0_Process
                0x0800272c      0x2d0 C:\Users\MSI\AppData\Local\arduino\cores\92035f899edcd7e18417f2b8519b0a0f\core.a(usb_core.c.o)
                0x0800272c                Setup0_Process
 .text.Out0_Process
                0x080029fc       0xc8 C:\Users\MSI\AppData\Local\arduino\cores\92035f899edcd7e18417f2b8519b0a0f\core.a(usb_core.c.o)
                0x080029fc                Out0_Process
 .text.SetDeviceAddress
                0x08002ac4       0x38 C:\Users\MSI\AppData\Local\arduino\cores\92035f899edcd7e18417f2b8519b0a0f\core.a(usb_core.c.o)
                0x08002ac4                SetDeviceAddress
 .text.In0_Process
                0x08002afc       0x5c C:\Users\MSI\AppData\Local\arduino\cores\92035f899edcd7e18417f2b8519b0a0f\core.a(usb_core.c.o)
                0x08002afc                In0_Process
 .text.NOP_Process
                0x08002b58        0x2 C:\Users\MSI\AppData\Local\arduino\cores\92035f899edcd7e18417f2b8519b0a0f\core.a(usb_core.c.o)
                0x08002b58                NOP_Process
 .text.UserToPMABufferCopy
                0x08002b5a       0x30 C:\Users\MSI\AppData\Local\arduino\cores\92035f899edcd7e18417f2b8519b0a0f\core.a(usb_mem.c.o)
                0x08002b5a                UserToPMABufferCopy
 .text.PMAToUserBufferCopy
                0x08002b8a       0x32 C:\Users\MSI\AppData\Local\arduino\cores\92035f899edcd7e18417f2b8519b0a0f\core.a(usb_mem.c.o)
                0x08002b8a                PMAToUserBufferCopy
 .text.SetEPTxStatus
                0x08002bbc       0x2a C:\Users\MSI\AppData\Local\arduino\cores\92035f899edcd7e18417f2b8519b0a0f\core.a(usb_regs.c.o)
                0x08002bbc                SetEPTxStatus
 .text.ClearDTOG_RX
                0x08002be6       0x20 C:\Users\MSI\AppData\Local\arduino\cores\92035f899edcd7e18417f2b8519b0a0f\core.a(usb_regs.c.o)
                0x08002be6                ClearDTOG_RX
 .text.ClearDTOG_TX
                0x08002c06       0x20 C:\Users\MSI\AppData\Local\arduino\cores\92035f899edcd7e18417f2b8519b0a0f\core.a(usb_regs.c.o)
                0x08002c06                ClearDTOG_TX
 *fill*         0x08002c26        0x2 
 .text.GetEPTxAddr
                0x08002c28       0x1c C:\Users\MSI\AppData\Local\arduino\cores\92035f899edcd7e18417f2b8519b0a0f\core.a(usb_regs.c.o)
                0x08002c28                GetEPTxAddr
 .text.GetEPRxAddr
                0x08002c44       0x1c C:\Users\MSI\AppData\Local\arduino\cores\92035f899edcd7e18417f2b8519b0a0f\core.a(usb_regs.c.o)
                0x08002c44                GetEPRxAddr
 .text.SetEPTxCount
                0x08002c60       0x1c C:\Users\MSI\AppData\Local\arduino\cores\92035f899edcd7e18417f2b8519b0a0f\core.a(usb_regs.c.o)
                0x08002c60                SetEPTxCount
 .text.SetEPRxCount
                0x08002c7c       0x40 C:\Users\MSI\AppData\Local\arduino\cores\92035f899edcd7e18417f2b8519b0a0f\core.a(usb_regs.c.o)
                0x08002c7c                SetEPRxCount
 .text.throb    0x08002cbc       0x4c C:\Users\MSI\AppData\Local\arduino\cores\92035f899edcd7e18417f2b8519b0a0f\core.a(util.c.o)
                0x08002cbc                throb
 .text.__error  0x08002d08       0x14 C:\Users\MSI\AppData\Local\arduino\cores\92035f899edcd7e18417f2b8519b0a0f\core.a(util.c.o)
                0x08002d08                __error
 .text.startup._Z7premainv
                0x08002d1c        0x4 C:\Users\MSI\AppData\Local\arduino\cores\92035f899edcd7e18417f2b8519b0a0f\core.a(main.cpp.o)
                0x08002d1c                premain()
 .text.startup.main
                0x08002d20        0xc C:\Users\MSI\AppData\Local\arduino\cores\92035f899edcd7e18417f2b8519b0a0f\core.a(main.cpp.o)
                0x08002d20                main
 .text._Z7pinModeh13WiringPinMode
                0x08002d2c       0x84 C:\Users\MSI\AppData\Local\arduino\cores\92035f899edcd7e18417f2b8519b0a0f\core.a(wirish_digital_f1.cpp.o)
                0x08002d2c                pinMode(unsigned char, WiringPinMode)
 .text._Z10analogReadh
                0x08002db0       0x1c C:\Users\MSI\AppData\Local\arduino\cores\92035f899edcd7e18417f2b8519b0a0f\core.a(wirish_analog.cpp.o)
                0x08002db0                analogRead(unsigned char)
 .text._Z11digitalReadh
                0x08002dcc       0x2c C:\Users\MSI\AppData\Local\arduino\cores\92035f899edcd7e18417f2b8519b0a0f\core.a(wirish_digital.cpp.o)
                0x08002dcc                digitalRead(unsigned char)
 .text._Z12digitalWritehh
                0x08002df8       0x2c C:\Users\MSI\AppData\Local\arduino\cores\92035f899edcd7e18417f2b8519b0a0f\core.a(wirish_digital.cpp.o)
                0x08002df8                digitalWrite(unsigned char, unsigned char)
 .text.micros   0x08002e24       0x2c C:\Users\MSI\AppData\Local\arduino\cores\92035f899edcd7e18417f2b8519b0a0f\core.a(wirish_time.cpp.o)
 .text.delay    0x08002e50       0x2a C:\Users\MSI\AppData\Local\arduino\cores\92035f899edcd7e18417f2b8519b0a0f\core.a(wirish_time.cpp.o)
                0x08002e50                delay
 .text.delayMicroseconds
                0x08002e7a       0x10 C:\Users\MSI\AppData\Local\arduino\cores\92035f899edcd7e18417f2b8519b0a0f\core.a(wirish_time.cpp.o)
                0x08002e7a                delayMicroseconds
 .text.__empty  0x08002e8a        0x2 C:\Users\MSI\AppData\Local\arduino\cores\92035f899edcd7e18417f2b8519b0a0f\core.a(hooks.c.o)
                0x08002e8a                yield
 .text.gpio_init
                0x08002e8c       0x14 C:\Users\MSI\AppData\Local\arduino\cores\92035f899edcd7e18417f2b8519b0a0f\core.a(gpio.c.o)
                0x08002e8c                gpio_init
 .text          0x08002ea0      0x370 c:/users/msi/appdata/local/arduino15/packages/arduino/tools/arm-none-eabi-gcc/4.8.3-2014q1/bin/../lib/gcc/arm-none-eabi/4.8.3/armv7-m\libgcc.a(_arm_addsubdf3.o)
                0x08002ea0                __aeabi_drsub
                0x08002ea8                __aeabi_dsub
                0x08002ea8                __subdf3
                0x08002eac                __aeabi_dadd
                0x08002eac                __adddf3
                0x08003124                __floatunsidf
                0x08003124                __aeabi_ui2d
                0x08003144                __floatsidf
                0x08003144                __aeabi_i2d
                0x08003168                __aeabi_f2d
                0x08003168                __extendsfdf2
                0x080031a4                __floatundidf
                0x080031a4                __aeabi_ul2d
                0x080031b4                __floatdidf
                0x080031b4                __aeabi_l2d
 .text          0x08003210      0x424 c:/users/msi/appdata/local/arduino15/packages/arduino/tools/arm-none-eabi-gcc/4.8.3-2014q1/bin/../lib/gcc/arm-none-eabi/4.8.3/armv7-m\libgcc.a(_arm_muldivdf3.o)
                0x08003210                __aeabi_dmul
                0x08003210                __muldf3
                0x08003464                __divdf3
                0x08003464                __aeabi_ddiv
 .text          0x08003634       0x50 c:/users/msi/appdata/local/arduino15/packages/arduino/tools/arm-none-eabi-gcc/4.8.3-2014q1/bin/../lib/gcc/arm-none-eabi/4.8.3/armv7-m\libgcc.a(_arm_fixdfsi.o)
                0x08003634                __aeabi_d2iz
                0x08003634                __fixdfsi
 .text.exit     0x08003684       0x28 c:/users/msi/appdata/local/arduino15/packages/arduino/tools/arm-none-eabi-gcc/4.8.3-2014q1/bin/../lib/gcc/arm-none-eabi/4.8.3/../../../../arm-none-eabi/lib/armv7-m\libc_s.a(lib_a-exit.o)
                0x08003684                exit
 .text.__libc_init_array
                0x080036ac       0x4c c:/users/msi/appdata/local/arduino15/packages/arduino/tools/arm-none-eabi-gcc/4.8.3-2014q1/bin/../lib/gcc/arm-none-eabi/4.8.3/../../../../arm-none-eabi/lib/armv7-m\libc_s.a(lib_a-init.o)
                0x080036ac                __libc_init_array
 .text.strlen   0x080036f8       0x10 c:/users/msi/appdata/local/arduino15/packages/arduino/tools/arm-none-eabi-gcc/4.8.3-2014q1/bin/../lib/gcc/arm-none-eabi/4.8.3/../../../../arm-none-eabi/lib/armv7-m\libc_s.a(lib_a-strlen.o)
                0x080036f8                strlen
 *(.plt)
 *(.gnu.warning)
 *(.glue_7t)
 .glue_7t       0x00000000        0x0 linker stubs
 *(.glue_7)
 .glue_7        0x00000000        0x0 linker stubs
 *(.vfp11_veneer)
 .vfp11_veneer  0x00000000        0x0 linker stubs
 *(.ARM.extab* .gnu.linkonce.armextab.*)
 *(.gcc_except_table)
 *(.eh_frame_hdr)
 *(.eh_frame)
 .eh_frame      0x08003708        0x0 c:/users/msi/appdata/local/arduino15/packages/arduino/tools/arm-none-eabi-gcc/4.8.3-2014q1/bin/../lib/gcc/arm-none-eabi/4.8.3/armv7-m/crtbegin.o
                0x08003708                . = ALIGN (0x4)
 *(.init)
 .init          0x08003708        0x4 c:/users/msi/appdata/local/arduino15/packages/arduino/tools/arm-none-eabi-gcc/4.8.3-2014q1/bin/../lib/gcc/arm-none-eabi/4.8.3/armv7-m/crti.o
                0x08003708                _init
 .init          0x0800370c        0x8 c:/users/msi/appdata/local/arduino15/packages/arduino/tools/arm-none-eabi-gcc/4.8.3-2014q1/bin/../lib/gcc/arm-none-eabi/4.8.3/armv7-m/crtn.o
                0x08003714                . = ALIGN (0x4)
                0x08003714                __preinit_array_start = .
 *(.preinit_array)
                0x08003714                __preinit_array_end = .
                0x08003714                . = ALIGN (0x4)
                0x08003714                __init_array_start = .
 *(SORT(.init_array.*))
 .init_array.00101
                0x08003714        0x4 C:\Users\MSI\AppData\Local\arduino\cores\92035f899edcd7e18417f2b8519b0a0f\core.a(main.cpp.o)
 *(.init_array)
 .init_array    0x08003718        0x4 c:/users/msi/appdata/local/arduino15/packages/arduino/tools/arm-none-eabi-gcc/4.8.3-2014q1/bin/../lib/gcc/arm-none-eabi/4.8.3/armv7-m/crtbegin.o
 .init_array    0x0800371c        0x4 C:\Users\MSI\AppData\Local\arduino\sketches\2E6A5B292085DACE603A37E83A4976CA\sketch\sketch_feb27a.ino.cpp.o
 .init_array    0x08003720        0x4 C:\Users\MSI\AppData\Local\arduino\sketches\2E6A5B292085DACE603A37E83A4976CA\libraries\Wire\Wire.cpp.o
 .init_array    0x08003724        0x4 C:\Users\MSI\AppData\Local\arduino\sketches\2E6A5B292085DACE603A37E83A4976CA\core\board.cpp.o
                0x08003728                __init_array_end = .
                0x08003728                . = ALIGN (0x4)
 *crtbegin.o(.ctors)
 *(EXCLUDE_FILE(*crtend.o) .ctors)
 *(SORT(.ctors.*))
 *crtend.o(.ctors)
                0x08003728                . = ALIGN (0x4)
 *(.fini)
 .fini          0x08003728        0x4 c:/users/msi/appdata/local/arduino15/packages/arduino/tools/arm-none-eabi-gcc/4.8.3-2014q1/bin/../lib/gcc/arm-none-eabi/4.8.3/armv7-m/crti.o
                0x08003728                _fini
 .fini          0x0800372c        0x8 c:/users/msi/appdata/local/arduino15/packages/arduino/tools/arm-none-eabi-gcc/4.8.3-2014q1/bin/../lib/gcc/arm-none-eabi/4.8.3/armv7-m/crtn.o
                0x08003734                . = ALIGN (0x4)
                0x08003734                __fini_array_start = .
 *(.fini_array)
 .fini_array    0x08003734        0x4 c:/users/msi/appdata/local/arduino15/packages/arduino/tools/arm-none-eabi-gcc/4.8.3-2014q1/bin/../lib/gcc/arm-none-eabi/4.8.3/armv7-m/crtbegin.o
 .fini_array    0x08003738        0x4 C:\Users\MSI\AppData\Local\arduino\sketches\2E6A5B292085DACE603A37E83A4976CA\libraries\Wire\Wire.cpp.o
 *(SORT(.fini_array.*))
                0x0800373c                __fini_array_end = .
 *crtbegin.o(.dtors)
 *(EXCLUDE_FILE(*crtend.o) .dtors)
 *(SORT(.dtors.*))
 *crtend.o(.dtors)

.v4_bx          0x0800373c        0x0
 .v4_bx         0x00000000        0x0 linker stubs

.iplt           0x0800373c        0x0
 .iplt          0x00000000        0x0 c:/users/msi/appdata/local/arduino15/packages/arduino/tools/arm-none-eabi-gcc/4.8.3-2014q1/bin/../lib/gcc/arm-none-eabi/4.8.3/armv7-m/crtbegin.o

.text.align     0x0800373c        0x4
                0x08003740                . = ALIGN (0x8)
 *fill*         0x0800373c        0x4 
                0x08003740                __text_end__ = .
                0x08003740                __exidx_start = .

.ARM.exidx      0x08003740        0x8
 *(.ARM.exidx* .gnu.linkonce.armexidx.*)
 .ARM.exidx     0x08003740        0x8 C:\Users\MSI\AppData\Local\arduino\sketches\2E6A5B292085DACE603A37E83A4976CA\core\wirish\start.S.o
                0x08003748                __exidx_end = .

.data           0x20000000      0x468 load address 0x08003748
                0x20000000                __data_start__ = .
                0x20000000        0x4 LONG 0x0
                0x20000008                . = ALIGN (0x8)
 *fill*         0x20000004        0x4 
 *(.got.plt)
 *(.got)
 *(.data .data.* .gnu.linkonce.d.*)
 .data._ZN6wirish4privL8pll_dataE
                0x20000008        0x4 C:\Users\MSI\AppData\Local\arduino\sketches\2E6A5B292085DACE603A37E83A4976CA\core\wirish\boards_setup.cpp.o
 .data._ZN6wirish4priv9w_adc_smpE
                0x2000000c        0x1 C:\Users\MSI\AppData\Local\arduino\sketches\2E6A5B292085DACE603A37E83A4976CA\core\wirish\boards_setup.cpp.o
                0x2000000c                wirish::priv::w_adc_smp
 *fill*         0x2000000d        0x1 
 .data._ZN6wirish4priv9w_adc_preE
                0x2000000e        0x2 C:\Users\MSI\AppData\Local\arduino\sketches\2E6A5B292085DACE603A37E83A4976CA\core\wirish\boards_setup.cpp.o
                0x2000000e                wirish::priv::w_adc_pre
 .data._ZN6wirish4priv15w_board_pll_cfgE
                0x20000010        0x8 C:\Users\MSI\AppData\Local\arduino\sketches\2E6A5B292085DACE603A37E83A4976CA\core\wirish\boards_setup.cpp.o
                0x20000010                wirish::priv::w_board_pll_cfg
 .data.adc2     0x20000018        0x8 C:\Users\MSI\AppData\Local\arduino\cores\92035f899edcd7e18417f2b8519b0a0f\core.a(adc_f1.c.o)
                0x20000018                adc2
 .data.adc1     0x20000020       0x18 C:\Users\MSI\AppData\Local\arduino\cores\92035f899edcd7e18417f2b8519b0a0f\core.a(adc_f1.c.o)
                0x20000020                adc1
 .data.ADC2     0x20000038        0x4 C:\Users\MSI\AppData\Local\arduino\cores\92035f899edcd7e18417f2b8519b0a0f\core.a(adc_f1.c.o)
                0x20000038                ADC2
 .data.ADC1     0x2000003c        0x4 C:\Users\MSI\AppData\Local\arduino\cores\92035f899edcd7e18417f2b8519b0a0f\core.a(adc_f1.c.o)
                0x2000003c                ADC1
 .data.dma1     0x20000040       0x40 C:\Users\MSI\AppData\Local\arduino\cores\92035f899edcd7e18417f2b8519b0a0f\core.a(dma_f1.c.o)
 .data.DMA1     0x20000080        0x4 C:\Users\MSI\AppData\Local\arduino\cores\92035f899edcd7e18417f2b8519b0a0f\core.a(dma_f1.c.o)
                0x20000080                DMA1
 .data.gpioa    0x20000084        0x8 C:\Users\MSI\AppData\Local\arduino\cores\92035f899edcd7e18417f2b8519b0a0f\core.a(gpio_f1.c.o)
                0x20000084                gpioa
 .data.gpiob    0x2000008c        0x8 C:\Users\MSI\AppData\Local\arduino\cores\92035f899edcd7e18417f2b8519b0a0f\core.a(gpio_f1.c.o)
                0x2000008c                gpiob
 .data.gpioc    0x20000094        0x8 C:\Users\MSI\AppData\Local\arduino\cores\92035f899edcd7e18417f2b8519b0a0f\core.a(gpio_f1.c.o)
                0x20000094                gpioc
 .data.gpiod    0x2000009c        0x8 C:\Users\MSI\AppData\Local\arduino\cores\92035f899edcd7e18417f2b8519b0a0f\core.a(gpio_f1.c.o)
                0x2000009c                gpiod
 .data.i2c1     0x200000a4       0x38 C:\Users\MSI\AppData\Local\arduino\cores\92035f899edcd7e18417f2b8519b0a0f\core.a(i2c_f1.c.o)
 .data.i2c2     0x200000dc       0x38 C:\Users\MSI\AppData\Local\arduino\cores\92035f899edcd7e18417f2b8519b0a0f\core.a(i2c_f1.c.o)
 .data.enable_regs.4411
                0x20000114        0xc C:\Users\MSI\AppData\Local\arduino\cores\92035f899edcd7e18417f2b8519b0a0f\core.a(rcc_f1.c.o)
 .data.reset_regs.4415
                0x20000120        0x8 C:\Users\MSI\AppData\Local\arduino\cores\92035f899edcd7e18417f2b8519b0a0f\core.a(rcc_f1.c.o)
 .data.enable_regs.4424
                0x20000128        0xc C:\Users\MSI\AppData\Local\arduino\cores\92035f899edcd7e18417f2b8519b0a0f\core.a(rcc_f1.c.o)
 .data.timer3   0x20000134       0x24 C:\Users\MSI\AppData\Local\arduino\cores\92035f899edcd7e18417f2b8519b0a0f\core.a(timer.c.o)
                0x20000134                timer3
 .data.timer4   0x20000158       0x24 C:\Users\MSI\AppData\Local\arduino\cores\92035f899edcd7e18417f2b8519b0a0f\core.a(timer.c.o)
                0x20000158                timer4
 .data.timer1   0x2000017c       0x28 C:\Users\MSI\AppData\Local\arduino\cores\92035f899edcd7e18417f2b8519b0a0f\core.a(timer.c.o)
                0x2000017c                timer1
 .data.timer2   0x200001a4       0x24 C:\Users\MSI\AppData\Local\arduino\cores\92035f899edcd7e18417f2b8519b0a0f\core.a(timer.c.o)
                0x200001a4                timer2
 .data.USART1   0x200001c8        0x4 C:\Users\MSI\AppData\Local\arduino\cores\92035f899edcd7e18417f2b8519b0a0f\core.a(usart_f1.c.o)
                0x200001c8                USART1
 .data.USART2   0x200001cc        0x4 C:\Users\MSI\AppData\Local\arduino\cores\92035f899edcd7e18417f2b8519b0a0f\core.a(usart_f1.c.o)
                0x200001cc                USART2
 .data.USART3   0x200001d0        0x4 C:\Users\MSI\AppData\Local\arduino\cores\92035f899edcd7e18417f2b8519b0a0f\core.a(usart_f1.c.o)
                0x200001d0                USART3
 .data.usart1   0x200001d4       0x94 C:\Users\MSI\AppData\Local\arduino\cores\92035f899edcd7e18417f2b8519b0a0f\core.a(usart_f1.c.o)
 .data.usart2   0x20000268       0x94 C:\Users\MSI\AppData\Local\arduino\cores\92035f899edcd7e18417f2b8519b0a0f\core.a(usart_f1.c.o)
 .data.usart3   0x200002fc       0x94 C:\Users\MSI\AppData\Local\arduino\cores\92035f899edcd7e18417f2b8519b0a0f\core.a(usart_f1.c.o)
 .data.USBLIB   0x20000390        0x4 C:\Users\MSI\AppData\Local\arduino\cores\92035f899edcd7e18417f2b8519b0a0f\core.a(usb.c.o)
                0x20000390                USBLIB
 .data.usblib   0x20000394       0x10 C:\Users\MSI\AppData\Local\arduino\cores\92035f899edcd7e18417f2b8519b0a0f\core.a(usb.c.o)
 .data.Config_Descriptor
                0x200003a4        0x8 C:\Users\MSI\AppData\Local\arduino\cores\92035f899edcd7e18417f2b8519b0a0f\core.a(usb_cdcacm.c.o)
 .data.Device_Property
                0x200003ac       0x30 C:\Users\MSI\AppData\Local\arduino\cores\92035f899edcd7e18417f2b8519b0a0f\core.a(usb_cdcacm.c.o)
                0x200003ac                Device_Property
 .data.String_Descriptor
                0x200003dc       0x18 C:\Users\MSI\AppData\Local\arduino\cores\92035f899edcd7e18417f2b8519b0a0f\core.a(usb_cdcacm.c.o)
 .data.line_coding
                0x200003f4        0x7 C:\Users\MSI\AppData\Local\arduino\cores\92035f899edcd7e18417f2b8519b0a0f\core.a(usb_cdcacm.c.o)
 *fill*         0x200003fb        0x1 
 .data.Device_Descriptor
                0x200003fc        0x8 C:\Users\MSI\AppData\Local\arduino\cores\92035f899edcd7e18417f2b8519b0a0f\core.a(usb_cdcacm.c.o)
 .data.Device_Table
                0x20000404        0x2 C:\Users\MSI\AppData\Local\arduino\cores\92035f899edcd7e18417f2b8519b0a0f\core.a(usb_cdcacm.c.o)
                0x20000404                Device_Table
 *fill*         0x20000406        0x2 
 .data.impure_data
                0x20000408       0x60 c:/users/msi/appdata/local/arduino15/packages/arduino/tools/arm-none-eabi-gcc/4.8.3-2014q1/bin/../lib/gcc/arm-none-eabi/4.8.3/../../../../arm-none-eabi/lib/armv7-m\libc_s.a(lib_a-impure.o)
                0x20000468                . = ALIGN (0x8)
                0x20000468                __data_end__ = .

.jcr            0x20000468        0x0 load address 0x08003bb0
 .jcr           0x20000468        0x0 c:/users/msi/appdata/local/arduino15/packages/arduino/tools/arm-none-eabi-gcc/4.8.3-2014q1/bin/../lib/gcc/arm-none-eabi/4.8.3/armv7-m/crtbegin.o

.igot.plt       0x20000468        0x0 load address 0x08003bb0
 .igot.plt      0x00000000        0x0 c:/users/msi/appdata/local/arduino15/packages/arduino/tools/arm-none-eabi-gcc/4.8.3-2014q1/bin/../lib/gcc/arm-none-eabi/4.8.3/armv7-m/crtbegin.o

.rodata         0x08003bb0      0x4c4
 *(.rodata .rodata.* .gnu.linkonce.r.*)
 .rodata.str1.1
                0x08003bb0       0x61 C:\Users\MSI\AppData\Local\arduino\sketches\2E6A5B292085DACE603A37E83A4976CA\sketch\sketch_feb27a.ino.cpp.o
 *fill*         0x08003c11        0x7 
 .rodata._ZTV7TwoWire
                0x08003c18       0x18 C:\Users\MSI\AppData\Local\arduino\sketches\2E6A5B292085DACE603A37E83A4976CA\libraries\Wire\Wire.cpp.o
                0x08003c18                vtable for TwoWire
 .rodata._ZTV8WireBase
                0x08003c30       0x18 C:\Users\MSI\AppData\Local\arduino\sketches\2E6A5B292085DACE603A37E83A4976CA\libraries\Wire\utility\WireBase.cpp.o
                0x08003c30                vtable for WireBase
 .rodata._ZTV17LiquidCrystal_I2C
                0x08003c48       0x18 C:\Users\MSI\AppData\Local\arduino\sketches\2E6A5B292085DACE603A37E83A4976CA\libraries\LiquidCrystal_I2C\LiquidCrystal_I2C.cpp.o
                0x08003c48                vtable for LiquidCrystal_I2C
 .rodata        0x08003c60       0x10 C:\Users\MSI\AppData\Local\arduino\sketches\2E6A5B292085DACE603A37E83A4976CA\libraries\LiquidCrystal_I2C\LiquidCrystal_I2C.cpp.o
 .rodata.PIN_MAP
                0x08003c70      0x2e0 C:\Users\MSI\AppData\Local\arduino\sketches\2E6A5B292085DACE603A37E83A4976CA\core\board.cpp.o
                0x08003c70                PIN_MAP
 .rodata._ZTV14HardwareSerial
                0x08003f50       0x28 C:\Users\MSI\AppData\Local\arduino\cores\92035f899edcd7e18417f2b8519b0a0f\core.a(HardwareSerial.cpp.o)
                0x08003f50                vtable for HardwareSerial
 .rodata.GPIOB  0x08003f78        0x4 C:\Users\MSI\AppData\Local\arduino\cores\92035f899edcd7e18417f2b8519b0a0f\core.a(gpio_f1.c.o)
                0x08003f78                GPIOB
 .rodata.I2C1   0x08003f7c        0x4 C:\Users\MSI\AppData\Local\arduino\cores\92035f899edcd7e18417f2b8519b0a0f\core.a(i2c_f1.c.o)
                0x08003f7c                I2C1
 .rodata.rcc_dev_table
                0x08003f80       0x5c C:\Users\MSI\AppData\Local\arduino\cores\92035f899edcd7e18417f2b8519b0a0f\core.a(rcc_f1.c.o)
                0x08003f80                rcc_dev_table
 .rodata.masks.4420
                0x08003fdc       0x14 C:\Users\MSI\AppData\Local\arduino\cores\92035f899edcd7e18417f2b8519b0a0f\core.a(rcc_f1.c.o)
 .rodata.usbVcomDescriptor_iProduct
                0x08003ff0        0xc C:\Users\MSI\AppData\Local\arduino\cores\92035f899edcd7e18417f2b8519b0a0f\core.a(usb_cdcacm.c.o)
 .rodata.usbVcomDescriptor_iManufacturer
                0x08003ffc       0x12 C:\Users\MSI\AppData\Local\arduino\cores\92035f899edcd7e18417f2b8519b0a0f\core.a(usb_cdcacm.c.o)
 .rodata.usbVcomDescriptor_Device
                0x0800400e       0x12 C:\Users\MSI\AppData\Local\arduino\cores\92035f899edcd7e18417f2b8519b0a0f\core.a(usb_cdcacm.c.o)
 .rodata.usbVcomDescriptor_Config
                0x08004020       0x43 C:\Users\MSI\AppData\Local\arduino\cores\92035f899edcd7e18417f2b8519b0a0f\core.a(usb_cdcacm.c.o)
 .rodata.usbVcomDescriptor_LangID
                0x08004063        0x4 C:\Users\MSI\AppData\Local\arduino\cores\92035f899edcd7e18417f2b8519b0a0f\core.a(usb_cdcacm.c.o)
 .rodata.str1.1
                0x08004067        0x2 c:/users/msi/appdata/local/arduino15/packages/arduino/tools/arm-none-eabi-gcc/4.8.3-2014q1/bin/../lib/gcc/arm-none-eabi/4.8.3/../../../../arm-none-eabi/lib/armv7-m\libc_s.a(lib_a-impure.o)
 *fill*         0x08004069        0x3 
 .rodata._global_impure_ptr
                0x0800406c        0x4 c:/users/msi/appdata/local/arduino15/packages/arduino/tools/arm-none-eabi-gcc/4.8.3-2014q1/bin/../lib/gcc/arm-none-eabi/4.8.3/../../../../arm-none-eabi/lib/armv7-m\libc_s.a(lib_a-impure.o)
                0x0800406c                _global_impure_ptr
 *(.USER_FLASH)
                0x08004070                . = ALIGN (0x4)
                0x08004070                _lm_rom_img_cfgp = .
                0x08004070        0x4 LONG 0x8003748 LOADADDR (.data)
                0x20000670                _lm_heap_start = DEFINED (_lm_heap_start)?_lm_heap_start:_end
                0x20005000                _lm_heap_end = DEFINED (_lm_heap_end)?_lm_heap_end:__msp_init

.rel.dyn        0x08004074        0x0
 .rel.iplt      0x00000000        0x0 c:/users/msi/appdata/local/arduino15/packages/arduino/tools/arm-none-eabi-gcc/4.8.3-2014q1/bin/../lib/gcc/arm-none-eabi/4.8.3/armv7-m/crtbegin.o

.bss            0x20000468      0x208
                0x20000468                . = ALIGN (0x8)
                0x20000468                __bss_start__ = .
 *(.bss .bss.* .gnu.linkonce.b.*)
 .bss           0x20000468       0x1c c:/users/msi/appdata/local/arduino15/packages/arduino/tools/arm-none-eabi-gcc/4.8.3-2014q1/bin/../lib/gcc/arm-none-eabi/4.8.3/armv7-m/crtbegin.o
 .bss.estadoActual
                0x20000484        0x1 C:\Users\MSI\AppData\Local\arduino\sketches\2E6A5B292085DACE603A37E83A4976CA\sketch\sketch_feb27a.ino.cpp.o
                0x20000484                estadoActual
 *fill*         0x20000485        0x3 
 .bss.lcd       0x20000488       0x10 C:\Users\MSI\AppData\Local\arduino\sketches\2E6A5B292085DACE603A37E83A4976CA\sketch\sketch_feb27a.ino.cpp.o
                0x20000488                lcd
 .bss.Wire      0x20000498       0x60 C:\Users\MSI\AppData\Local\arduino\sketches\2E6A5B292085DACE603A37E83A4976CA\libraries\Wire\Wire.cpp.o
                0x20000498                Wire
 .bss.Serial1   0x200004f8       0x18 C:\Users\MSI\AppData\Local\arduino\sketches\2E6A5B292085DACE603A37E83A4976CA\core\board.cpp.o
                0x200004f8                Serial1
 .bss.Serial2   0x20000510       0x18 C:\Users\MSI\AppData\Local\arduino\sketches\2E6A5B292085DACE603A37E83A4976CA\core\board.cpp.o
                0x20000510                Serial2
 .bss.Serial3   0x20000528       0x18 C:\Users\MSI\AppData\Local\arduino\sketches\2E6A5B292085DACE603A37E83A4976CA\core\board.cpp.o
                0x20000528                Serial3
 .bss.exti_channels
                0x20000540       0x80 C:\Users\MSI\AppData\Local\arduino\cores\92035f899edcd7e18417f2b8519b0a0f\core.a(exti.c.o)
                0x20000540                exti_channels
 .bss.systick_user_callback
                0x200005c0        0x4 C:\Users\MSI\AppData\Local\arduino\cores\92035f899edcd7e18417f2b8519b0a0f\core.a(systick.c.o)
 .bss.usart1_wb
                0x200005c4        0xc C:\Users\MSI\AppData\Local\arduino\cores\92035f899edcd7e18417f2b8519b0a0f\core.a(usart_f1.c.o)
 .bss.usart1_rb
                0x200005d0        0xc C:\Users\MSI\AppData\Local\arduino\cores\92035f899edcd7e18417f2b8519b0a0f\core.a(usart_f1.c.o)
 .bss.usart2_rb
                0x200005dc        0xc C:\Users\MSI\AppData\Local\arduino\cores\92035f899edcd7e18417f2b8519b0a0f\core.a(usart_f1.c.o)
 .bss.usart3_rb
                0x200005e8        0xc C:\Users\MSI\AppData\Local\arduino\cores\92035f899edcd7e18417f2b8519b0a0f\core.a(usart_f1.c.o)
 .bss.usart2_wb
                0x200005f4        0xc C:\Users\MSI\AppData\Local\arduino\cores\92035f899edcd7e18417f2b8519b0a0f\core.a(usart_f1.c.o)
 .bss.usart3_wb
                0x20000600        0xc C:\Users\MSI\AppData\Local\arduino\cores\92035f899edcd7e18417f2b8519b0a0f\core.a(usart_f1.c.o)
 .bss.line_dtr_rts
                0x2000060c        0x1 C:\Users\MSI\AppData\Local\arduino\cores\92035f899edcd7e18417f2b8519b0a0f\core.a(usb_cdcacm.c.o)
 *fill*         0x2000060d        0x3 
 .bss.tx_head   0x20000610        0x4 C:\Users\MSI\AppData\Local\arduino\cores\92035f899edcd7e18417f2b8519b0a0f\core.a(usb_cdcacm.c.o)
 .bss.transmitting
                0x20000614        0x1 C:\Users\MSI\AppData\Local\arduino\cores\92035f899edcd7e18417f2b8519b0a0f\core.a(usb_cdcacm.c.o)
 *fill*         0x20000615        0x3 
 .bss.rx_tail   0x20000618        0x4 C:\Users\MSI\AppData\Local\arduino\cores\92035f899edcd7e18417f2b8519b0a0f\core.a(usb_cdcacm.c.o)
 .bss.iface_setup_hook
                0x2000061c        0x4 C:\Users\MSI\AppData\Local\arduino\cores\92035f899edcd7e18417f2b8519b0a0f\core.a(usb_cdcacm.c.o)
 .bss.rx_head   0x20000620        0x4 C:\Users\MSI\AppData\Local\arduino\cores\92035f899edcd7e18417f2b8519b0a0f\core.a(usb_cdcacm.c.o)
 .bss.tx_tail   0x20000624        0x4 C:\Users\MSI\AppData\Local\arduino\cores\92035f899edcd7e18417f2b8519b0a0f\core.a(usb_cdcacm.c.o)
 .bss.Data_Mul_MaxPacketSize
                0x20000628        0x1 C:\Users\MSI\AppData\Local\arduino\cores\92035f899edcd7e18417f2b8519b0a0f\core.a(usb_core.c.o)
                0x20000628                Data_Mul_MaxPacketSize
 *(COMMON)
 *fill*         0x20000629        0x3 
 COMMON         0x2000062c        0x4 C:\Users\MSI\AppData\Local\arduino\cores\92035f899edcd7e18417f2b8519b0a0f\core.a(systick.c.o)
                0x2000062c                systick_uptime_millis
 COMMON         0x20000630        0x6 C:\Users\MSI\AppData\Local\arduino\cores\92035f899edcd7e18417f2b8519b0a0f\core.a(usb.c.o)
                0x20000630                SaveRState
                0x20000632                SaveTState
                0x20000634                ResumeS
 COMMON         0x20000636        0x2 C:\Users\MSI\AppData\Local\arduino\cores\92035f899edcd7e18417f2b8519b0a0f\core.a(usb_core.c.o)
                0x20000636                StatusInfo
 COMMON         0x20000638       0x32 C:\Users\MSI\AppData\Local\arduino\cores\92035f899edcd7e18417f2b8519b0a0f\core.a(usb_init.c.o)
                0x20000638                SaveState
                0x2000063c                pProperty
                0x20000640                EPindex
                0x20000644                Device_Info
                0x20000660                pUser_Standard_Requests
                0x20000664                pInformation
                0x20000668                wInterrupt_Mask
                0x20000670                . = ALIGN (0x8)
 *fill*         0x2000066a        0x6 
                0x20000670                __bss_end__ = .
                0x20000670                _end = __bss_end__

.stab
 *(.stab)

.stabstr
 *(.stabstr)

.debug
 *(.debug)

.line
 *(.line)

.debug_srcinfo
 *(.debug_srcinfo)

.debug_sfnames
 *(.debug_sfnames)

.debug_aranges  0x00000000     0x11f0
 *(.debug_aranges)
 .debug_aranges
                0x00000000       0x30 C:\Users\MSI\AppData\Local\arduino\sketches\2E6A5B292085DACE603A37E83A4976CA\sketch\sketch_feb27a.ino.cpp.o
 .debug_aranges
                0x00000030       0xa0 C:\Users\MSI\AppData\Local\arduino\sketches\2E6A5B292085DACE603A37E83A4976CA\libraries\Wire\SoftWire.cpp.o
 .debug_aranges
                0x000000d0       0x68 C:\Users\MSI\AppData\Local\arduino\sketches\2E6A5B292085DACE603A37E83A4976CA\libraries\Wire\Wire.cpp.o
 .debug_aranges
                0x00000138       0x90 C:\Users\MSI\AppData\Local\arduino\sketches\2E6A5B292085DACE603A37E83A4976CA\libraries\Wire\utility\WireBase.cpp.o
 .debug_aranges
                0x000001c8      0x178 C:\Users\MSI\AppData\Local\arduino\sketches\2E6A5B292085DACE603A37E83A4976CA\libraries\LiquidCrystal_I2C\LiquidCrystal_I2C.cpp.o
 .debug_aranges
                0x00000340       0x28 C:\Users\MSI\AppData\Local\arduino\sketches\2E6A5B292085DACE603A37E83A4976CA\core\board.cpp.o
 .debug_aranges
                0x00000368       0x40 C:\Users\MSI\AppData\Local\arduino\sketches\2E6A5B292085DACE603A37E83A4976CA\core\wirish\boards.cpp.o
 .debug_aranges
                0x000003a8       0x40 C:\Users\MSI\AppData\Local\arduino\sketches\2E6A5B292085DACE603A37E83A4976CA\core\wirish\boards_setup.cpp.o
 .debug_aranges
                0x000003e8       0x20 C:\Users\MSI\AppData\Local\arduino\sketches\2E6A5B292085DACE603A37E83A4976CA\core\wirish\start.S.o
 .debug_aranges
                0x00000408       0x20 C:\Users\MSI\AppData\Local\arduino\sketches\2E6A5B292085DACE603A37E83A4976CA\core\wirish\start_c.c.o
 .debug_aranges
                0x00000428       0x88 C:\Users\MSI\AppData\Local\arduino\sketches\2E6A5B292085DACE603A37E83A4976CA\core\wirish\syscalls.c.o
 .debug_aranges
                0x000004b0       0x70 C:\Users\MSI\AppData\Local\arduino\cores\92035f899edcd7e18417f2b8519b0a0f\core.a(HardwareSerial.cpp.o)
 .debug_aranges
                0x00000520      0x110 C:\Users\MSI\AppData\Local\arduino\cores\92035f899edcd7e18417f2b8519b0a0f\core.a(Print.cpp.o)
 .debug_aranges
                0x00000630       0x28 C:\Users\MSI\AppData\Local\arduino\cores\92035f899edcd7e18417f2b8519b0a0f\core.a(cxxabi-compat.cpp.o)
 .debug_aranges
                0x00000658       0x38 C:\Users\MSI\AppData\Local\arduino\cores\92035f899edcd7e18417f2b8519b0a0f\core.a(adc.c.o)
 .debug_aranges
                0x00000690       0x58 C:\Users\MSI\AppData\Local\arduino\cores\92035f899edcd7e18417f2b8519b0a0f\core.a(adc_f1.c.o)
 .debug_aranges
                0x000006e8       0xb0 C:\Users\MSI\AppData\Local\arduino\cores\92035f899edcd7e18417f2b8519b0a0f\core.a(dma_f1.c.o)
 .debug_aranges
                0x00000798       0x20 C:\Users\MSI\AppData\Local\arduino\cores\92035f899edcd7e18417f2b8519b0a0f\core.a(exc.S.o)
 .debug_aranges
                0x000007b8       0x80 C:\Users\MSI\AppData\Local\arduino\cores\92035f899edcd7e18417f2b8519b0a0f\core.a(exti.c.o)
 .debug_aranges
                0x00000838       0x20 C:\Users\MSI\AppData\Local\arduino\cores\92035f899edcd7e18417f2b8519b0a0f\core.a(exti_f1.c.o)
 .debug_aranges
                0x00000858       0x20 C:\Users\MSI\AppData\Local\arduino\cores\92035f899edcd7e18417f2b8519b0a0f\core.a(flash.c.o)
 .debug_aranges
                0x00000878       0x48 C:\Users\MSI\AppData\Local\arduino\cores\92035f899edcd7e18417f2b8519b0a0f\core.a(gpio_f1.c.o)
 .debug_aranges
                0x000008c0       0x88 C:\Users\MSI\AppData\Local\arduino\cores\92035f899edcd7e18417f2b8519b0a0f\core.a(i2c.c.o)
 .debug_aranges
                0x00000948       0x50 C:\Users\MSI\AppData\Local\arduino\cores\92035f899edcd7e18417f2b8519b0a0f\core.a(i2c_f1.c.o)
 .debug_aranges
                0x00000998       0x38 C:\Users\MSI\AppData\Local\arduino\cores\92035f899edcd7e18417f2b8519b0a0f\core.a(nvic.c.o)
 .debug_aranges
                0x000009d0       0x48 C:\Users\MSI\AppData\Local\arduino\cores\92035f899edcd7e18417f2b8519b0a0f\core.a(rcc.c.o)
 .debug_aranges
                0x00000a18       0x48 C:\Users\MSI\AppData\Local\arduino\cores\92035f899edcd7e18417f2b8519b0a0f\core.a(rcc_f1.c.o)
 .debug_aranges
                0x00000a60       0x20 C:\Users\MSI\AppData\Local\arduino\cores\92035f899edcd7e18417f2b8519b0a0f\core.a(isrs.S.o)
 .debug_aranges
                0x00000a80       0x40 C:\Users\MSI\AppData\Local\arduino\cores\92035f899edcd7e18417f2b8519b0a0f\core.a(systick.c.o)
 .debug_aranges
                0x00000ac0       0xb0 C:\Users\MSI\AppData\Local\arduino\cores\92035f899edcd7e18417f2b8519b0a0f\core.a(timer.c.o)
 .debug_aranges
                0x00000b70       0x48 C:\Users\MSI\AppData\Local\arduino\cores\92035f899edcd7e18417f2b8519b0a0f\core.a(usart.c.o)
 .debug_aranges
                0x00000bb8       0x50 C:\Users\MSI\AppData\Local\arduino\cores\92035f899edcd7e18417f2b8519b0a0f\core.a(usart_f1.c.o)
 .debug_aranges
                0x00000c08       0x20 C:\Users\MSI\AppData\Local\arduino\cores\92035f899edcd7e18417f2b8519b0a0f\core.a(usart_private.c.o)
 .debug_aranges
                0x00000c28       0x38 C:\Users\MSI\AppData\Local\arduino\cores\92035f899edcd7e18417f2b8519b0a0f\core.a(usb.c.o)
 .debug_aranges
                0x00000c60      0x128 C:\Users\MSI\AppData\Local\arduino\cores\92035f899edcd7e18417f2b8519b0a0f\core.a(usb_cdcacm.c.o)
 .debug_aranges
                0x00000d88       0x20 C:\Users\MSI\AppData\Local\arduino\cores\92035f899edcd7e18417f2b8519b0a0f\core.a(usb_reg_map.c.o)
 .debug_aranges
                0x00000da8       0x98 C:\Users\MSI\AppData\Local\arduino\cores\92035f899edcd7e18417f2b8519b0a0f\core.a(usb_core.c.o)
 .debug_aranges
                0x00000e40       0x20 C:\Users\MSI\AppData\Local\arduino\cores\92035f899edcd7e18417f2b8519b0a0f\core.a(usb_init.c.o)
 .debug_aranges
                0x00000e60       0x28 C:\Users\MSI\AppData\Local\arduino\cores\92035f899edcd7e18417f2b8519b0a0f\core.a(usb_mem.c.o)
 .debug_aranges
                0x00000e88      0x1f0 C:\Users\MSI\AppData\Local\arduino\cores\92035f899edcd7e18417f2b8519b0a0f\core.a(usb_regs.c.o)
 .debug_aranges
                0x00001078       0x50 C:\Users\MSI\AppData\Local\arduino\cores\92035f899edcd7e18417f2b8519b0a0f\core.a(util.c.o)
 .debug_aranges
                0x000010c8       0x28 C:\Users\MSI\AppData\Local\arduino\cores\92035f899edcd7e18417f2b8519b0a0f\core.a(main.cpp.o)
 .debug_aranges
                0x000010f0       0x20 C:\Users\MSI\AppData\Local\arduino\cores\92035f899edcd7e18417f2b8519b0a0f\core.a(wirish_digital_f1.cpp.o)
 .debug_aranges
                0x00001110       0x20 C:\Users\MSI\AppData\Local\arduino\cores\92035f899edcd7e18417f2b8519b0a0f\core.a(wirish_analog.cpp.o)
 .debug_aranges
                0x00001130       0x28 C:\Users\MSI\AppData\Local\arduino\cores\92035f899edcd7e18417f2b8519b0a0f\core.a(wirish_digital.cpp.o)
 .debug_aranges
                0x00001158       0x30 C:\Users\MSI\AppData\Local\arduino\cores\92035f899edcd7e18417f2b8519b0a0f\core.a(wirish_time.cpp.o)
 .debug_aranges
                0x00001188       0x20 C:\Users\MSI\AppData\Local\arduino\cores\92035f899edcd7e18417f2b8519b0a0f\core.a(hooks.c.o)
 .debug_aranges
                0x000011a8       0x28 C:\Users\MSI\AppData\Local\arduino\cores\92035f899edcd7e18417f2b8519b0a0f\core.a(dma.c.o)
 .debug_aranges
                0x000011d0       0x20 C:\Users\MSI\AppData\Local\arduino\cores\92035f899edcd7e18417f2b8519b0a0f\core.a(gpio.c.o)

.debug_pubnames
 *(.debug_pubnames)

.debug_info     0x00000000    0x23537
 *(.debug_info .gnu.linkonce.wi.*)
 .debug_info    0x00000000      0xefb C:\Users\MSI\AppData\Local\arduino\sketches\2E6A5B292085DACE603A37E83A4976CA\sketch\sketch_feb27a.ino.cpp.o
 .debug_info    0x00000efb     0x19dd C:\Users\MSI\AppData\Local\arduino\sketches\2E6A5B292085DACE603A37E83A4976CA\libraries\Wire\SoftWire.cpp.o
 .debug_info    0x000028d8      0xd87 C:\Users\MSI\AppData\Local\arduino\sketches\2E6A5B292085DACE603A37E83A4976CA\libraries\Wire\Wire.cpp.o
 .debug_info    0x0000365f      0xf82 C:\Users\MSI\AppData\Local\arduino\sketches\2E6A5B292085DACE603A37E83A4976CA\libraries\Wire\utility\WireBase.cpp.o
 .debug_info    0x000045e1     0x1d04 C:\Users\MSI\AppData\Local\arduino\sketches\2E6A5B292085DACE603A37E83A4976CA\libraries\LiquidCrystal_I2C\LiquidCrystal_I2C.cpp.o
 .debug_info    0x000062e5     0x1170 C:\Users\MSI\AppData\Local\arduino\sketches\2E6A5B292085DACE603A37E83A4976CA\core\board.cpp.o
 .debug_info    0x00007455     0x1409 C:\Users\MSI\AppData\Local\arduino\sketches\2E6A5B292085DACE603A37E83A4976CA\core\wirish\boards.cpp.o
 .debug_info    0x0000885e      0x61e C:\Users\MSI\AppData\Local\arduino\sketches\2E6A5B292085DACE603A37E83A4976CA\core\wirish\boards_setup.cpp.o
 .debug_info    0x00008e7c       0xd2 C:\Users\MSI\AppData\Local\arduino\sketches\2E6A5B292085DACE603A37E83A4976CA\core\wirish\start.S.o
 .debug_info    0x00008f4e      0x176 C:\Users\MSI\AppData\Local\arduino\sketches\2E6A5B292085DACE603A37E83A4976CA\core\wirish\start_c.c.o
 .debug_info    0x000090c4      0x5cd C:\Users\MSI\AppData\Local\arduino\sketches\2E6A5B292085DACE603A37E83A4976CA\core\wirish\syscalls.c.o
 .debug_info    0x00009691     0x29ea C:\Users\MSI\AppData\Local\arduino\cores\92035f899edcd7e18417f2b8519b0a0f\core.a(HardwareSerial.cpp.o)
 .debug_info    0x0000c07b     0x258c C:\Users\MSI\AppData\Local\arduino\cores\92035f899edcd7e18417f2b8519b0a0f\core.a(Print.cpp.o)
 .debug_info    0x0000e607      0x526 C:\Users\MSI\AppData\Local\arduino\cores\92035f899edcd7e18417f2b8519b0a0f\core.a(cxxabi-compat.cpp.o)
 .debug_info    0x0000eb2d      0x79a C:\Users\MSI\AppData\Local\arduino\cores\92035f899edcd7e18417f2b8519b0a0f\core.a(adc.c.o)
 .debug_info    0x0000f2c7      0xe4a C:\Users\MSI\AppData\Local\arduino\cores\92035f899edcd7e18417f2b8519b0a0f\core.a(adc_f1.c.o)
 .debug_info    0x00010111     0x18b1 C:\Users\MSI\AppData\Local\arduino\cores\92035f899edcd7e18417f2b8519b0a0f\core.a(dma_f1.c.o)
 .debug_info    0x000119c2       0xc7 C:\Users\MSI\AppData\Local\arduino\cores\92035f899edcd7e18417f2b8519b0a0f\core.a(exc.S.o)
 .debug_info    0x00011a89      0xd3c C:\Users\MSI\AppData\Local\arduino\cores\92035f899edcd7e18417f2b8519b0a0f\core.a(exti.c.o)
 .debug_info    0x000127c5      0x213 C:\Users\MSI\AppData\Local\arduino\cores\92035f899edcd7e18417f2b8519b0a0f\core.a(exti_f1.c.o)
 .debug_info    0x000129d8      0x128 C:\Users\MSI\AppData\Local\arduino\cores\92035f899edcd7e18417f2b8519b0a0f\core.a(flash.c.o)
 .debug_info    0x00012b00      0x715 C:\Users\MSI\AppData\Local\arduino\cores\92035f899edcd7e18417f2b8519b0a0f\core.a(gpio_f1.c.o)
 .debug_info    0x00013215     0x1ad2 C:\Users\MSI\AppData\Local\arduino\cores\92035f899edcd7e18417f2b8519b0a0f\core.a(i2c.c.o)
 .debug_info    0x00014ce7      0xc25 C:\Users\MSI\AppData\Local\arduino\cores\92035f899edcd7e18417f2b8519b0a0f\core.a(i2c_f1.c.o)
 .debug_info    0x0001590c      0x5a2 C:\Users\MSI\AppData\Local\arduino\cores\92035f899edcd7e18417f2b8519b0a0f\core.a(nvic.c.o)
 .debug_info    0x00015eae      0x556 C:\Users\MSI\AppData\Local\arduino\cores\92035f899edcd7e18417f2b8519b0a0f\core.a(rcc.c.o)
 .debug_info    0x00016404      0xb64 C:\Users\MSI\AppData\Local\arduino\cores\92035f899edcd7e18417f2b8519b0a0f\core.a(rcc_f1.c.o)
 .debug_info    0x00016f68       0xdc C:\Users\MSI\AppData\Local\arduino\cores\92035f899edcd7e18417f2b8519b0a0f\core.a(isrs.S.o)
 .debug_info    0x00017044      0x182 C:\Users\MSI\AppData\Local\arduino\cores\92035f899edcd7e18417f2b8519b0a0f\core.a(systick.c.o)
 .debug_info    0x000171c6     0x197d C:\Users\MSI\AppData\Local\arduino\cores\92035f899edcd7e18417f2b8519b0a0f\core.a(timer.c.o)
 .debug_info    0x00018b43      0xc32 C:\Users\MSI\AppData\Local\arduino\cores\92035f899edcd7e18417f2b8519b0a0f\core.a(usart.c.o)
 .debug_info    0x00019775      0xb89 C:\Users\MSI\AppData\Local\arduino\cores\92035f899edcd7e18417f2b8519b0a0f\core.a(usart_f1.c.o)
 .debug_info    0x0001a2fe      0x595 C:\Users\MSI\AppData\Local\arduino\cores\92035f899edcd7e18417f2b8519b0a0f\core.a(usart_private.c.o)
 .debug_info    0x0001a893      0xd16 C:\Users\MSI\AppData\Local\arduino\cores\92035f899edcd7e18417f2b8519b0a0f\core.a(usb.c.o)
 .debug_info    0x0001b5a9     0x22d2 C:\Users\MSI\AppData\Local\arduino\cores\92035f899edcd7e18417f2b8519b0a0f\core.a(usb_cdcacm.c.o)
 .debug_info    0x0001d87b      0x26c C:\Users\MSI\AppData\Local\arduino\cores\92035f899edcd7e18417f2b8519b0a0f\core.a(usb_reg_map.c.o)
 .debug_info    0x0001dae7      0xddf C:\Users\MSI\AppData\Local\arduino\cores\92035f899edcd7e18417f2b8519b0a0f\core.a(usb_core.c.o)
 .debug_info    0x0001e8c6      0x3ed C:\Users\MSI\AppData\Local\arduino\cores\92035f899edcd7e18417f2b8519b0a0f\core.a(usb_init.c.o)
 .debug_info    0x0001ecb3      0x183 C:\Users\MSI\AppData\Local\arduino\cores\92035f899edcd7e18417f2b8519b0a0f\core.a(usb_mem.c.o)
 .debug_info    0x0001ee36      0xc88 C:\Users\MSI\AppData\Local\arduino\cores\92035f899edcd7e18417f2b8519b0a0f\core.a(usb_regs.c.o)
 .debug_info    0x0001fabe      0xad2 C:\Users\MSI\AppData\Local\arduino\cores\92035f899edcd7e18417f2b8519b0a0f\core.a(util.c.o)
 .debug_info    0x00020590       0x99 C:\Users\MSI\AppData\Local\arduino\cores\92035f899edcd7e18417f2b8519b0a0f\core.a(main.cpp.o)
 .debug_info    0x00020629      0xc8a C:\Users\MSI\AppData\Local\arduino\cores\92035f899edcd7e18417f2b8519b0a0f\core.a(wirish_digital_f1.cpp.o)
 .debug_info    0x000212b3      0xa7e C:\Users\MSI\AppData\Local\arduino\cores\92035f899edcd7e18417f2b8519b0a0f\core.a(wirish_analog.cpp.o)
 .debug_info    0x00021d31      0xb0b C:\Users\MSI\AppData\Local\arduino\cores\92035f899edcd7e18417f2b8519b0a0f\core.a(wirish_digital.cpp.o)
 .debug_info    0x0002283c      0x2be C:\Users\MSI\AppData\Local\arduino\cores\92035f899edcd7e18417f2b8519b0a0f\core.a(wirish_time.cpp.o)
 .debug_info    0x00022afa       0x33 C:\Users\MSI\AppData\Local\arduino\cores\92035f899edcd7e18417f2b8519b0a0f\core.a(hooks.c.o)
 .debug_info    0x00022b2d      0x6f7 C:\Users\MSI\AppData\Local\arduino\cores\92035f899edcd7e18417f2b8519b0a0f\core.a(dma.c.o)
 .debug_info    0x00023224      0x313 C:\Users\MSI\AppData\Local\arduino\cores\92035f899edcd7e18417f2b8519b0a0f\core.a(gpio.c.o)

.debug_abbrev   0x00000000     0x6b97
 *(.debug_abbrev)
 .debug_abbrev  0x00000000      0x2bf C:\Users\MSI\AppData\Local\arduino\sketches\2E6A5B292085DACE603A37E83A4976CA\sketch\sketch_feb27a.ino.cpp.o
 .debug_abbrev  0x000002bf      0x431 C:\Users\MSI\AppData\Local\arduino\sketches\2E6A5B292085DACE603A37E83A4976CA\libraries\Wire\SoftWire.cpp.o
 .debug_abbrev  0x000006f0      0x3ac C:\Users\MSI\AppData\Local\arduino\sketches\2E6A5B292085DACE603A37E83A4976CA\libraries\Wire\Wire.cpp.o
 .debug_abbrev  0x00000a9c      0x320 C:\Users\MSI\AppData\Local\arduino\sketches\2E6A5B292085DACE603A37E83A4976CA\libraries\Wire\utility\WireBase.cpp.o
 .debug_abbrev  0x00000dbc      0x3f7 C:\Users\MSI\AppData\Local\arduino\sketches\2E6A5B292085DACE603A37E83A4976CA\libraries\LiquidCrystal_I2C\LiquidCrystal_I2C.cpp.o
 .debug_abbrev  0x000011b3      0x275 C:\Users\MSI\AppData\Local\arduino\sketches\2E6A5B292085DACE603A37E83A4976CA\core\board.cpp.o
 .debug_abbrev  0x00001428      0x3dd C:\Users\MSI\AppData\Local\arduino\sketches\2E6A5B292085DACE603A37E83A4976CA\core\wirish\boards.cpp.o
 .debug_abbrev  0x00001805      0x196 C:\Users\MSI\AppData\Local\arduino\sketches\2E6A5B292085DACE603A37E83A4976CA\core\wirish\boards_setup.cpp.o
 .debug_abbrev  0x0000199b       0x14 C:\Users\MSI\AppData\Local\arduino\sketches\2E6A5B292085DACE603A37E83A4976CA\core\wirish\start.S.o
 .debug_abbrev  0x000019af      0x11f C:\Users\MSI\AppData\Local\arduino\sketches\2E6A5B292085DACE603A37E83A4976CA\core\wirish\start_c.c.o
 .debug_abbrev  0x00001ace      0x17e C:\Users\MSI\AppData\Local\arduino\sketches\2E6A5B292085DACE603A37E83A4976CA\core\wirish\syscalls.c.o
 .debug_abbrev  0x00001c4c      0x535 C:\Users\MSI\AppData\Local\arduino\cores\92035f899edcd7e18417f2b8519b0a0f\core.a(HardwareSerial.cpp.o)
 .debug_abbrev  0x00002181      0x414 C:\Users\MSI\AppData\Local\arduino\cores\92035f899edcd7e18417f2b8519b0a0f\core.a(Print.cpp.o)
 .debug_abbrev  0x00002595      0x163 C:\Users\MSI\AppData\Local\arduino\cores\92035f899edcd7e18417f2b8519b0a0f\core.a(cxxabi-compat.cpp.o)
 .debug_abbrev  0x000026f8      0x20b C:\Users\MSI\AppData\Local\arduino\cores\92035f899edcd7e18417f2b8519b0a0f\core.a(adc.c.o)
 .debug_abbrev  0x00002903      0x2e6 C:\Users\MSI\AppData\Local\arduino\cores\92035f899edcd7e18417f2b8519b0a0f\core.a(adc_f1.c.o)
 .debug_abbrev  0x00002be9      0x3e9 C:\Users\MSI\AppData\Local\arduino\cores\92035f899edcd7e18417f2b8519b0a0f\core.a(dma_f1.c.o)
 .debug_abbrev  0x00002fd2       0x14 C:\Users\MSI\AppData\Local\arduino\cores\92035f899edcd7e18417f2b8519b0a0f\core.a(exc.S.o)
 .debug_abbrev  0x00002fe6      0x286 C:\Users\MSI\AppData\Local\arduino\cores\92035f899edcd7e18417f2b8519b0a0f\core.a(exti.c.o)
 .debug_abbrev  0x0000326c       0xdb C:\Users\MSI\AppData\Local\arduino\cores\92035f899edcd7e18417f2b8519b0a0f\core.a(exti_f1.c.o)
 .debug_abbrev  0x00003347       0x9f C:\Users\MSI\AppData\Local\arduino\cores\92035f899edcd7e18417f2b8519b0a0f\core.a(flash.c.o)
 .debug_abbrev  0x000033e6      0x191 C:\Users\MSI\AppData\Local\arduino\cores\92035f899edcd7e18417f2b8519b0a0f\core.a(gpio_f1.c.o)
 .debug_abbrev  0x00003577      0x42d C:\Users\MSI\AppData\Local\arduino\cores\92035f899edcd7e18417f2b8519b0a0f\core.a(i2c.c.o)
 .debug_abbrev  0x000039a4      0x20b C:\Users\MSI\AppData\Local\arduino\cores\92035f899edcd7e18417f2b8519b0a0f\core.a(i2c_f1.c.o)
 .debug_abbrev  0x00003baf      0x1ac C:\Users\MSI\AppData\Local\arduino\cores\92035f899edcd7e18417f2b8519b0a0f\core.a(nvic.c.o)
 .debug_abbrev  0x00003d5b      0x17f C:\Users\MSI\AppData\Local\arduino\cores\92035f899edcd7e18417f2b8519b0a0f\core.a(rcc.c.o)
 .debug_abbrev  0x00003eda      0x28c C:\Users\MSI\AppData\Local\arduino\cores\92035f899edcd7e18417f2b8519b0a0f\core.a(rcc_f1.c.o)
 .debug_abbrev  0x00004166       0x14 C:\Users\MSI\AppData\Local\arduino\cores\92035f899edcd7e18417f2b8519b0a0f\core.a(isrs.S.o)
 .debug_abbrev  0x0000417a      0x10f C:\Users\MSI\AppData\Local\arduino\cores\92035f899edcd7e18417f2b8519b0a0f\core.a(systick.c.o)
 .debug_abbrev  0x00004289      0x4c8 C:\Users\MSI\AppData\Local\arduino\cores\92035f899edcd7e18417f2b8519b0a0f\core.a(timer.c.o)
 .debug_abbrev  0x00004751      0x2ff C:\Users\MSI\AppData\Local\arduino\cores\92035f899edcd7e18417f2b8519b0a0f\core.a(usart.c.o)
 .debug_abbrev  0x00004a50      0x2ad C:\Users\MSI\AppData\Local\arduino\cores\92035f899edcd7e18417f2b8519b0a0f\core.a(usart_f1.c.o)
 .debug_abbrev  0x00004cfd      0x144 C:\Users\MSI\AppData\Local\arduino\cores\92035f899edcd7e18417f2b8519b0a0f\core.a(usart_private.c.o)
 .debug_abbrev  0x00004e41      0x352 C:\Users\MSI\AppData\Local\arduino\cores\92035f899edcd7e18417f2b8519b0a0f\core.a(usb.c.o)
 .debug_abbrev  0x00005193      0x47d C:\Users\MSI\AppData\Local\arduino\cores\92035f899edcd7e18417f2b8519b0a0f\core.a(usb_cdcacm.c.o)
 .debug_abbrev  0x00005610      0x193 C:\Users\MSI\AppData\Local\arduino\cores\92035f899edcd7e18417f2b8519b0a0f\core.a(usb_reg_map.c.o)
 .debug_abbrev  0x000057a3      0x3a6 C:\Users\MSI\AppData\Local\arduino\cores\92035f899edcd7e18417f2b8519b0a0f\core.a(usb_core.c.o)
 .debug_abbrev  0x00005b49      0x101 C:\Users\MSI\AppData\Local\arduino\cores\92035f899edcd7e18417f2b8519b0a0f\core.a(usb_init.c.o)
 .debug_abbrev  0x00005c4a       0xa6 C:\Users\MSI\AppData\Local\arduino\cores\92035f899edcd7e18417f2b8519b0a0f\core.a(usb_mem.c.o)
 .debug_abbrev  0x00005cf0      0x1f3 C:\Users\MSI\AppData\Local\arduino\cores\92035f899edcd7e18417f2b8519b0a0f\core.a(usb_regs.c.o)
 .debug_abbrev  0x00005ee3      0x2cb C:\Users\MSI\AppData\Local\arduino\cores\92035f899edcd7e18417f2b8519b0a0f\core.a(util.c.o)
 .debug_abbrev  0x000061ae       0x7b C:\Users\MSI\AppData\Local\arduino\cores\92035f899edcd7e18417f2b8519b0a0f\core.a(main.cpp.o)
 .debug_abbrev  0x00006229      0x240 C:\Users\MSI\AppData\Local\arduino\cores\92035f899edcd7e18417f2b8519b0a0f\core.a(wirish_digital_f1.cpp.o)
 .debug_abbrev  0x00006469      0x15f C:\Users\MSI\AppData\Local\arduino\cores\92035f899edcd7e18417f2b8519b0a0f\core.a(wirish_analog.cpp.o)
 .debug_abbrev  0x000065c8      0x17e C:\Users\MSI\AppData\Local\arduino\cores\92035f899edcd7e18417f2b8519b0a0f\core.a(wirish_digital.cpp.o)
 .debug_abbrev  0x00006746      0x196 C:\Users\MSI\AppData\Local\arduino\cores\92035f899edcd7e18417f2b8519b0a0f\core.a(wirish_time.cpp.o)
 .debug_abbrev  0x000068dc       0x26 C:\Users\MSI\AppData\Local\arduino\cores\92035f899edcd7e18417f2b8519b0a0f\core.a(hooks.c.o)
 .debug_abbrev  0x00006902      0x182 C:\Users\MSI\AppData\Local\arduino\cores\92035f899edcd7e18417f2b8519b0a0f\core.a(dma.c.o)
 .debug_abbrev  0x00006a84      0x113 C:\Users\MSI\AppData\Local\arduino\cores\92035f899edcd7e18417f2b8519b0a0f\core.a(gpio.c.o)

.debug_line     0x00000000     0xbf24
 *(.debug_line)
 .debug_line    0x00000000      0x5d4 C:\Users\MSI\AppData\Local\arduino\sketches\2E6A5B292085DACE603A37E83A4976CA\sketch\sketch_feb27a.ino.cpp.o